<?xml version="1.0" encoding="ISO-8859-1" ?>
<link_info>
   <banner>TI ARM Clang Linker PC v1.3.0.LTS</banner>
   <copyright>Copyright (c) 1996-2018 Texas Instruments Incorporated</copyright>
   <link_time>0x66f05bb8</link_time>
   <link_errors>0x0</link_errors>
   <output_file>uart2echo_CC3220S_LAUNCHXL_nortos_ticlang.out</output_file>
   <entry_point>
      <name>resetISR</name>
      <address>0x2000fcad</address>
   </entry_point>
   <input_file_list>
      <input_file id="fl-1">
         <path>.\</path>
         <kind>object</kind>
         <file>main_nortos.o</file>
         <name>main_nortos.o</name>
      </input_file>
      <input_file id="fl-2">
         <path>.\</path>
         <kind>object</kind>
         <file>uart2echo.o</file>
         <name>uart2echo.o</name>
      </input_file>
      <input_file id="fl-3">
         <path>.\syscfg\</path>
         <kind>object</kind>
         <file>ti_drivers_config.o</file>
         <name>ti_drivers_config.o</name>
      </input_file>
      <input_file id="fl-13">
         <kind>object</kind>
         <file>&lt;internal&gt;</file>
         <name>&lt;internal&gt;</name>
      </input_file>
      <input_file id="fl-14">
         <path>F:\ti\simplelink_cc32xx_sdk_7_10_00_13\source\ti\drivers\lib\ticlang\m4\</path>
         <kind>archive</kind>
         <file>drivers_cc32xx.a</file>
         <name>GPIOCC32XX.c.obj</name>
      </input_file>
      <input_file id="fl-15">
         <path>F:\ti\simplelink_cc32xx_sdk_7_10_00_13\source\ti\drivers\lib\ticlang\m4\</path>
         <kind>archive</kind>
         <file>drivers_cc32xx.a</file>
         <name>PowerCC32XX.c.obj</name>
      </input_file>
      <input_file id="fl-16">
         <path>F:\ti\simplelink_cc32xx_sdk_7_10_00_13\source\ti\drivers\lib\ticlang\m4\</path>
         <kind>archive</kind>
         <file>drivers_cc32xx.a</file>
         <name>PowerCC32XX_ticlang.asm.obj</name>
      </input_file>
      <input_file id="fl-17">
         <path>F:\ti\simplelink_cc32xx_sdk_7_10_00_13\source\ti\drivers\lib\ticlang\m4\</path>
         <kind>archive</kind>
         <file>drivers_cc32xx.a</file>
         <name>UART2.c.obj</name>
      </input_file>
      <input_file id="fl-18">
         <path>F:\ti\simplelink_cc32xx_sdk_7_10_00_13\source\ti\drivers\lib\ticlang\m4\</path>
         <kind>archive</kind>
         <file>drivers_cc32xx.a</file>
         <name>UART2CC32XX.c.obj</name>
      </input_file>
      <input_file id="fl-19">
         <path>F:\ti\simplelink_cc32xx_sdk_7_10_00_13\source\ti\drivers\lib\ticlang\m4\</path>
         <kind>archive</kind>
         <file>drivers_cc32xx.a</file>
         <name>List.c.obj</name>
      </input_file>
      <input_file id="fl-1a">
         <path>F:\ti\simplelink_cc32xx_sdk_7_10_00_13\source\ti\drivers\lib\ticlang\m4\</path>
         <kind>archive</kind>
         <file>drivers_cc32xx.a</file>
         <name>RingBuf.c.obj</name>
      </input_file>
      <input_file id="fl-1b">
         <path>F:\ti\simplelink_cc32xx_sdk_7_10_00_13\source\ti\drivers\lib\ticlang\m4\</path>
         <kind>archive</kind>
         <file>drivers_cc32xx.a</file>
         <name>UDMACC32XX.c.obj</name>
      </input_file>
      <input_file id="fl-1c">
         <path>F:\ti\simplelink_cc32xx_sdk_7_10_00_13\kernel\nortos\lib\ticlang\m4\</path>
         <kind>archive</kind>
         <file>nortos_cc32xx.a</file>
         <name>NoRTOS.c.obj</name>
      </input_file>
      <input_file id="fl-1d">
         <path>F:\ti\simplelink_cc32xx_sdk_7_10_00_13\kernel\nortos\lib\ticlang\m4\</path>
         <kind>archive</kind>
         <file>nortos_cc32xx.a</file>
         <name>SemaphoreP_nortos.c.obj</name>
      </input_file>
      <input_file id="fl-1e">
         <path>F:\ti\simplelink_cc32xx_sdk_7_10_00_13\kernel\nortos\lib\ticlang\m4\</path>
         <kind>archive</kind>
         <file>nortos_cc32xx.a</file>
         <name>ClockPSysTick_nortos.c.obj</name>
      </input_file>
      <input_file id="fl-1f">
         <path>F:\ti\simplelink_cc32xx_sdk_7_10_00_13\kernel\nortos\lib\ticlang\m4\</path>
         <kind>archive</kind>
         <file>nortos_cc32xx.a</file>
         <name>HwiPCC32XX_nortos.c.obj</name>
      </input_file>
      <input_file id="fl-20">
         <path>F:\ti\simplelink_cc32xx_sdk_7_10_00_13\kernel\nortos\lib\ticlang\m4\</path>
         <kind>archive</kind>
         <file>nortos_cc32xx.a</file>
         <name>PowerCC32XX_nortos.c.obj</name>
      </input_file>
      <input_file id="fl-21">
         <path>F:\ti\simplelink_cc32xx_sdk_7_10_00_13\kernel\nortos\lib\ticlang\m4\</path>
         <kind>archive</kind>
         <file>nortos_cc32xx.a</file>
         <name>startup_cc32xx_ticlang.c.obj</name>
      </input_file>
      <input_file id="fl-22">
         <path>F:\ti\simplelink_cc32xx_sdk_7_10_00_13\kernel\nortos\lib\ticlang\m4\</path>
         <kind>archive</kind>
         <file>nortos_cc32xx.a</file>
         <name>SwiP_nortos.c.obj</name>
      </input_file>
      <input_file id="fl-23">
         <path>F:\ti\simplelink_cc32xx_sdk_7_10_00_13\source\ti\devices\cc32xx\driverlib\ticlang\Release\</path>
         <kind>archive</kind>
         <file>driverlib.a</file>
         <name>cpu.obj</name>
      </input_file>
      <input_file id="fl-24">
         <path>F:\ti\simplelink_cc32xx_sdk_7_10_00_13\source\ti\devices\cc32xx\driverlib\ticlang\Release\</path>
         <kind>archive</kind>
         <file>driverlib.a</file>
         <name>gpio.obj</name>
      </input_file>
      <input_file id="fl-25">
         <path>F:\ti\simplelink_cc32xx_sdk_7_10_00_13\source\ti\devices\cc32xx\driverlib\ticlang\Release\</path>
         <kind>archive</kind>
         <file>driverlib.a</file>
         <name>hwspinlock.obj</name>
      </input_file>
      <input_file id="fl-26">
         <path>F:\ti\simplelink_cc32xx_sdk_7_10_00_13\source\ti\devices\cc32xx\driverlib\ticlang\Release\</path>
         <kind>archive</kind>
         <file>driverlib.a</file>
         <name>interrupt.obj</name>
      </input_file>
      <input_file id="fl-27">
         <path>F:\ti\simplelink_cc32xx_sdk_7_10_00_13\source\ti\devices\cc32xx\driverlib\ticlang\Release\</path>
         <kind>archive</kind>
         <file>driverlib.a</file>
         <name>pin.obj</name>
      </input_file>
      <input_file id="fl-28">
         <path>F:\ti\simplelink_cc32xx_sdk_7_10_00_13\source\ti\devices\cc32xx\driverlib\ticlang\Release\</path>
         <kind>archive</kind>
         <file>driverlib.a</file>
         <name>prcm.obj</name>
      </input_file>
      <input_file id="fl-29">
         <path>F:\ti\simplelink_cc32xx_sdk_7_10_00_13\source\ti\devices\cc32xx\driverlib\ticlang\Release\</path>
         <kind>archive</kind>
         <file>driverlib.a</file>
         <name>spi.obj</name>
      </input_file>
      <input_file id="fl-2a">
         <path>F:\ti\simplelink_cc32xx_sdk_7_10_00_13\source\ti\devices\cc32xx\driverlib\ticlang\Release\</path>
         <kind>archive</kind>
         <file>driverlib.a</file>
         <name>systick.obj</name>
      </input_file>
      <input_file id="fl-2b">
         <path>F:\ti\simplelink_cc32xx_sdk_7_10_00_13\source\ti\devices\cc32xx\driverlib\ticlang\Release\</path>
         <kind>archive</kind>
         <file>driverlib.a</file>
         <name>uart.obj</name>
      </input_file>
      <input_file id="fl-2c">
         <path>F:\ti\simplelink_cc32xx_sdk_7_10_00_13\source\ti\devices\cc32xx\driverlib\ticlang\Release\</path>
         <kind>archive</kind>
         <file>driverlib.a</file>
         <name>udma.obj</name>
      </input_file>
      <input_file id="fl-2d">
         <path>F:\ti\simplelink_cc32xx_sdk_7_10_00_13\source\ti\devices\cc32xx\driverlib\ticlang\Release\</path>
         <kind>archive</kind>
         <file>driverlib.a</file>
         <name>utils.obj</name>
      </input_file>
      <input_file id="fl-2e">
         <path>F:\ti\simplelink_cc32xx_sdk_7_10_00_13\source\ti\devices\cc32xx\driverlib\ticlang\Release\</path>
         <kind>archive</kind>
         <file>driverlib.a</file>
         <name>flash.obj</name>
      </input_file>
      <input_file id="fl-3a">
         <path>F:\ti\ccs10\ccs\tools\compiler\ti-cgt-armllvm_1.3.0.LTS\lib\armv7em-ti-none-eabi\c\</path>
         <kind>archive</kind>
         <file>libc.a</file>
         <name>memory.c.obj</name>
      </input_file>
      <input_file id="fl-3b">
         <path>F:\ti\ccs10\ccs\tools\compiler\ti-cgt-armllvm_1.3.0.LTS\lib\armv7em-ti-none-eabi\c\</path>
         <kind>archive</kind>
         <file>libc.a</file>
         <name>boot_cortex_m.c.obj</name>
      </input_file>
      <input_file id="fl-3c">
         <path>F:\ti\ccs10\ccs\tools\compiler\ti-cgt-armllvm_1.3.0.LTS\lib\armv7em-ti-none-eabi\c\</path>
         <kind>archive</kind>
         <file>libc.a</file>
         <name>mathacl_init.c.obj</name>
      </input_file>
      <input_file id="fl-3d">
         <path>F:\ti\ccs10\ccs\tools\compiler\ti-cgt-armllvm_1.3.0.LTS\lib\armv7em-ti-none-eabi\c\</path>
         <kind>archive</kind>
         <file>libc.a</file>
         <name>autoinit.c.obj</name>
      </input_file>
      <input_file id="fl-3e">
         <path>F:\ti\ccs10\ccs\tools\compiler\ti-cgt-armllvm_1.3.0.LTS\lib\armv7em-ti-none-eabi\c\</path>
         <kind>archive</kind>
         <file>libc.a</file>
         <name>pre_init.c.obj</name>
      </input_file>
      <input_file id="fl-3f">
         <path>F:\ti\ccs10\ccs\tools\compiler\ti-cgt-armllvm_1.3.0.LTS\lib\armv7em-ti-none-eabi\c\</path>
         <kind>archive</kind>
         <file>libc.a</file>
         <name>cpy_tbl.c.obj</name>
      </input_file>
      <input_file id="fl-40">
         <path>F:\ti\ccs10\ccs\tools\compiler\ti-cgt-armllvm_1.3.0.LTS\lib\armv7em-ti-none-eabi\c\</path>
         <kind>archive</kind>
         <file>libc.a</file>
         <name>copy_zero_init.c.obj</name>
      </input_file>
      <input_file id="fl-41">
         <path>F:\ti\ccs10\ccs\tools\compiler\ti-cgt-armllvm_1.3.0.LTS\lib\armv7em-ti-none-eabi\c\</path>
         <kind>archive</kind>
         <file>libc.a</file>
         <name>copy_decompress_none.c.obj</name>
      </input_file>
      <input_file id="fl-42">
         <path>F:\ti\ccs10\ccs\tools\compiler\ti-cgt-armllvm_1.3.0.LTS\lib\armv7em-ti-none-eabi\c\</path>
         <kind>archive</kind>
         <file>libc.a</file>
         <name>copy_decompress_lzss.c.obj</name>
      </input_file>
      <input_file id="fl-43">
         <path>F:\ti\ccs10\ccs\tools\compiler\ti-cgt-armllvm_1.3.0.LTS\lib\armv7em-ti-none-eabi\c\</path>
         <kind>archive</kind>
         <file>libc.a</file>
         <name>exit.c.obj</name>
      </input_file>
      <input_file id="fl-44">
         <path>F:\ti\ccs10\ccs\tools\compiler\ti-cgt-armllvm_1.3.0.LTS\lib\armv7em-ti-none-eabi\c\</path>
         <kind>archive</kind>
         <file>libc.a</file>
         <name>_lock.c.obj</name>
      </input_file>
      <input_file id="fl-45">
         <path>F:\ti\ccs10\ccs\tools\compiler\ti-cgt-armllvm_1.3.0.LTS\lib\armv7em-ti-none-eabi\c\</path>
         <kind>archive</kind>
         <file>libc.a</file>
         <name>args_main.c.obj</name>
      </input_file>
      <input_file id="fl-7e">
         <path>F:\ti\ccs10\ccs\tools\compiler\ti-cgt-armllvm_1.3.0.LTS\lib\clang\12.0.1\lib\armv7em-ti-none-eabi\</path>
         <kind>archive</kind>
         <file>libclang_rt.builtins.a</file>
         <name>aeabi_memcpy.S.obj</name>
      </input_file>
      <input_file id="fl-7f">
         <path>F:\ti\ccs10\ccs\tools\compiler\ti-cgt-armllvm_1.3.0.LTS\lib\clang\12.0.1\lib\armv7em-ti-none-eabi\</path>
         <kind>archive</kind>
         <file>libclang_rt.builtins.a</file>
         <name>aeabi_memset.S.obj</name>
      </input_file>
      <input_file id="fl-80">
         <path>F:\ti\ccs10\ccs\tools\compiler\ti-cgt-armllvm_1.3.0.LTS\lib\clang\12.0.1\lib\armv7em-ti-none-eabi\</path>
         <kind>archive</kind>
         <file>libclang_rt.builtins.a</file>
         <name>aeabi_uldivmod.S.obj</name>
      </input_file>
      <input_file id="fl-81">
         <path>F:\ti\ccs10\ccs\tools\compiler\ti-cgt-armllvm_1.3.0.LTS\lib\clang\12.0.1\lib\armv7em-ti-none-eabi\</path>
         <kind>archive</kind>
         <file>libclang_rt.builtins.a</file>
         <name>udivmoddi4.S.obj</name>
      </input_file>
      <input_file id="fl-82">
         <path>F:\ti\ccs10\ccs\tools\compiler\ti-cgt-armllvm_1.3.0.LTS\lib\clang\12.0.1\lib\armv7em-ti-none-eabi\</path>
         <kind>archive</kind>
         <file>libclang_rt.builtins.a</file>
         <name>aeabi_div0.c.obj</name>
      </input_file>
      <input_file id="fl-83">
         <path>F:\ti\ccs10\ccs\tools\compiler\ti-cgt-armllvm_1.3.0.LTS\lib\armv7em-ti-none-eabi\c\</path>
         <kind>archive</kind>
         <file>libc.a</file>
         <name>memcpy_t2.S.obj</name>
      </input_file>
      <input_file id="fl-84">
         <path>F:\ti\ccs10\ccs\tools\compiler\ti-cgt-armllvm_1.3.0.LTS\lib\armv7em-ti-none-eabi\c\</path>
         <kind>archive</kind>
         <file>libc.a</file>
         <name>memset_t2.S.obj</name>
      </input_file>
   </input_file_list>
   <object_component_list>
      <object_component id="oc-7b">
         <name>.text.PRCMCC3200MCUInit</name>
         <load_address>0x2000c040</load_address>
         <run_address>0x2000c040</run_address>
         <size>0x4b8</size>
         <input_file_ref idref="fl-28"/>
      </object_component>
      <object_component id="oc-1a0">
         <name>.text.Power_sleep</name>
         <load_address>0x2000c4f8</load_address>
         <run_address>0x2000c4f8</run_address>
         <size>0x3e4</size>
         <input_file_ref idref="fl-15"/>
      </object_component>
      <object_component id="oc-10c">
         <name>.text.UART2CC32XX_hwiIntFxn</name>
         <load_address>0x2000c8dc</load_address>
         <run_address>0x2000c8dc</run_address>
         <size>0x222</size>
         <input_file_ref idref="fl-18"/>
      </object_component>
      <object_component id="oc-18a">
         <name>.text.UART2_readTimeout</name>
         <load_address>0x2000cafe</load_address>
         <run_address>0x2000cafe</run_address>
         <size>0x1d2</size>
         <input_file_ref idref="fl-17"/>
      </object_component>
      <object_component id="oc-9d">
         <name>.text.UART2_open</name>
         <load_address>0x2000ccd0</load_address>
         <run_address>0x2000ccd0</run_address>
         <size>0x1cc</size>
         <input_file_ref idref="fl-18"/>
      </object_component>
      <object_component id="oc-189">
         <name>.text.UART2_writeTimeoutBlocking</name>
         <load_address>0x2000ce9c</load_address>
         <run_address>0x2000ce9c</run_address>
         <size>0x174</size>
         <input_file_ref idref="fl-17"/>
      </object_component>
      <object_component id="oc-125">
         <name>.text.PowerCC32XX_sleepPolicy</name>
         <load_address>0x2000d010</load_address>
         <run_address>0x2000d010</run_address>
         <size>0x150</size>
         <input_file_ref idref="fl-20"/>
      </object_component>
      <object_component id="oc-97">
         <name>.text.GPIO_setConfig</name>
         <load_address>0x2000d160</load_address>
         <run_address>0x2000d160</run_address>
         <size>0x140</size>
         <input_file_ref idref="fl-14"/>
      </object_component>
      <object_component id="oc-188">
         <name>.text.UART2_writeTimeoutNonblocking</name>
         <load_address>0x2000d2a0</load_address>
         <run_address>0x2000d2a0</run_address>
         <size>0x11a</size>
         <input_file_ref idref="fl-17"/>
      </object_component>
      <object_component id="oc-8b">
         <name>.text.Board_initHook</name>
         <load_address>0x2000d3ba</load_address>
         <run_address>0x2000d3ba</run_address>
         <size>0x2</size>
         <input_file_ref idref="fl-3"/>
      </object_component>
      <object_component id="oc-1af">
         <name>.text.aligned_alloc</name>
         <load_address>0x2000d3bc</load_address>
         <run_address>0x2000d3bc</run_address>
         <size>0x114</size>
         <input_file_ref idref="fl-3a"/>
      </object_component>
      <object_component id="oc-1ca">
         <name>.text.uDMAChannelTransferSet</name>
         <load_address>0x2000d4d0</load_address>
         <run_address>0x2000d4d0</run_address>
         <size>0x112</size>
         <input_file_ref idref="fl-2c"/>
      </object_component>
      <object_component id="oc-120">
         <name>.text.PowerCC32XX_initPolicy</name>
         <load_address>0x2000d5e2</load_address>
         <run_address>0x2000d5e2</run_address>
         <size>0x2</size>
         <input_file_ref idref="fl-20"/>
      </object_component>
      <object_component id="oc-12c">
         <name>.text.free</name>
         <load_address>0x2000d5e4</load_address>
         <run_address>0x2000d5e4</run_address>
         <size>0xf8</size>
         <input_file_ref idref="fl-3a"/>
      </object_component>
      <object_component id="oc-107">
         <name>.text.UART2_close</name>
         <load_address>0x2000d6dc</load_address>
         <run_address>0x2000d6dc</run_address>
         <size>0xe8</size>
         <input_file_ref idref="fl-18"/>
      </object_component>
      <object_component id="oc-184">
         <name>.text.UART2Support_dmaStartRx</name>
         <load_address>0x2000d7c4</load_address>
         <run_address>0x2000d7c4</run_address>
         <size>0xcc</size>
         <input_file_ref idref="fl-18"/>
      </object_component>
      <object_component id="oc-1bd">
         <name>.text.IntDisable</name>
         <load_address>0x2000d890</load_address>
         <run_address>0x2000d890</run_address>
         <size>0xc8</size>
         <input_file_ref idref="fl-26"/>
      </object_component>
      <object_component id="oc-16c">
         <name>.text.IntEnable</name>
         <load_address>0x2000d958</load_address>
         <run_address>0x2000d958</run_address>
         <size>0xc8</size>
         <input_file_ref idref="fl-26"/>
      </object_component>
      <object_component id="oc-103">
         <name>.text.UART2CC32XX_initHw</name>
         <load_address>0x2000da20</load_address>
         <run_address>0x2000da20</run_address>
         <size>0xc4</size>
         <input_file_ref idref="fl-18"/>
      </object_component>
      <object_component id="oc-187">
         <name>.text.UART2Support_dmaStartTx</name>
         <load_address>0x2000dae4</load_address>
         <run_address>0x2000dae4</run_address>
         <size>0xb8</size>
         <input_file_ref idref="fl-18"/>
      </object_component>
      <object_component id="oc-1db">
         <name>.text</name>
         <load_address>0x2000db9c</load_address>
         <run_address>0x2000db9c</run_address>
         <size>0xb0</size>
         <input_file_ref idref="fl-81"/>
      </object_component>
      <object_component id="oc-144">
         <name>.text.GPIOIntTypeSet</name>
         <load_address>0x2000dc4c</load_address>
         <run_address>0x2000dc4c</run_address>
         <size>0xac</size>
         <input_file_ref idref="fl-24"/>
      </object_component>
      <object_component id="oc-209">
         <name>.text.IntPendSet</name>
         <load_address>0x2000dcf8</load_address>
         <run_address>0x2000dcf8</run_address>
         <size>0xa4</size>
         <input_file_ref idref="fl-26"/>
      </object_component>
      <object_component id="oc-df">
         <name>.text.PinConfigSet</name>
         <load_address>0x2000dd9c</load_address>
         <run_address>0x2000dd9c</run_address>
         <size>0xa2</size>
         <input_file_ref idref="fl-27"/>
      </object_component>
      <object_component id="oc-176">
         <name>.text.SemaphoreP_destruct</name>
         <load_address>0x2000de3e</load_address>
         <run_address>0x2000de3e</run_address>
         <size>0x2</size>
         <input_file_ref idref="fl-1d"/>
      </object_component>
      <object_component id="oc-d1">
         <name>.text.SemaphoreP_pend</name>
         <load_address>0x2000de40</load_address>
         <run_address>0x2000de40</run_address>
         <size>0x98</size>
         <input_file_ref idref="fl-1d"/>
      </object_component>
      <object_component id="oc-ce">
         <name>.text.HwiP_disable</name>
         <load_address>0x2000ded8</load_address>
         <run_address>0x2000ded8</run_address>
         <size>0x8</size>
         <input_file_ref idref="fl-1f"/>
      </object_component>
      <object_component id="oc-1e3">
         <name>.text</name>
         <load_address>0x2000dee0</load_address>
         <run_address>0x2000dee0</run_address>
         <size>0x96</size>
         <input_file_ref idref="fl-16"/>
      </object_component>
      <object_component id="oc-165">
         <name>.text.uDMAChannelAttributeDisable</name>
         <load_address>0x2000df76</load_address>
         <run_address>0x2000df76</run_address>
         <size>0x92</size>
         <input_file_ref idref="fl-2c"/>
      </object_component>
      <object_component id="oc-85">
         <name>.text.GPIO_init</name>
         <load_address>0x2000e008</load_address>
         <run_address>0x2000e008</run_address>
         <size>0x90</size>
         <input_file_ref idref="fl-14"/>
      </object_component>
      <object_component id="oc-69">
         <name>.text.mainThread</name>
         <load_address>0x2000e098</load_address>
         <run_address>0x2000e098</run_address>
         <size>0x90</size>
         <input_file_ref idref="fl-2"/>
      </object_component>
      <object_component id="oc-b0">
         <name>.text.PRCMSysResetCauseGet</name>
         <load_address>0x2000e128</load_address>
         <run_address>0x2000e128</run_address>
         <size>0x8e</size>
         <input_file_ref idref="fl-28"/>
      </object_component>
      <object_component id="oc-10a">
         <name>.text.UART2CC32XX_eventCallback</name>
         <load_address>0x2000e1b6</load_address>
         <run_address>0x2000e1b6</run_address>
         <size>0x2</size>
         <input_file_ref idref="fl-18"/>
      </object_component>
      <object_component id="oc-c2">
         <name>.text.PowerCC32XX_configureWakeup</name>
         <load_address>0x2000e1b8</load_address>
         <run_address>0x2000e1b8</run_address>
         <size>0x88</size>
         <input_file_ref idref="fl-15"/>
      </object_component>
      <object_component id="oc-a7">
         <name>.text.ledTick</name>
         <load_address>0x2000e240</load_address>
         <run_address>0x2000e240</run_address>
         <size>0x88</size>
         <input_file_ref idref="fl-2"/>
      </object_component>
      <object_component id="oc-80">
         <name>.text.Power_init</name>
         <load_address>0x2000e2c8</load_address>
         <run_address>0x2000e2c8</run_address>
         <size>0x78</size>
         <input_file_ref idref="fl-15"/>
      </object_component>
      <object_component id="oc-105">
         <name>.text.HwiP_construct</name>
         <load_address>0x2000e340</load_address>
         <run_address>0x2000e340</run_address>
         <size>0x74</size>
         <input_file_ref idref="fl-1f"/>
      </object_component>
      <object_component id="oc-11d">
         <name>.text.PRCMHibernateWakeUpGPIOSelect</name>
         <load_address>0x2000e3b4</load_address>
         <run_address>0x2000e3b4</run_address>
         <size>0x74</size>
         <input_file_ref idref="fl-28"/>
      </object_component>
      <object_component id="oc-15a">
         <name>.text.UARTConfigSetExpClk</name>
         <load_address>0x2000e428</load_address>
         <run_address>0x2000e428</run_address>
         <size>0x74</size>
         <input_file_ref idref="fl-2b"/>
      </object_component>
      <object_component id="oc-1e1">
         <name>.text.PinLockLevelSet</name>
         <load_address>0x2000e49c</load_address>
         <run_address>0x2000e49c</run_address>
         <size>0x6c</size>
         <input_file_ref idref="fl-27"/>
      </object_component>
      <object_component id="oc-e0">
         <name>.text.Power_setDependency</name>
         <load_address>0x2000e508</load_address>
         <run_address>0x2000e508</run_address>
         <size>0x6c</size>
         <input_file_ref idref="fl-15"/>
      </object_component>
      <object_component id="oc-101">
         <name>.text.UDMACC32XX_open</name>
         <load_address>0x2000e574</load_address>
         <run_address>0x2000e574</run_address>
         <size>0x6c</size>
         <input_file_ref idref="fl-1b"/>
      </object_component>
      <object_component id="oc-d8">
         <name>.text.powerNotifyFxn</name>
         <load_address>0x2000e5e0</load_address>
         <run_address>0x2000e5e0</run_address>
         <size>0x6c</size>
         <input_file_ref idref="fl-14"/>
      </object_component>
      <object_component id="oc-1f1">
         <name>.text.split</name>
         <load_address>0x2000e64c</load_address>
         <run_address>0x2000e64c</run_address>
         <size>0x6c</size>
         <input_file_ref idref="fl-3a"/>
      </object_component>
      <object_component id="oc-b8">
         <name>.text.PRCMPeripheralReset</name>
         <load_address>0x2000e6b8</load_address>
         <run_address>0x2000e6b8</run_address>
         <size>0x6a</size>
         <input_file_ref idref="fl-28"/>
      </object_component>
      <object_component id="oc-16">
         <name>.text:decompress:lzss</name>
         <load_address>0x2000e722</load_address>
         <run_address>0x2000e722</run_address>
         <size>0x6a</size>
         <input_file_ref idref="fl-42"/>
      </object_component>
      <object_component id="oc-169">
         <name>.text.IntPendClear</name>
         <load_address>0x2000e78c</load_address>
         <run_address>0x2000e78c</run_address>
         <size>0x68</size>
         <input_file_ref idref="fl-26"/>
      </object_component>
      <object_component id="oc-a9">
         <name>.text.GPIO_write</name>
         <load_address>0x2000e7f4</load_address>
         <run_address>0x2000e7f4</run_address>
         <size>0x60</size>
         <input_file_ref idref="fl-14"/>
      </object_component>
      <object_component id="oc-186">
         <name>.text.UART2Support_dmaStopTx</name>
         <load_address>0x2000e854</load_address>
         <run_address>0x2000e854</run_address>
         <size>0x60</size>
         <input_file_ref idref="fl-18"/>
      </object_component>
      <object_component id="oc-204">
         <name>.text.FlashDisable</name>
         <load_address>0x2000e8b4</load_address>
         <run_address>0x2000e8b4</run_address>
         <size>0x5c</size>
         <input_file_ref idref="fl-2e"/>
      </object_component>
      <object_component id="oc-11f">
         <name>.text.PRCMHibernateWakeupSourceDisable</name>
         <load_address>0x2000e910</load_address>
         <run_address>0x2000e910</run_address>
         <size>0x5c</size>
         <input_file_ref idref="fl-28"/>
      </object_component>
      <object_component id="oc-b7">
         <name>.text.PRCMPeripheralClkEnable</name>
         <load_address>0x2000e96c</load_address>
         <run_address>0x2000e96c</run_address>
         <size>0x5a</size>
         <input_file_ref idref="fl-28"/>
      </object_component>
      <object_component id="oc-1fe">
         <name>.text.__aeabi_ldiv0</name>
         <load_address>0x2000e9c6</load_address>
         <run_address>0x2000e9c6</run_address>
         <size>0x2</size>
         <input_file_ref idref="fl-82"/>
      </object_component>
      <object_component id="oc-1ba">
         <name>.text.ClockP_startup</name>
         <load_address>0x2000e9c8</load_address>
         <run_address>0x2000e9c8</run_address>
         <size>0x58</size>
         <input_file_ref idref="fl-1e"/>
      </object_component>
      <object_component id="oc-16b">
         <name>.text.IntPrioritySet</name>
         <load_address>0x2000ea20</load_address>
         <run_address>0x2000ea20</run_address>
         <size>0x58</size>
         <input_file_ref idref="fl-26"/>
      </object_component>
      <object_component id="oc-1ed">
         <name>.text.PRCMLPDSEnter</name>
         <load_address>0x2000ea78</load_address>
         <run_address>0x2000ea78</run_address>
         <size>0x56</size>
         <input_file_ref idref="fl-28"/>
      </object_component>
      <object_component id="oc-113">
         <name>.text._nop</name>
         <load_address>0x2000eace</load_address>
         <run_address>0x2000eace</run_address>
         <size>0x2</size>
         <input_file_ref idref="fl-44"/>
      </object_component>
      <object_component id="oc-13e">
         <name>.text.PowerCC32XX_setParkState</name>
         <load_address>0x2000ead0</load_address>
         <run_address>0x2000ead0</run_address>
         <size>0x54</size>
         <input_file_ref idref="fl-15"/>
      </object_component>
      <object_component id="oc-179">
         <name>.text.Power_releaseDependency</name>
         <load_address>0x2000eb24</load_address>
         <run_address>0x2000eb24</run_address>
         <size>0x54</size>
         <input_file_ref idref="fl-15"/>
      </object_component>
      <object_component id="oc-ee">
         <name>.text.GPIO_hwiIntFxn</name>
         <load_address>0x2000eb78</load_address>
         <run_address>0x2000eb78</run_address>
         <size>0x50</size>
         <input_file_ref idref="fl-14"/>
      </object_component>
      <object_component id="oc-11e">
         <name>.text.PRCMHibernateWakeupSourceEnable</name>
         <load_address>0x2000ebc8</load_address>
         <run_address>0x2000ebc8</run_address>
         <size>0x50</size>
         <input_file_ref idref="fl-28"/>
      </object_component>
      <object_component id="oc-170">
         <name>.text.SemaphoreP_construct</name>
         <load_address>0x2000ec18</load_address>
         <run_address>0x2000ec18</run_address>
         <size>0x50</size>
         <input_file_ref idref="fl-1d"/>
      </object_component>
      <object_component id="oc-164">
         <name>.text.uDMAChannelAssign</name>
         <load_address>0x2000ec68</load_address>
         <run_address>0x2000ec68</run_address>
         <size>0x4e</size>
         <input_file_ref idref="fl-2c"/>
      </object_component>
      <object_component id="oc-32">
         <name>.text.busFaultHandler</name>
         <load_address>0x2000ecb6</load_address>
         <run_address>0x2000ecb6</run_address>
         <size>0x2</size>
         <input_file_ref idref="fl-21"/>
      </object_component>
      <object_component id="oc-e9">
         <name>.text.GPIO_setInterruptConfig</name>
         <load_address>0x2000ecb8</load_address>
         <run_address>0x2000ecb8</run_address>
         <size>0x4c</size>
         <input_file_ref idref="fl-14"/>
      </object_component>
      <object_component id="oc-202">
         <name>.text.PRCMLPDSRestoreInfoSet</name>
         <load_address>0x2000ed04</load_address>
         <run_address>0x2000ed04</run_address>
         <size>0x4c</size>
         <input_file_ref idref="fl-28"/>
      </object_component>
      <object_component id="oc-182">
         <name>.text.UART2Support_dmaStopRx</name>
         <load_address>0x2000ed50</load_address>
         <run_address>0x2000ed50</run_address>
         <size>0x4a</size>
         <input_file_ref idref="fl-18"/>
      </object_component>
      <object_component id="oc-1c4">
         <name>.text.uDMAChannelSizeGet</name>
         <load_address>0x2000ed9a</load_address>
         <run_address>0x2000ed9a</run_address>
         <size>0x4a</size>
         <input_file_ref idref="fl-2c"/>
      </object_component>
      <object_component id="oc-33">
         <name>.text.ClockP_sysTickHandler</name>
         <load_address>0x2000ede4</load_address>
         <run_address>0x2000ede4</run_address>
         <size>0x48</size>
         <input_file_ref idref="fl-1e"/>
      </object_component>
      <object_component id="oc-1e7">
         <name>.text.PRCMIntEnable</name>
         <load_address>0x2000ee2c</load_address>
         <run_address>0x2000ee2c</run_address>
         <size>0x48</size>
         <input_file_ref idref="fl-28"/>
      </object_component>
      <object_component id="oc-140">
         <name>.text.PRCMPeripheralStatusGet</name>
         <load_address>0x2000ee74</load_address>
         <run_address>0x2000ee74</run_address>
         <size>0x48</size>
         <input_file_ref idref="fl-28"/>
      </object_component>
      <object_component id="oc-1ff">
         <name>.text.PinConfigGet</name>
         <load_address>0x2000eebc</load_address>
         <run_address>0x2000eebc</run_address>
         <size>0x48</size>
         <input_file_ref idref="fl-27"/>
      </object_component>
      <object_component id="oc-18b">
         <name>.text.UART2_readFull</name>
         <load_address>0x2000ef04</load_address>
         <run_address>0x2000ef04</run_address>
         <size>0x48</size>
         <input_file_ref idref="fl-17"/>
      </object_component>
      <object_component id="oc-1ec">
         <name>.text.PRCMLPDSEnterKeepDebugIf</name>
         <load_address>0x2000ef4c</load_address>
         <run_address>0x2000ef4c</run_address>
         <size>0x46</size>
         <input_file_ref idref="fl-28"/>
      </object_component>
      <object_component id="oc-1c2">
         <name>.text.RingBuf_put</name>
         <load_address>0x2000ef92</load_address>
         <run_address>0x2000ef92</run_address>
         <size>0x46</size>
         <input_file_ref idref="fl-1a"/>
      </object_component>
      <object_component id="oc-e3">
         <name>.text.GPIODirModeSet</name>
         <load_address>0x2000efd8</load_address>
         <run_address>0x2000efd8</run_address>
         <size>0x44</size>
         <input_file_ref idref="fl-24"/>
      </object_component>
      <object_component id="oc-145">
         <name>.text.GPIO_disableInt</name>
         <load_address>0x2000f01c</load_address>
         <run_address>0x2000f01c</run_address>
         <size>0x44</size>
         <input_file_ref idref="fl-14"/>
      </object_component>
      <object_component id="oc-ea">
         <name>.text.GPIO_enableInt</name>
         <load_address>0x2000f060</load_address>
         <run_address>0x2000f060</run_address>
         <size>0x44</size>
         <input_file_ref idref="fl-14"/>
      </object_component>
      <object_component id="oc-185">
         <name>.text.Power_releaseConstraint</name>
         <load_address>0x2000f0a4</load_address>
         <run_address>0x2000f0a4</run_address>
         <size>0x44</size>
         <input_file_ref idref="fl-15"/>
      </object_component>
      <object_component id="oc-4b">
         <name>.text.addToList</name>
         <load_address>0x2000f0e8</load_address>
         <run_address>0x2000f0e8</run_address>
         <size>0x44</size>
         <input_file_ref idref="fl-1e"/>
      </object_component>
      <object_component id="oc-bf">
         <name>.text.PinModeSet</name>
         <load_address>0x2000f12c</load_address>
         <run_address>0x2000f12c</run_address>
         <size>0x42</size>
         <input_file_ref idref="fl-27"/>
      </object_component>
      <object_component id="oc-198">
         <name>.text.getCountsRTC</name>
         <load_address>0x2000f16e</load_address>
         <run_address>0x2000f16e</run_address>
         <size>0x42</size>
         <input_file_ref idref="fl-20"/>
      </object_component>
      <object_component id="oc-d3">
         <name>.text.SemaphoreP_post</name>
         <load_address>0x2000f1b0</load_address>
         <run_address>0x2000f1b0</run_address>
         <size>0x40</size>
         <input_file_ref idref="fl-1d"/>
      </object_component>
      <object_component id="oc-1c9">
         <name>.text.uDMAChannelControlSet</name>
         <load_address>0x2000f1f0</load_address>
         <run_address>0x2000f1f0</run_address>
         <size>0x40</size>
         <input_file_ref idref="fl-2c"/>
      </object_component>
      <object_component id="oc-201">
         <name>.text.PinDirModeSet</name>
         <load_address>0x2000f230</load_address>
         <run_address>0x2000f230</run_address>
         <size>0x3e</size>
         <input_file_ref idref="fl-27"/>
      </object_component>
      <object_component id="oc-132">
         <name>.text.clkFxn</name>
         <load_address>0x2000f26e</load_address>
         <run_address>0x2000f26e</run_address>
         <size>0x2</size>
         <input_file_ref idref="fl-1d"/>
      </object_component>
      <object_component id="oc-1ac">
         <name>.text.ClockP_stop</name>
         <load_address>0x2000f270</load_address>
         <run_address>0x2000f270</run_address>
         <size>0x3c</size>
         <input_file_ref idref="fl-1e"/>
      </object_component>
      <object_component id="oc-fc">
         <name>.text.UDMACC32XX_init</name>
         <load_address>0x2000f2ac</load_address>
         <run_address>0x2000f2ac</run_address>
         <size>0x3c</size>
         <input_file_ref idref="fl-1b"/>
      </object_component>
      <object_component id="oc-73">
         <name>.text:__TI_auto_init_nobinit_nopinit</name>
         <load_address>0x2000f2e8</load_address>
         <run_address>0x2000f2e8</run_address>
         <size>0x3c</size>
         <input_file_ref idref="fl-3d"/>
      </object_component>
      <object_component id="oc-131">
         <name>.text.ClockP_destruct</name>
         <load_address>0x2000f324</load_address>
         <run_address>0x2000f324</run_address>
         <size>0x38</size>
         <input_file_ref idref="fl-1e"/>
      </object_component>
      <object_component id="oc-1cf">
         <name>.text.Power_setConstraint</name>
         <load_address>0x2000f35c</load_address>
         <run_address>0x2000f35c</run_address>
         <size>0x38</size>
         <input_file_ref idref="fl-15"/>
      </object_component>
      <object_component id="oc-1c6">
         <name>.text.RingBuf_putAdvance</name>
         <load_address>0x2000f394</load_address>
         <run_address>0x2000f394</run_address>
         <size>0x38</size>
         <input_file_ref idref="fl-1a"/>
      </object_component>
      <object_component id="oc-1a6">
         <name>.text.SwiP_restore</name>
         <load_address>0x2000f3cc</load_address>
         <run_address>0x2000f3cc</run_address>
         <size>0x38</size>
         <input_file_ref idref="fl-22"/>
      </object_component>
      <object_component id="oc-1d6">
         <name>.text.UART2_rxEnable</name>
         <load_address>0x2000f404</load_address>
         <run_address>0x2000f404</run_address>
         <size>0x38</size>
         <input_file_ref idref="fl-17"/>
      </object_component>
      <object_component id="oc-177">
         <name>.text.UDMACC32XX_close</name>
         <load_address>0x2000f43c</load_address>
         <run_address>0x2000f43c</run_address>
         <size>0x38</size>
         <input_file_ref idref="fl-1b"/>
      </object_component>
      <object_component id="oc-1e2">
         <name>.text.PinLock</name>
         <load_address>0x2000f474</load_address>
         <run_address>0x2000f474</run_address>
         <size>0x36</size>
         <input_file_ref idref="fl-27"/>
      </object_component>
      <object_component id="oc-1f9">
         <name>.text.UARTCharPutNonBlocking</name>
         <load_address>0x2000f4aa</load_address>
         <run_address>0x2000f4aa</run_address>
         <size>0x36</size>
         <input_file_ref idref="fl-2b"/>
      </object_component>
      <object_component id="oc-12e">
         <name>.text.ClockP_start</name>
         <load_address>0x2000f4e0</load_address>
         <run_address>0x2000f4e0</run_address>
         <size>0x34</size>
         <input_file_ref idref="fl-1e"/>
      </object_component>
      <object_component id="oc-200">
         <name>.text.PinDirModeGet</name>
         <load_address>0x2000f514</load_address>
         <run_address>0x2000f514</run_address>
         <size>0x34</size>
         <input_file_ref idref="fl-27"/>
      </object_component>
      <object_component id="oc-ba">
         <name>.text.PinModeGet</name>
         <load_address>0x2000f548</load_address>
         <run_address>0x2000f548</run_address>
         <size>0x34</size>
         <input_file_ref idref="fl-27"/>
      </object_component>
      <object_component id="oc-1e0">
         <name>.text.PowerCC32XX_parkPin</name>
         <load_address>0x2000f57c</load_address>
         <run_address>0x2000f57c</run_address>
         <size>0x34</size>
         <input_file_ref idref="fl-15"/>
      </object_component>
      <object_component id="oc-173">
         <name>.text.UART2_rxDisable</name>
         <load_address>0x2000f5b0</load_address>
         <run_address>0x2000f5b0</run_address>
         <size>0x34</size>
         <input_file_ref idref="fl-17"/>
      </object_component>
      <object_component id="oc-2a">
         <name>.text.initVectors</name>
         <load_address>0x2000f5e4</load_address>
         <run_address>0x2000f5e4</run_address>
         <size>0x34</size>
         <input_file_ref idref="fl-21"/>
      </object_component>
      <object_component id="oc-1fb">
         <name>.text.UART2Support_enableInts</name>
         <load_address>0x2000f618</load_address>
         <run_address>0x2000f618</run_address>
         <size>0x32</size>
         <input_file_ref idref="fl-18"/>
      </object_component>
      <object_component id="oc-31">
         <name>.text.defaultHandler</name>
         <load_address>0x2000f64a</load_address>
         <run_address>0x2000f64a</run_address>
         <size>0x2</size>
         <input_file_ref idref="fl-21"/>
      </object_component>
      <object_component id="oc-195">
         <name>.text.ClockP_getTicksUntilInterrupt</name>
         <load_address>0x2000f64c</load_address>
         <run_address>0x2000f64c</run_address>
         <size>0x30</size>
         <input_file_ref idref="fl-1e"/>
      </object_component>
      <object_component id="oc-19f">
         <name>.text.PRCMLPDSIntervalSet</name>
         <load_address>0x2000f67c</load_address>
         <run_address>0x2000f67c</run_address>
         <size>0x30</size>
         <input_file_ref idref="fl-28"/>
      </object_component>
      <object_component id="oc-1da">
         <name>.text.PRCMSlowClkCtrFastGet</name>
         <load_address>0x2000f6ac</load_address>
         <run_address>0x2000f6ac</run_address>
         <size>0x30</size>
         <input_file_ref idref="fl-28"/>
      </object_component>
      <object_component id="oc-1de">
         <name>.text.notify</name>
         <load_address>0x2000f6dc</load_address>
         <run_address>0x2000f6dc</run_address>
         <size>0x30</size>
         <input_file_ref idref="fl-15"/>
      </object_component>
      <object_component id="oc-148">
         <name>.text.GPIOIntStatus</name>
         <load_address>0x2000f70c</load_address>
         <run_address>0x2000f70c</run_address>
         <size>0x2e</size>
         <input_file_ref idref="fl-24"/>
      </object_component>
      <object_component id="oc-1cd">
         <name>.text.RingBuf_getConsume</name>
         <load_address>0x2000f73a</load_address>
         <run_address>0x2000f73a</run_address>
         <size>0x2e</size>
         <input_file_ref idref="fl-1a"/>
      </object_component>
      <object_component id="oc-1c8">
         <name>.text.RingBuf_putPointer</name>
         <load_address>0x2000f768</load_address>
         <run_address>0x2000f768</run_address>
         <size>0x2e</size>
         <input_file_ref idref="fl-1a"/>
      </object_component>
      <object_component id="oc-174">
         <name>.text.UARTDisable</name>
         <load_address>0x2000f796</load_address>
         <run_address>0x2000f796</run_address>
         <size>0x2e</size>
         <input_file_ref idref="fl-2b"/>
      </object_component>
      <object_component id="oc-17f">
         <name>.text.UART2CC32XX_getRxData</name>
         <load_address>0x2000f7c4</load_address>
         <run_address>0x2000f7c4</run_address>
         <size>0x2c</size>
         <input_file_ref idref="fl-18"/>
      </object_component>
      <object_component id="oc-e2">
         <name>.text.HwiP_create</name>
         <load_address>0x2000f7f0</load_address>
         <run_address>0x2000f7f0</run_address>
         <size>0x2a</size>
         <input_file_ref idref="fl-1f"/>
      </object_component>
      <object_component id="oc-11c">
         <name>.text.PRCMLPDSWakeUpGPIOSelect</name>
         <load_address>0x2000f81a</load_address>
         <run_address>0x2000f81a</run_address>
         <size>0x2a</size>
         <input_file_ref idref="fl-28"/>
      </object_component>
      <object_component id="oc-b9">
         <name>.text.PRCMPeripheralClkDisable</name>
         <load_address>0x2000f844</load_address>
         <run_address>0x2000f844</run_address>
         <size>0x2a</size>
         <input_file_ref idref="fl-28"/>
      </object_component>
      <object_component id="oc-17e">
         <name>.text.UARTIntStatus</name>
         <load_address>0x2000f86e</load_address>
         <run_address>0x2000f86e</run_address>
         <size>0x2a</size>
         <input_file_ref idref="fl-2b"/>
      </object_component>
      <object_component id="oc-1bf">
         <name>.text.List_remove</name>
         <load_address>0x2000f898</load_address>
         <run_address>0x2000f898</run_address>
         <size>0x28</size>
         <input_file_ref idref="fl-19"/>
      </object_component>
      <object_component id="oc-1df">
         <name>.text.PRCMSRAMRetentionEnable</name>
         <load_address>0x2000f8c0</load_address>
         <run_address>0x2000f8c0</run_address>
         <size>0x28</size>
         <input_file_ref idref="fl-28"/>
      </object_component>
      <object_component id="oc-fa">
         <name>.text.PowerCC32XX_getParkState</name>
         <load_address>0x2000f8e8</load_address>
         <run_address>0x2000f8e8</run_address>
         <size>0x28</size>
         <input_file_ref idref="fl-15"/>
      </object_component>
      <object_component id="oc-1ab">
         <name>.text.free_list_insert</name>
         <load_address>0x2000f910</load_address>
         <run_address>0x2000f910</run_address>
         <size>0x28</size>
         <input_file_ref idref="fl-3a"/>
      </object_component>
      <object_component id="oc-1be">
         <name>.text.IntUnregister</name>
         <load_address>0x2000f938</load_address>
         <run_address>0x2000f938</run_address>
         <size>0x24</size>
         <input_file_ref idref="fl-26"/>
      </object_component>
      <object_component id="oc-133">
         <name>.text.List_put</name>
         <load_address>0x2000f95c</load_address>
         <run_address>0x2000f95c</run_address>
         <size>0x24</size>
         <input_file_ref idref="fl-19"/>
      </object_component>
      <object_component id="oc-11a">
         <name>.text.PRCMLPDSWakeupSourceEnable</name>
         <load_address>0x2000f980</load_address>
         <run_address>0x2000f980</run_address>
         <size>0x24</size>
         <input_file_ref idref="fl-28"/>
      </object_component>
      <object_component id="oc-17a">
         <name>.text.PowerCC32XX_restoreParkState</name>
         <load_address>0x2000f9a4</load_address>
         <run_address>0x2000f9a4</run_address>
         <size>0x24</size>
         <input_file_ref idref="fl-15"/>
      </object_component>
      <object_component id="oc-1e9">
         <name>.text.PowerCC32XX_restoreParkedPin</name>
         <load_address>0x2000f9c8</load_address>
         <run_address>0x2000f9c8</run_address>
         <size>0x24</size>
         <input_file_ref idref="fl-15"/>
      </object_component>
      <object_component id="oc-d2">
         <name>.text.Power_registerNotify</name>
         <load_address>0x2000f9ec</load_address>
         <run_address>0x2000f9ec</run_address>
         <size>0x24</size>
         <input_file_ref idref="fl-15"/>
      </object_component>
      <object_component id="oc-1bb">
         <name>.text.UART2Support_disableRx</name>
         <load_address>0x2000fa10</load_address>
         <run_address>0x2000fa10</run_address>
         <size>0x24</size>
         <input_file_ref idref="fl-18"/>
      </object_component>
      <object_component id="oc-44">
         <name>.text:_c_int00_noargs</name>
         <load_address>0x2000fa34</load_address>
         <run_address>0x2000fa34</run_address>
         <size>0x24</size>
         <input_file_ref idref="fl-3b"/>
      </object_component>
      <object_component id="oc-e8">
         <name>.text.GPIOPinWrite</name>
         <load_address>0x2000fa58</load_address>
         <run_address>0x2000fa58</run_address>
         <size>0x22</size>
         <input_file_ref idref="fl-24"/>
      </object_component>
      <object_component id="oc-1e8">
         <name>.text.PinUnlock</name>
         <load_address>0x2000fa7a</load_address>
         <run_address>0x2000fa7a</run_address>
         <size>0x22</size>
         <input_file_ref idref="fl-27"/>
      </object_component>
      <object_component id="oc-1ce">
         <name>.text.RingBuf_getPointer</name>
         <load_address>0x2000fa9c</load_address>
         <run_address>0x2000fa9c</run_address>
         <size>0x22</size>
         <input_file_ref idref="fl-1a"/>
      </object_component>
      <object_component id="oc-1d2">
         <name>.text.UART2Support_sendData</name>
         <load_address>0x2000fabe</load_address>
         <run_address>0x2000fabe</run_address>
         <size>0x22</size>
         <input_file_ref idref="fl-18"/>
      </object_component>
      <object_component id="oc-110">
         <name>.text.UART2_read</name>
         <load_address>0x2000fae0</load_address>
         <run_address>0x2000fae0</run_address>
         <size>0x22</size>
         <input_file_ref idref="fl-17"/>
      </object_component>
      <object_component id="oc-16a">
         <name>.text.IntRegister</name>
         <load_address>0x2000fb02</load_address>
         <run_address>0x2000fb02</run_address>
         <size>0x20</size>
         <input_file_ref idref="fl-26"/>
      </object_component>
      <object_component id="oc-30">
         <name>.text.faultISR</name>
         <load_address>0x2000fb22</load_address>
         <run_address>0x2000fb22</run_address>
         <size>0x2</size>
         <input_file_ref idref="fl-21"/>
      </object_component>
      <object_component id="oc-f2">
         <name>.text.PowerCC32XX_reset</name>
         <load_address>0x2000fb24</load_address>
         <run_address>0x2000fb24</run_address>
         <size>0x20</size>
         <input_file_ref idref="fl-15"/>
      </object_component>
      <object_component id="oc-178">
         <name>.text.Power_unregisterNotify</name>
         <load_address>0x2000fb44</load_address>
         <run_address>0x2000fb44</run_address>
         <size>0x20</size>
         <input_file_ref idref="fl-15"/>
      </object_component>
      <object_component id="oc-106">
         <name>.text.SemaphoreP_constructBinary</name>
         <load_address>0x2000fb64</load_address>
         <run_address>0x2000fb64</run_address>
         <size>0x20</size>
         <input_file_ref idref="fl-1d"/>
      </object_component>
      <object_component id="oc-c8">
         <name>.text.SemaphoreP_createBinary</name>
         <load_address>0x2000fb84</load_address>
         <run_address>0x2000fb84</run_address>
         <size>0x20</size>
         <input_file_ref idref="fl-1d"/>
      </object_component>
      <object_component id="oc-14c">
         <name>.text.PinTypeUART</name>
         <load_address>0x2000fba4</load_address>
         <run_address>0x2000fba4</run_address>
         <size>0x1e</size>
         <input_file_ref idref="fl-27"/>
      </object_component>
      <object_component id="oc-10f">
         <name>.text.UART2_writeTimeout</name>
         <load_address>0x2000fbc2</load_address>
         <run_address>0x2000fbc2</run_address>
         <size>0x1e</size>
         <input_file_ref idref="fl-17"/>
      </object_component>
      <object_component id="oc-160">
         <name>.text.UARTEnable</name>
         <load_address>0x2000fbe0</load_address>
         <run_address>0x2000fbe0</run_address>
         <size>0x1e</size>
         <input_file_ref idref="fl-2b"/>
      </object_component>
      <object_component id="oc-1c3">
         <name>.text.uDMAChannelDisable</name>
         <load_address>0x2000fbfe</load_address>
         <run_address>0x2000fbfe</run_address>
         <size>0x1e</size>
         <input_file_ref idref="fl-2c"/>
      </object_component>
      <object_component id="oc-1cb">
         <name>.text.uDMAChannelEnable</name>
         <load_address>0x2000fc1c</load_address>
         <run_address>0x2000fc1c</run_address>
         <size>0x1e</size>
         <input_file_ref idref="fl-2c"/>
      </object_component>
      <object_component id="oc-181">
         <name>.text.uDMAChannelIsEnabled</name>
         <load_address>0x2000fc3a</load_address>
         <run_address>0x2000fc3a</run_address>
         <size>0x1e</size>
         <input_file_ref idref="fl-2c"/>
      </object_component>
      <object_component id="oc-16f">
         <name>.text.HwiP_dispatch</name>
         <load_address>0x2000fc58</load_address>
         <run_address>0x2000fc58</run_address>
         <size>0x1c</size>
         <input_file_ref idref="fl-1f"/>
      </object_component>
      <object_component id="oc-18e">
         <name>.text.SwiP_disable</name>
         <load_address>0x2000fc74</load_address>
         <run_address>0x2000fc74</run_address>
         <size>0x1c</size>
         <input_file_ref idref="fl-22"/>
      </object_component>
      <object_component id="oc-1aa">
         <name>.text.free_list_remove</name>
         <load_address>0x2000fc90</load_address>
         <run_address>0x2000fc90</run_address>
         <size>0x1c</size>
         <input_file_ref idref="fl-3a"/>
      </object_component>
      <object_component id="oc-19">
         <name>.text.resetISR</name>
         <load_address>0x2000fcac</load_address>
         <run_address>0x2000fcac</run_address>
         <size>0x1c</size>
         <input_file_ref idref="fl-21"/>
      </object_component>
      <object_component id="oc-1b0">
         <name>.text.GPIOIntDisable</name>
         <load_address>0x2000fcc8</load_address>
         <run_address>0x2000fcc8</run_address>
         <size>0x1a</size>
         <input_file_ref idref="fl-24"/>
      </object_component>
      <object_component id="oc-b6">
         <name>.text.PRCMHIBRegRead</name>
         <load_address>0x2000fce2</load_address>
         <run_address>0x2000fce2</run_address>
         <size>0x1a</size>
         <input_file_ref idref="fl-28"/>
      </object_component>
      <object_component id="oc-b5">
         <name>.text.PRCMHIBRegWrite</name>
         <load_address>0x2000fcfc</load_address>
         <run_address>0x2000fcfc</run_address>
         <size>0x1a</size>
         <input_file_ref idref="fl-28"/>
      </object_component>
      <object_component id="oc-11b">
         <name>.text.PRCMLPDSWakeupSourceDisable</name>
         <load_address>0x2000fd16</load_address>
         <run_address>0x2000fd16</run_address>
         <size>0x1a</size>
         <input_file_ref idref="fl-28"/>
      </object_component>
      <object_component id="oc-17b">
         <name>.text.PinToPadGet</name>
         <load_address>0x2000fd30</load_address>
         <run_address>0x2000fd30</run_address>
         <size>0x1a</size>
         <input_file_ref idref="fl-27"/>
      </object_component>
      <object_component id="oc-163">
         <name>.text.UARTFlowControlSet</name>
         <load_address>0x2000fd4a</load_address>
         <run_address>0x2000fd4a</run_address>
         <size>0x1a</size>
         <input_file_ref idref="fl-2b"/>
      </object_component>
      <object_component id="oc-147">
         <name>.text.GPIOIntEnable</name>
         <load_address>0x2000fd64</load_address>
         <run_address>0x2000fd64</run_address>
         <size>0x18</size>
         <input_file_ref idref="fl-24"/>
      </object_component>
      <object_component id="oc-128">
         <name>.text.SemaphoreP_create</name>
         <load_address>0x2000fd7c</load_address>
         <run_address>0x2000fd7c</run_address>
         <size>0x18</size>
         <input_file_ref idref="fl-1d"/>
      </object_component>
      <object_component id="oc-5f">
         <name>.text.Board_init</name>
         <load_address>0x2000fd94</load_address>
         <run_address>0x2000fd94</run_address>
         <size>0x16</size>
         <input_file_ref idref="fl-3"/>
      </object_component>
      <object_component id="oc-1a2">
         <name>.text.SysTickPeriodSet</name>
         <load_address>0x2000fdaa</load_address>
         <run_address>0x2000fdaa</run_address>
         <size>0x16</size>
         <input_file_ref idref="fl-2a"/>
      </object_component>
      <object_component id="oc-183">
         <name>.text.UARTCharsAvail</name>
         <load_address>0x2000fdc0</load_address>
         <run_address>0x2000fdc0</run_address>
         <size>0x16</size>
         <input_file_ref idref="fl-2b"/>
      </object_component>
      <object_component id="oc-172">
         <name>.text.UARTDMADisable</name>
         <load_address>0x2000fdd6</load_address>
         <run_address>0x2000fdd6</run_address>
         <size>0x16</size>
         <input_file_ref idref="fl-2b"/>
      </object_component>
      <object_component id="oc-162">
         <name>.text.UARTFIFOLevelSet</name>
         <load_address>0x2000fdec</load_address>
         <run_address>0x2000fdec</run_address>
         <size>0x16</size>
         <input_file_ref idref="fl-2b"/>
      </object_component>
      <object_component id="oc-171">
         <name>.text.UARTIntDisable</name>
         <load_address>0x2000fe02</load_address>
         <run_address>0x2000fe02</run_address>
         <size>0x16</size>
         <input_file_ref idref="fl-2b"/>
      </object_component>
      <object_component id="oc-a5">
         <name>.text.readChar</name>
         <load_address>0x2000fe18</load_address>
         <run_address>0x2000fe18</run_address>
         <size>0x16</size>
         <input_file_ref idref="fl-2"/>
      </object_component>
      <object_component id="oc-a6">
         <name>.text.writeChar</name>
         <load_address>0x2000fe2e</load_address>
         <run_address>0x2000fe2e</run_address>
         <size>0x16</size>
         <input_file_ref idref="fl-2"/>
      </object_component>
      <object_component id="oc-3b">
         <name>.text.CPUcpsid</name>
         <load_address>0x2000fe44</load_address>
         <run_address>0x2000fe44</run_address>
         <size>0x14</size>
         <input_file_ref idref="fl-23"/>
      </object_component>
      <object_component id="oc-13f">
         <name>.text.CPUcpsie</name>
         <load_address>0x2000fe58</load_address>
         <run_address>0x2000fe58</run_address>
         <size>0x14</size>
         <input_file_ref idref="fl-23"/>
      </object_component>
      <object_component id="oc-175">
         <name>.text.HwiP_destruct</name>
         <load_address>0x2000fe6c</load_address>
         <run_address>0x2000fe6c</run_address>
         <size>0x14</size>
         <input_file_ref idref="fl-1f"/>
      </object_component>
      <object_component id="oc-42">
         <name>.text.IntVTableBaseSet</name>
         <load_address>0x2000fe80</load_address>
         <run_address>0x2000fe80</run_address>
         <size>0x14</size>
         <input_file_ref idref="fl-26"/>
      </object_component>
      <object_component id="oc-13a">
         <name>.text.Power_disablePolicy</name>
         <load_address>0x2000fe94</load_address>
         <run_address>0x2000fe94</run_address>
         <size>0x14</size>
         <input_file_ref idref="fl-15"/>
      </object_component>
      <object_component id="oc-196">
         <name>.text.Power_getTransitionLatency</name>
         <load_address>0x2000fea8</load_address>
         <run_address>0x2000fea8</run_address>
         <size>0x14</size>
         <input_file_ref idref="fl-15"/>
      </object_component>
      <object_component id="oc-1a9">
         <name>.text.Power_idleFunc</name>
         <load_address>0x2000febc</load_address>
         <run_address>0x2000febc</run_address>
         <size>0x14</size>
         <input_file_ref idref="fl-15"/>
      </object_component>
      <object_component id="oc-1cc">
         <name>.text.UARTDMAEnable</name>
         <load_address>0x2000fed0</load_address>
         <run_address>0x2000fed0</run_address>
         <size>0x14</size>
         <input_file_ref idref="fl-2b"/>
      </object_component>
      <object_component id="oc-161">
         <name>.text.UARTIntEnable</name>
         <load_address>0x2000fee4</load_address>
         <run_address>0x2000fee4</run_address>
         <size>0x14</size>
         <input_file_ref idref="fl-2b"/>
      </object_component>
      <object_component id="oc-156">
         <name>.text.uDMAControlBaseSet</name>
         <load_address>0x2000fef8</load_address>
         <run_address>0x2000fef8</run_address>
         <size>0x14</size>
         <input_file_ref idref="fl-2c"/>
      </object_component>
      <object_component id="oc-1c5">
         <name>.text.uDMAIntClear</name>
         <load_address>0x2000ff0c</load_address>
         <run_address>0x2000ff0c</run_address>
         <size>0x14</size>
         <input_file_ref idref="fl-2c"/>
      </object_component>
      <object_component id="oc-3a">
         <name>.text</name>
         <load_address>0x2000ff20</load_address>
         <run_address>0x2000ff20</run_address>
         <size>0x14</size>
         <input_file_ref idref="fl-7f"/>
      </object_component>
      <object_component id="oc-199">
         <name>.text</name>
         <load_address>0x2000ff34</load_address>
         <run_address>0x2000ff34</run_address>
         <size>0x14</size>
         <input_file_ref idref="fl-80"/>
      </object_component>
      <object_component id="oc-12d">
         <name>.text.ClockP_add</name>
         <load_address>0x2000ff48</load_address>
         <run_address>0x2000ff48</run_address>
         <size>0x12</size>
         <input_file_ref idref="fl-1e"/>
      </object_component>
      <object_component id="oc-146">
         <name>.text.GPIOIntClear</name>
         <load_address>0x2000ff5a</load_address>
         <run_address>0x2000ff5a</run_address>
         <size>0x12</size>
         <input_file_ref idref="fl-24"/>
      </object_component>
      <object_component id="oc-e1">
         <name>.text.HwiP_Params_init</name>
         <load_address>0x2000ff6c</load_address>
         <run_address>0x2000ff6c</run_address>
         <size>0x12</size>
         <input_file_ref idref="fl-1f"/>
      </object_component>
      <object_component id="oc-1a3">
         <name>.text.SysTickEnable</name>
         <load_address>0x2000ff7e</load_address>
         <run_address>0x2000ff7e</run_address>
         <size>0x12</size>
         <input_file_ref idref="fl-2a"/>
      </object_component>
      <object_component id="oc-19a">
         <name>.text.SysTickIntDisable</name>
         <load_address>0x2000ff90</load_address>
         <run_address>0x2000ff90</run_address>
         <size>0x12</size>
         <input_file_ref idref="fl-2a"/>
      </object_component>
      <object_component id="oc-1a4">
         <name>.text.SysTickIntEnable</name>
         <load_address>0x2000ffa2</load_address>
         <run_address>0x2000ffa2</run_address>
         <size>0x12</size>
         <input_file_ref idref="fl-2a"/>
      </object_component>
      <object_component id="oc-158">
         <name>.text.postNotifyFxn</name>
         <load_address>0x2000ffb4</load_address>
         <run_address>0x2000ffb4</run_address>
         <size>0x12</size>
         <input_file_ref idref="fl-1b"/>
      </object_component>
      <object_component id="oc-4f">
         <name>.text:TI_memcpy_small</name>
         <load_address>0x2000ffc6</load_address>
         <run_address>0x2000ffc6</run_address>
         <size>0x12</size>
         <input_file_ref idref="fl-83"/>
      </object_component>
      <object_component id="oc-159">
         <name>.text.ClockP_getCpuFreq</name>
         <load_address>0x2000ffd8</load_address>
         <run_address>0x2000ffd8</run_address>
         <size>0x10</size>
         <input_file_ref idref="fl-1e"/>
      </object_component>
      <object_component id="oc-197">
         <name>.text.ClockP_getSystemTicks</name>
         <load_address>0x2000ffe8</load_address>
         <run_address>0x2000ffe8</run_address>
         <size>0x10</size>
         <input_file_ref idref="fl-1e"/>
      </object_component>
      <object_component id="oc-1a1">
         <name>.text.ClockP_setTicks</name>
         <load_address>0x2000fff8</load_address>
         <run_address>0x2000fff8</run_address>
         <size>0x10</size>
         <input_file_ref idref="fl-1e"/>
      </object_component>
      <object_component id="oc-139">
         <name>.text.HwiP_inISR</name>
         <load_address>0x20010008</load_address>
         <run_address>0x20010008</run_address>
         <size>0x10</size>
         <input_file_ref idref="fl-1f"/>
      </object_component>
      <object_component id="oc-130">
         <name>.text.Power_enablePolicy</name>
         <load_address>0x20010018</load_address>
         <run_address>0x20010018</run_address>
         <size>0x10</size>
         <input_file_ref idref="fl-15"/>
      </object_component>
      <object_component id="oc-f3">
         <name>.text.RingBuf_construct</name>
         <load_address>0x20010028</load_address>
         <run_address>0x20010028</run_address>
         <size>0x10</size>
         <input_file_ref idref="fl-1a"/>
      </object_component>
      <object_component id="oc-1d3">
         <name>.text.UART2Support_txDone</name>
         <load_address>0x20010038</load_address>
         <run_address>0x20010038</run_address>
         <size>0x10</size>
         <input_file_ref idref="fl-18"/>
      </object_component>
      <object_component id="oc-1fa">
         <name>.text.UARTBusy</name>
         <load_address>0x20010048</load_address>
         <run_address>0x20010048</run_address>
         <size>0x10</size>
         <input_file_ref idref="fl-2b"/>
      </object_component>
      <object_component id="oc-15f">
         <name>.text.UARTIntClear</name>
         <load_address>0x20010058</load_address>
         <run_address>0x20010058</run_address>
         <size>0x10</size>
         <input_file_ref idref="fl-2b"/>
      </object_component>
      <object_component id="oc-180">
         <name>.text.UARTRxErrorGet</name>
         <load_address>0x20010068</load_address>
         <run_address>0x20010068</run_address>
         <size>0x10</size>
         <input_file_ref idref="fl-2b"/>
      </object_component>
      <object_component id="oc-55">
         <name>.text.main</name>
         <load_address>0x20010078</load_address>
         <run_address>0x20010078</run_address>
         <size>0x10</size>
         <input_file_ref idref="fl-1"/>
      </object_component>
      <object_component id="oc-24">
         <name>.text:decompress:ZI</name>
         <load_address>0x20010088</load_address>
         <run_address>0x20010088</run_address>
         <size>0x10</size>
         <input_file_ref idref="fl-40"/>
      </object_component>
      <object_component id="oc-1d1">
         <name>.text.HwiP_interruptsEnabled</name>
         <load_address>0x20010098</load_address>
         <run_address>0x20010098</run_address>
         <size>0xe</size>
         <input_file_ref idref="fl-1f"/>
      </object_component>
      <object_component id="oc-a3">
         <name>.text.UART2_write</name>
         <load_address>0x200100a6</load_address>
         <run_address>0x200100a6</run_address>
         <size>0xe</size>
         <input_file_ref idref="fl-17"/>
      </object_component>
      <object_component id="oc-151">
         <name>.text.uDMAEnable</name>
         <load_address>0x200100b4</load_address>
         <run_address>0x200100b4</run_address>
         <size>0xe</size>
         <input_file_ref idref="fl-2c"/>
      </object_component>
      <object_component id="oc-20b">
         <name>.text.uDMAErrorStatusClear</name>
         <load_address>0x200100c2</load_address>
         <run_address>0x200100c2</run_address>
         <size>0xe</size>
         <input_file_ref idref="fl-2c"/>
      </object_component>
      <object_component id="oc-5d">
         <name>.text:TI_memset_small</name>
         <load_address>0x200100d0</load_address>
         <run_address>0x200100d0</run_address>
         <size>0xe</size>
         <input_file_ref idref="fl-84"/>
      </object_component>
      <object_component id="oc-17">
         <name>.text:decompress:none</name>
         <load_address>0x200100de</load_address>
         <run_address>0x200100de</run_address>
         <size>0xe</size>
         <input_file_ref idref="fl-41"/>
      </object_component>
      <object_component id="oc-1ee">
         <name>.text.CPUwfi</name>
         <load_address>0x200100ec</load_address>
         <run_address>0x200100ec</run_address>
         <size>0xc</size>
         <input_file_ref idref="fl-23"/>
      </object_component>
      <object_component id="oc-f9">
         <name>.text.OUTLINED_FUNCTION_0</name>
         <load_address>0x200100f8</load_address>
         <run_address>0x200100f8</run_address>
         <size>0xc</size>
         <input_file_ref idref="fl-18"/>
      </object_component>
      <object_component id="oc-1ea">
         <name>.text.PRCMLPDSWakeupCauseGet</name>
         <load_address>0x20010104</load_address>
         <run_address>0x20010104</run_address>
         <size>0xc</size>
         <input_file_ref idref="fl-28"/>
      </object_component>
      <object_component id="oc-194">
         <name>.text.Power_getConstraintMask</name>
         <load_address>0x20010110</load_address>
         <run_address>0x20010110</run_address>
         <size>0xc</size>
         <input_file_ref idref="fl-15"/>
      </object_component>
      <object_component id="oc-10b">
         <name>.text.UART2CC32XX_postNotifyFxn</name>
         <load_address>0x2001011c</load_address>
         <run_address>0x2001011c</run_address>
         <size>0xc</size>
         <input_file_ref idref="fl-18"/>
      </object_component>
      <object_component id="oc-1d4">
         <name>.text.UART2Support_disableTx</name>
         <load_address>0x20010128</load_address>
         <run_address>0x20010128</run_address>
         <size>0xc</size>
         <input_file_ref idref="fl-18"/>
      </object_component>
      <object_component id="oc-1fc">
         <name>.text.UART2Support_enableRx</name>
         <load_address>0x20010134</load_address>
         <run_address>0x20010134</run_address>
         <size>0xc</size>
         <input_file_ref idref="fl-18"/>
      </object_component>
      <object_component id="oc-1d0">
         <name>.text.UART2Support_enableTx</name>
         <load_address>0x20010140</load_address>
         <run_address>0x20010140</run_address>
         <size>0xc</size>
         <input_file_ref idref="fl-18"/>
      </object_component>
      <object_component id="oc-98">
         <name>.text.UART2_Params_init</name>
         <load_address>0x2001014c</load_address>
         <run_address>0x2001014c</run_address>
         <size>0xc</size>
         <input_file_ref idref="fl-17"/>
      </object_component>
      <object_component id="oc-20a">
         <name>.text.uDMAErrorStatusGet</name>
         <load_address>0x20010158</load_address>
         <run_address>0x20010158</run_address>
         <size>0xc</size>
         <input_file_ref idref="fl-2c"/>
      </object_component>
      <object_component id="oc-1f8">
         <name>.text.CPUprimask</name>
         <load_address>0x20010164</load_address>
         <run_address>0x20010164</run_address>
         <size>0xa</size>
         <input_file_ref idref="fl-23"/>
      </object_component>
      <object_component id="oc-12f">
         <name>.text.ClockP_isActive</name>
         <load_address>0x2001016e</load_address>
         <run_address>0x2001016e</run_address>
         <size>0xa</size>
         <input_file_ref idref="fl-1e"/>
      </object_component>
      <object_component id="oc-25">
         <name>.text.IntMasterDisable</name>
         <load_address>0x20010178</load_address>
         <run_address>0x20010178</run_address>
         <size>0xa</size>
         <input_file_ref idref="fl-26"/>
      </object_component>
      <object_component id="oc-db">
         <name>.text.IntMasterEnable</name>
         <load_address>0x20010182</load_address>
         <run_address>0x20010182</run_address>
         <size>0xa</size>
         <input_file_ref idref="fl-26"/>
      </object_component>
      <object_component id="oc-fb">
         <name>.text.OUTLINED_FUNCTION_1</name>
         <load_address>0x2001018c</load_address>
         <run_address>0x2001018c</run_address>
         <size>0xa</size>
         <input_file_ref idref="fl-18"/>
      </object_component>
      <object_component id="oc-f8">
         <name>.text.OUTLINED_FUNCTION_2</name>
         <load_address>0x20010196</load_address>
         <run_address>0x20010196</run_address>
         <size>0xa</size>
         <input_file_ref idref="fl-18"/>
      </object_component>
      <object_component id="oc-1f4">
         <name>.text.dmaErrorFxn</name>
         <load_address>0x200101a0</load_address>
         <run_address>0x200101a0</run_address>
         <size>0xa</size>
         <input_file_ref idref="fl-3"/>
      </object_component>
      <object_component id="oc-cf">
         <name>.text.HwiP_restore</name>
         <load_address>0x200101aa</load_address>
         <run_address>0x200101aa</run_address>
         <size>0x8</size>
         <input_file_ref idref="fl-1f"/>
      </object_component>
      <object_component id="oc-1a5">
         <name>.text.PRCMSleepEnter</name>
         <load_address>0x200101b2</load_address>
         <run_address>0x200101b2</run_address>
         <size>0x8</size>
         <input_file_ref idref="fl-28"/>
      </object_component>
      <object_component id="oc-b1">
         <name>.text.UtilsDelay</name>
         <load_address>0x200101ba</load_address>
         <run_address>0x200101ba</run_address>
         <size>0x8</size>
         <input_file_ref idref="fl-2d"/>
      </object_component>
      <object_component id="oc-111">
         <name>.text.ledOff</name>
         <load_address>0x200101c2</load_address>
         <run_address>0x200101c2</run_address>
         <size>0x8</size>
         <input_file_ref idref="fl-2"/>
      </object_component>
      <object_component id="oc-112">
         <name>.text.ledOn</name>
         <load_address>0x200101ca</load_address>
         <run_address>0x200101ca</run_address>
         <size>0x8</size>
         <input_file_ref idref="fl-2"/>
      </object_component>
      <object_component id="oc-141">
         <name>.text.malloc</name>
         <load_address>0x200101d2</load_address>
         <run_address>0x200101d2</run_address>
         <size>0x8</size>
         <input_file_ref idref="fl-3a"/>
      </object_component>
      <object_component id="oc-1d5">
         <name>.text.OUTLINED_FUNCTION_0</name>
         <load_address>0x200101da</load_address>
         <run_address>0x200101da</run_address>
         <size>0x6</size>
         <input_file_ref idref="fl-17"/>
      </object_component>
      <object_component id="oc-1bc">
         <name>.text.UART2Support_powerRelConstraint</name>
         <load_address>0x200101e0</load_address>
         <run_address>0x200101e0</run_address>
         <size>0x6</size>
         <input_file_ref idref="fl-18"/>
      </object_component>
      <object_component id="oc-1fd">
         <name>.text.UART2Support_powerSetConstraint</name>
         <load_address>0x200101e6</load_address>
         <run_address>0x200101e6</run_address>
         <size>0x6</size>
         <input_file_ref idref="fl-18"/>
      </object_component>
      <object_component id="oc-1a7">
         <name>.text.ClockP_doTick</name>
         <load_address>0x200101ec</load_address>
         <run_address>0x200101ec</run_address>
         <size>0x4</size>
         <input_file_ref idref="fl-1e"/>
      </object_component>
      <object_component id="oc-104">
         <name>.text.HwiP_clearInterrupt</name>
         <load_address>0x200101f0</load_address>
         <run_address>0x200101f0</run_address>
         <size>0x4</size>
         <input_file_ref idref="fl-1f"/>
      </object_component>
      <object_component id="oc-8f">
         <name>.text.HwiP_enable</name>
         <load_address>0x200101f4</load_address>
         <run_address>0x200101f4</run_address>
         <size>0x4</size>
         <input_file_ref idref="fl-1f"/>
      </object_component>
      <object_component id="oc-1ef">
         <name>.text.HwiP_post</name>
         <load_address>0x200101f8</load_address>
         <run_address>0x200101f8</run_address>
         <size>0x4</size>
         <input_file_ref idref="fl-1f"/>
      </object_component>
      <object_component id="oc-1f7">
         <name>.text.IntDefaultHandler</name>
         <load_address>0x200101fc</load_address>
         <run_address>0x200101fc</run_address>
         <size>0x4</size>
         <input_file_ref idref="fl-26"/>
      </object_component>
      <object_component id="oc-64">
         <name>.text.NoRTOS_start</name>
         <load_address>0x20010200</load_address>
         <run_address>0x20010200</run_address>
         <size>0x4</size>
         <input_file_ref idref="fl-1c"/>
      </object_component>
      <object_component id="oc-1c7">
         <name>.text.RingBuf_getCount</name>
         <load_address>0x20010204</load_address>
         <run_address>0x20010204</run_address>
         <size>0x4</size>
         <input_file_ref idref="fl-1a"/>
      </object_component>
      <object_component id="oc-d0">
         <name>.text.SemaphoreP_delete</name>
         <load_address>0x20010208</load_address>
         <run_address>0x20010208</run_address>
         <size>0x4</size>
         <input_file_ref idref="fl-1d"/>
      </object_component>
      <object_component id="oc-54">
         <name>.text._system_pre_init</name>
         <load_address>0x2001020c</load_address>
         <run_address>0x2001020c</run_address>
         <size>0x4</size>
         <input_file_ref idref="fl-3e"/>
      </object_component>
      <object_component id="oc-71">
         <name>.text:abort</name>
         <load_address>0x20010210</load_address>
         <run_address>0x20010210</run_address>
         <size>0x4</size>
         <input_file_ref idref="fl-43"/>
      </object_component>
      <object_component id="oc-22">
         <name>.text</name>
         <load_address>0x20010214</load_address>
         <run_address>0x20010214</run_address>
         <size>0x4</size>
         <input_file_ref idref="fl-7e"/>
      </object_component>
      <object_component id="oc-2f">
         <name>.text.nmiISR</name>
         <load_address>0x20010218</load_address>
         <run_address>0x20010218</run_address>
         <size>0x2</size>
         <input_file_ref idref="fl-21"/>
      </object_component>
      <object_component id="oc-117">
         <name>.rodata.g_ulPinToPadMap</name>
         <load_address>0x200112ac</load_address>
         <run_address>0x200112ac</run_address>
         <size>0x100</size>
         <input_file_ref idref="fl-27"/>
      </object_component>
      <object_component id="oc-1b8">
         <name>.rodata.g_pulRegs</name>
         <load_address>0x200113ac</load_address>
         <run_address>0x200113ac</run_address>
         <size>0xd4</size>
         <input_file_ref idref="fl-26"/>
      </object_component>
      <object_component id="oc-116">
         <name>.rodata.PRCM_PeriphRegsList</name>
         <load_address>0x20011480</load_address>
         <run_address>0x20011480</run_address>
         <size>0xa8</size>
[...]
         <object_component_ref idref="oc-13f"/>
      </symbol>
      <symbol id="sm-2d5">
         <name>CPUprimask</name>
         <value>0x20010165</value>
         <object_component_ref idref="oc-1f8"/>
      </symbol>
      <symbol id="sm-2d6">
         <name>CPUwfi</name>
         <value>0x200100ed</value>
         <object_component_ref idref="oc-1ee"/>
      </symbol>
      <symbol id="sm-30f">
         <name>GPIODirModeSet</name>
         <value>0x2000efd9</value>
         <object_component_ref idref="oc-e3"/>
      </symbol>
      <symbol id="sm-310">
         <name>GPIOIntClear</name>
         <value>0x2000ff5b</value>
         <object_component_ref idref="oc-146"/>
      </symbol>
      <symbol id="sm-311">
         <name>GPIOIntDisable</name>
         <value>0x2000fcc9</value>
         <object_component_ref idref="oc-1b0"/>
      </symbol>
      <symbol id="sm-312">
         <name>GPIOIntEnable</name>
         <value>0x2000fd65</value>
         <object_component_ref idref="oc-147"/>
      </symbol>
      <symbol id="sm-313">
         <name>GPIOIntStatus</name>
         <value>0x2000f70d</value>
         <object_component_ref idref="oc-148"/>
      </symbol>
      <symbol id="sm-314">
         <name>GPIOIntTypeSet</name>
         <value>0x2000dc4d</value>
         <object_component_ref idref="oc-144"/>
      </symbol>
      <symbol id="sm-315">
         <name>GPIOPinWrite</name>
         <value>0x2000fa59</value>
         <object_component_ref idref="oc-e8"/>
      </symbol>
      <symbol id="sm-365">
         <name>IntDisable</name>
         <value>0x2000d891</value>
         <object_component_ref idref="oc-1bd"/>
      </symbol>
      <symbol id="sm-366">
         <name>IntEnable</name>
         <value>0x2000d959</value>
         <object_component_ref idref="oc-16c"/>
      </symbol>
      <symbol id="sm-367">
         <name>IntMasterDisable</name>
         <value>0x20010179</value>
         <object_component_ref idref="oc-25"/>
      </symbol>
      <symbol id="sm-368">
         <name>IntMasterEnable</name>
         <value>0x20010183</value>
         <object_component_ref idref="oc-db"/>
      </symbol>
      <symbol id="sm-369">
         <name>IntPendClear</name>
         <value>0x2000e78d</value>
         <object_component_ref idref="oc-169"/>
      </symbol>
      <symbol id="sm-36a">
         <name>IntPendSet</name>
         <value>0x2000dcf9</value>
         <object_component_ref idref="oc-209"/>
      </symbol>
      <symbol id="sm-36b">
         <name>IntPrioritySet</name>
         <value>0x2000ea21</value>
         <object_component_ref idref="oc-16b"/>
      </symbol>
      <symbol id="sm-36c">
         <name>IntRegister</name>
         <value>0x2000fb03</value>
         <object_component_ref idref="oc-16a"/>
      </symbol>
      <symbol id="sm-36d">
         <name>IntUnregister</name>
         <value>0x2000f939</value>
         <object_component_ref idref="oc-1be"/>
      </symbol>
      <symbol id="sm-36e">
         <name>IntVTableBaseSet</name>
         <value>0x2000fe81</value>
         <object_component_ref idref="oc-42"/>
      </symbol>
      <symbol id="sm-3b6">
         <name>PinConfigGet</name>
         <value>0x2000eebd</value>
         <object_component_ref idref="oc-1ff"/>
      </symbol>
      <symbol id="sm-3b7">
         <name>PinConfigSet</name>
         <value>0x2000dd9d</value>
         <object_component_ref idref="oc-df"/>
      </symbol>
      <symbol id="sm-3b8">
         <name>PinDirModeGet</name>
         <value>0x2000f515</value>
         <object_component_ref idref="oc-200"/>
      </symbol>
      <symbol id="sm-3b9">
         <name>PinDirModeSet</name>
         <value>0x2000f231</value>
         <object_component_ref idref="oc-201"/>
      </symbol>
      <symbol id="sm-3ba">
         <name>PinLock</name>
         <value>0x2000f475</value>
         <object_component_ref idref="oc-1e2"/>
      </symbol>
      <symbol id="sm-3bb">
         <name>PinLockLevelSet</name>
         <value>0x2000e49d</value>
         <object_component_ref idref="oc-1e1"/>
      </symbol>
      <symbol id="sm-3bc">
         <name>PinModeGet</name>
         <value>0x2000f549</value>
         <object_component_ref idref="oc-ba"/>
      </symbol>
      <symbol id="sm-3bd">
         <name>PinModeSet</name>
         <value>0x2000f12d</value>
         <object_component_ref idref="oc-bf"/>
      </symbol>
      <symbol id="sm-3be">
         <name>PinToPadGet</name>
         <value>0x2000fd31</value>
         <object_component_ref idref="oc-17b"/>
      </symbol>
      <symbol id="sm-3bf">
         <name>PinTypeUART</name>
         <value>0x2000fba5</value>
         <object_component_ref idref="oc-14c"/>
      </symbol>
      <symbol id="sm-3c0">
         <name>PinUnlock</name>
         <value>0x2000fa7b</value>
         <object_component_ref idref="oc-1e8"/>
      </symbol>
      <symbol id="sm-472">
         <name>PRCMCC3200MCUInit</name>
         <value>0x2000c041</value>
         <object_component_ref idref="oc-7b"/>
      </symbol>
      <symbol id="sm-473">
         <name>PRCMHIBRegRead</name>
         <value>0x2000fce3</value>
         <object_component_ref idref="oc-b6"/>
      </symbol>
      <symbol id="sm-474">
         <name>PRCMHIBRegWrite</name>
         <value>0x2000fcfd</value>
         <object_component_ref idref="oc-b5"/>
      </symbol>
      <symbol id="sm-475">
         <name>PRCMHibernateWakeUpGPIOSelect</name>
         <value>0x2000e3b5</value>
         <object_component_ref idref="oc-11d"/>
      </symbol>
      <symbol id="sm-476">
         <name>PRCMHibernateWakeupSourceDisable</name>
         <value>0x2000e911</value>
         <object_component_ref idref="oc-11f"/>
      </symbol>
      <symbol id="sm-477">
         <name>PRCMHibernateWakeupSourceEnable</name>
         <value>0x2000ebc9</value>
         <object_component_ref idref="oc-11e"/>
      </symbol>
      <symbol id="sm-478">
         <name>PRCMIntEnable</name>
         <value>0x2000ee2d</value>
         <object_component_ref idref="oc-1e7"/>
      </symbol>
      <symbol id="sm-479">
         <name>PRCMLPDSEnter</name>
         <value>0x2000ea79</value>
         <object_component_ref idref="oc-1ed"/>
      </symbol>
      <symbol id="sm-47a">
         <name>PRCMLPDSEnterKeepDebugIf</name>
         <value>0x2000ef4d</value>
         <object_component_ref idref="oc-1ec"/>
      </symbol>
      <symbol id="sm-47b">
         <name>PRCMLPDSIntervalSet</name>
         <value>0x2000f67d</value>
         <object_component_ref idref="oc-19f"/>
      </symbol>
      <symbol id="sm-47c">
         <name>PRCMLPDSRestoreInfoSet</name>
         <value>0x2000ed05</value>
         <object_component_ref idref="oc-202"/>
      </symbol>
      <symbol id="sm-47d">
         <name>PRCMLPDSWakeUpGPIOSelect</name>
         <value>0x2000f81b</value>
         <object_component_ref idref="oc-11c"/>
      </symbol>
      <symbol id="sm-47e">
         <name>PRCMLPDSWakeupCauseGet</name>
         <value>0x20010105</value>
         <object_component_ref idref="oc-1ea"/>
      </symbol>
      <symbol id="sm-47f">
         <name>PRCMLPDSWakeupSourceDisable</name>
         <value>0x2000fd17</value>
         <object_component_ref idref="oc-11b"/>
      </symbol>
      <symbol id="sm-480">
         <name>PRCMLPDSWakeupSourceEnable</name>
         <value>0x2000f981</value>
         <object_component_ref idref="oc-11a"/>
      </symbol>
      <symbol id="sm-481">
         <name>PRCMPeripheralClkDisable</name>
         <value>0x2000f845</value>
         <object_component_ref idref="oc-b9"/>
      </symbol>
      <symbol id="sm-482">
         <name>PRCMPeripheralClkEnable</name>
         <value>0x2000e96d</value>
         <object_component_ref idref="oc-b7"/>
      </symbol>
      <symbol id="sm-483">
         <name>PRCMPeripheralReset</name>
         <value>0x2000e6b9</value>
         <object_component_ref idref="oc-b8"/>
      </symbol>
      <symbol id="sm-484">
         <name>PRCMPeripheralStatusGet</name>
         <value>0x2000ee75</value>
         <object_component_ref idref="oc-140"/>
      </symbol>
      <symbol id="sm-485">
         <name>PRCMSRAMRetentionEnable</name>
         <value>0x2000f8c1</value>
         <object_component_ref idref="oc-1df"/>
      </symbol>
      <symbol id="sm-486">
         <name>PRCMSleepEnter</name>
         <value>0x200101b3</value>
         <object_component_ref idref="oc-1a5"/>
      </symbol>
      <symbol id="sm-487">
         <name>PRCMSlowClkCtrFastGet</name>
         <value>0x2000f6ad</value>
         <object_component_ref idref="oc-1da"/>
      </symbol>
      <symbol id="sm-488">
         <name>PRCMSysResetCauseGet</name>
         <value>0x2000e129</value>
         <object_component_ref idref="oc-b0"/>
      </symbol>
      <symbol id="sm-4a6">
         <name>SysTickEnable</name>
         <value>0x2000ff7f</value>
         <object_component_ref idref="oc-1a3"/>
      </symbol>
      <symbol id="sm-4a7">
         <name>SysTickIntDisable</name>
         <value>0x2000ff91</value>
         <object_component_ref idref="oc-19a"/>
      </symbol>
      <symbol id="sm-4a8">
         <name>SysTickIntEnable</name>
         <value>0x2000ffa3</value>
         <object_component_ref idref="oc-1a4"/>
      </symbol>
      <symbol id="sm-4a9">
         <name>SysTickPeriodSet</name>
         <value>0x2000fdab</value>
         <object_component_ref idref="oc-1a2"/>
      </symbol>
      <symbol id="sm-513">
         <name>UARTBusy</name>
         <value>0x20010049</value>
         <object_component_ref idref="oc-1fa"/>
      </symbol>
      <symbol id="sm-514">
         <name>UARTCharPutNonBlocking</name>
         <value>0x2000f4ab</value>
         <object_component_ref idref="oc-1f9"/>
      </symbol>
      <symbol id="sm-515">
         <name>UARTCharsAvail</name>
         <value>0x2000fdc1</value>
         <object_component_ref idref="oc-183"/>
      </symbol>
      <symbol id="sm-516">
         <name>UARTConfigSetExpClk</name>
         <value>0x2000e429</value>
         <object_component_ref idref="oc-15a"/>
      </symbol>
      <symbol id="sm-517">
         <name>UARTDMADisable</name>
         <value>0x2000fdd7</value>
         <object_component_ref idref="oc-172"/>
      </symbol>
      <symbol id="sm-518">
         <name>UARTDMAEnable</name>
         <value>0x2000fed1</value>
         <object_component_ref idref="oc-1cc"/>
      </symbol>
      <symbol id="sm-519">
         <name>UARTDisable</name>
         <value>0x2000f797</value>
         <object_component_ref idref="oc-174"/>
      </symbol>
      <symbol id="sm-51a">
         <name>UARTEnable</name>
         <value>0x2000fbe1</value>
         <object_component_ref idref="oc-160"/>
      </symbol>
      <symbol id="sm-51b">
         <name>UARTFIFOLevelSet</name>
         <value>0x2000fded</value>
         <object_component_ref idref="oc-162"/>
      </symbol>
      <symbol id="sm-51c">
         <name>UARTFlowControlSet</name>
         <value>0x2000fd4b</value>
         <object_component_ref idref="oc-163"/>
      </symbol>
      <symbol id="sm-51d">
         <name>UARTIntClear</name>
         <value>0x20010059</value>
         <object_component_ref idref="oc-15f"/>
      </symbol>
      <symbol id="sm-51e">
         <name>UARTIntDisable</name>
         <value>0x2000fe03</value>
         <object_component_ref idref="oc-171"/>
      </symbol>
      <symbol id="sm-51f">
         <name>UARTIntEnable</name>
         <value>0x2000fee5</value>
         <object_component_ref idref="oc-161"/>
      </symbol>
      <symbol id="sm-520">
         <name>UARTIntStatus</name>
         <value>0x2000f86f</value>
         <object_component_ref idref="oc-17e"/>
      </symbol>
      <symbol id="sm-521">
         <name>UARTRxErrorGet</name>
         <value>0x20010069</value>
         <object_component_ref idref="oc-180"/>
      </symbol>
      <symbol id="sm-57a">
         <name>uDMAChannelAssign</name>
         <value>0x2000ec69</value>
         <object_component_ref idref="oc-164"/>
      </symbol>
      <symbol id="sm-57b">
         <name>uDMAChannelAttributeDisable</name>
         <value>0x2000df77</value>
         <object_component_ref idref="oc-165"/>
      </symbol>
      <symbol id="sm-57c">
         <name>uDMAChannelControlSet</name>
         <value>0x2000f1f1</value>
         <object_component_ref idref="oc-1c9"/>
      </symbol>
      <symbol id="sm-57d">
         <name>uDMAChannelDisable</name>
         <value>0x2000fbff</value>
         <object_component_ref idref="oc-1c3"/>
      </symbol>
      <symbol id="sm-57e">
         <name>uDMAChannelEnable</name>
         <value>0x2000fc1d</value>
         <object_component_ref idref="oc-1cb"/>
      </symbol>
      <symbol id="sm-57f">
         <name>uDMAChannelIsEnabled</name>
         <value>0x2000fc3b</value>
         <object_component_ref idref="oc-181"/>
      </symbol>
      <symbol id="sm-580">
         <name>uDMAChannelSizeGet</name>
         <value>0x2000ed9b</value>
         <object_component_ref idref="oc-1c4"/>
      </symbol>
      <symbol id="sm-581">
         <name>uDMAChannelTransferSet</name>
         <value>0x2000d4d1</value>
         <object_component_ref idref="oc-1ca"/>
      </symbol>
      <symbol id="sm-582">
         <name>uDMAControlBaseSet</name>
         <value>0x2000fef9</value>
         <object_component_ref idref="oc-156"/>
      </symbol>
      <symbol id="sm-583">
         <name>uDMAEnable</name>
         <value>0x200100b5</value>
         <object_component_ref idref="oc-151"/>
      </symbol>
      <symbol id="sm-584">
         <name>uDMAErrorStatusClear</name>
         <value>0x200100c3</value>
         <object_component_ref idref="oc-20b"/>
      </symbol>
      <symbol id="sm-585">
         <name>uDMAErrorStatusGet</name>
         <value>0x20010159</value>
         <object_component_ref idref="oc-20a"/>
      </symbol>
      <symbol id="sm-586">
         <name>uDMAIntClear</name>
         <value>0x2000ff0d</value>
         <object_component_ref idref="oc-1c5"/>
      </symbol>
      <symbol id="sm-591">
         <name>UtilsDelay</name>
         <value>0x200101bb</value>
         <object_component_ref idref="oc-b1"/>
      </symbol>
      <symbol id="sm-5be">
         <name>FlashDisable</name>
         <value>0x2000e8b5</value>
         <object_component_ref idref="oc-204"/>
      </symbol>
      <symbol id="sm-5d8">
         <name>_sys_memory</name>
         <value>0x20004040</value>
         <object_component_ref idref="oc-20"/>
      </symbol>
      <symbol id="sm-5d9">
         <name>aligned_alloc</name>
         <value>0x2000d3bd</value>
         <object_component_ref idref="oc-1af"/>
      </symbol>
      <symbol id="sm-5da">
         <name>free</name>
         <value>0x2000d5e5</value>
         <object_component_ref idref="oc-12c"/>
      </symbol>
      <symbol id="sm-5db">
         <name>malloc</name>
         <value>0x200101d3</value>
         <object_component_ref idref="oc-141"/>
      </symbol>
      <symbol id="sm-5dc">
         <name>memalign</name>
         <value>0x2000d3bd</value>
         <object_component_ref idref="oc-1af"/>
      </symbol>
      <symbol id="sm-5e1">
         <name>__stack</name>
         <value>0x20003000</value>
         <object_component_ref idref="oc-21"/>
      </symbol>
      <symbol id="sm-5e2">
         <name>_c_int00_noargs</name>
         <value>0x2000fa35</value>
         <object_component_ref idref="oc-44"/>
      </symbol>
      <symbol id="sm-5e8">
         <name>__TI_auto_init_nobinit_nopinit</name>
         <value>0x2000f2e9</value>
         <object_component_ref idref="oc-73"/>
      </symbol>
      <symbol id="sm-5ec">
         <name>_system_pre_init</name>
         <value>0x2001020d</value>
         <object_component_ref idref="oc-54"/>
      </symbol>
      <symbol id="sm-5f1">
         <name>__TI_zero_init</name>
         <value>0x20010089</value>
         <object_component_ref idref="oc-24"/>
      </symbol>
      <symbol id="sm-5f5">
         <name>__TI_decompress_none</name>
         <value>0x200100df</value>
         <object_component_ref idref="oc-17"/>
      </symbol>
      <symbol id="sm-5f9">
         <name>__TI_decompress_lzss</name>
         <value>0x2000e723</value>
         <object_component_ref idref="oc-16"/>
      </symbol>
      <symbol id="sm-5fd">
         <name>C$$EXIT</name>
         <value>0x20010210</value>
         <object_component_ref idref="oc-71"/>
      </symbol>
      <symbol id="sm-5fe">
         <name>abort</name>
         <value>0x20010211</value>
         <object_component_ref idref="oc-71"/>
      </symbol>
      <symbol id="sm-602">
         <name>_lock</name>
         <value>0x2001129c</value>
         <object_component_ref idref="oc-ac"/>
      </symbol>
      <symbol id="sm-603">
         <name>_nop</name>
         <value>0x2000eacf</value>
         <object_component_ref idref="oc-113"/>
      </symbol>
      <symbol id="sm-604">
         <name>_unlock</name>
         <value>0x200112a0</value>
         <object_component_ref idref="oc-ae"/>
      </symbol>
      <symbol id="sm-607">
         <name>__aeabi_memcpy</name>
         <value>0x20010215</value>
         <object_component_ref idref="oc-22"/>
      </symbol>
      <symbol id="sm-608">
         <name>__aeabi_memcpy4</name>
         <value>0x20010215</value>
         <object_component_ref idref="oc-22"/>
      </symbol>
      <symbol id="sm-609">
         <name>__aeabi_memcpy8</name>
         <value>0x20010215</value>
         <object_component_ref idref="oc-22"/>
      </symbol>
      <symbol id="sm-60b">
         <name>__aeabi_memclr</name>
         <value>0x2000ff2d</value>
         <object_component_ref idref="oc-3a"/>
      </symbol>
      <symbol id="sm-60c">
         <name>__aeabi_memclr4</name>
         <value>0x2000ff2d</value>
         <object_component_ref idref="oc-3a"/>
      </symbol>
      <symbol id="sm-60d">
         <name>__aeabi_memclr8</name>
         <value>0x2000ff2d</value>
         <object_component_ref idref="oc-3a"/>
      </symbol>
      <symbol id="sm-60e">
         <name>__aeabi_memset</name>
         <value>0x2000ff21</value>
         <object_component_ref idref="oc-3a"/>
      </symbol>
      <symbol id="sm-60f">
         <name>__aeabi_memset4</name>
         <value>0x2000ff21</value>
         <object_component_ref idref="oc-3a"/>
      </symbol>
      <symbol id="sm-610">
         <name>__aeabi_memset8</name>
         <value>0x2000ff21</value>
         <object_component_ref idref="oc-3a"/>
      </symbol>
      <symbol id="sm-612">
         <name>__aeabi_uldivmod</name>
         <value>0x2000ff35</value>
         <object_component_ref idref="oc-199"/>
      </symbol>
      <symbol id="sm-614">
         <name>__udivmoddi4</name>
         <value>0x2000db9d</value>
         <object_component_ref idref="oc-1db"/>
      </symbol>
      <symbol id="sm-618">
         <name>__aeabi_ldiv0</name>
         <value>0x2000e9c7</value>
         <object_component_ref idref="oc-1fe"/>
      </symbol>
      <symbol id="sm-61b">
         <name>TI_memcpy_small</name>
         <value>0x2000ffc7</value>
         <object_component_ref idref="oc-4f"/>
      </symbol>
      <symbol id="sm-61e">
         <name>TI_memset_small</name>
         <value>0x200100d1</value>
         <object_component_ref idref="oc-5d"/>
      </symbol>
      <symbol id="sm-61f">
         <name>__TI_static_base__</name>
         <value>0x20010220</value>
      </symbol>
      <symbol id="sm-622">
         <name>ITM_flush</name>
         <value>0x0</value>
      </symbol>
      <symbol id="sm-623">
         <name>ITM_restore</name>
         <value>0x0</value>
      </symbol>
      <symbol id="sm-624">
         <name>__mpu_init</name>
         <value>0x0</value>
      </symbol>
      <symbol id="sm-625">
         <name>_system_post_cinit</name>
         <value>0x0</value>
      </symbol>
   </symbol_table>
   <title>Link successful</title>
</link_info>
