<?xml version="1.0" encoding="ISO-8859-1" ?>
<link_info>
   <banner>TI ARM Clang Linker PC v3.2.2.LTS</banner>
   <copyright>Copyright (c) 1996-2018 Texas Instruments Incorporated</copyright>
   <link_time>0x6715ae48</link_time>
   <link_errors>0x0</link_errors>
   <output_file>C:\Users\bob\workspace_v12\gpiointerrupt_CC3220S_LAUNCHXL_nortos_ticlang\MCU+Image\gpiointerrupt_CC3220S_LAUNCHXL_nortos_ticlang.out</output_file>
   <entry_point>
      <name>resetISR</name>
      <address>0x20011505</address>
   </entry_point>
   <input_file_list>
      <input_file id="fl-1">
         <path>C:\Users\bob\workspace_v12\gpiointerrupt_CC3220S_LAUNCHXL_nortos_ticlang\MCU+Image\.\</path>
         <kind>object</kind>
         <file>callbacks.o</file>
         <name>callbacks.o</name>
      </input_file>
      <input_file id="fl-2">
         <path>C:\Users\bob\workspace_v12\gpiointerrupt_CC3220S_LAUNCHXL_nortos_ticlang\MCU+Image\.\</path>
         <kind>object</kind>
         <file>gpiointerrupt.o</file>
         <name>gpiointerrupt.o</name>
      </input_file>
      <input_file id="fl-3">
         <path>C:\Users\bob\workspace_v12\gpiointerrupt_CC3220S_LAUNCHXL_nortos_ticlang\MCU+Image\.\syscfg\</path>
         <kind>object</kind>
         <file>ti_drivers_config.o</file>
         <name>ti_drivers_config.o</name>
      </input_file>
      <input_file id="fl-4">
         <path>C:\Users\bob\workspace_v12\gpiointerrupt_CC3220S_LAUNCHXL_nortos_ticlang\MCU+Image\.\</path>
         <kind>object</kind>
         <file>init.o</file>
         <name>init.o</name>
      </input_file>
      <input_file id="fl-5">
         <path>C:\Users\bob\workspace_v12\gpiointerrupt_CC3220S_LAUNCHXL_nortos_ticlang\MCU+Image\.\</path>
         <kind>object</kind>
         <file>main_nortos.o</file>
         <name>main_nortos.o</name>
      </input_file>
      <input_file id="fl-6">
         <path>C:\Users\bob\workspace_v12\gpiointerrupt_CC3220S_LAUNCHXL_nortos_ticlang\MCU+Image\.\</path>
         <kind>object</kind>
         <file>utils.o</file>
         <name>utils.o</name>
      </input_file>
      <input_file id="fl-16">
         <path>C:\Users\bob\workspace_v12\gpiointerrupt_CC3220S_LAUNCHXL_nortos_ticlang\MCU+Image\</path>
         <kind>object</kind>
         <file>&lt;internal&gt;</file>
         <name>&lt;internal&gt;</name>
      </input_file>
      <input_file id="fl-17">
         <path>C:\ti\simplelink_cc32xx_sdk_7_10_00_13\source\ti\drivers\lib\ticlang\m4\</path>
         <kind>archive</kind>
         <file>drivers_cc32xx.a</file>
         <name>GPIO.c.obj</name>
      </input_file>
      <input_file id="fl-18">
         <path>C:\ti\simplelink_cc32xx_sdk_7_10_00_13\source\ti\drivers\lib\ticlang\m4\</path>
         <kind>archive</kind>
         <file>drivers_cc32xx.a</file>
         <name>GPIOCC32XX.c.obj</name>
      </input_file>
      <input_file id="fl-19">
         <path>C:\ti\simplelink_cc32xx_sdk_7_10_00_13\source\ti\drivers\lib\ticlang\m4\</path>
         <kind>archive</kind>
         <file>drivers_cc32xx.a</file>
         <name>I2C.c.obj</name>
      </input_file>
      <input_file id="fl-1a">
         <path>C:\ti\simplelink_cc32xx_sdk_7_10_00_13\source\ti\drivers\lib\ticlang\m4\</path>
         <kind>archive</kind>
         <file>drivers_cc32xx.a</file>
         <name>I2CCC32XX.c.obj</name>
      </input_file>
      <input_file id="fl-1b">
         <path>C:\ti\simplelink_cc32xx_sdk_7_10_00_13\source\ti\drivers\lib\ticlang\m4\</path>
         <kind>archive</kind>
         <file>drivers_cc32xx.a</file>
         <name>PowerCC32XX.c.obj</name>
      </input_file>
      <input_file id="fl-1c">
         <path>C:\ti\simplelink_cc32xx_sdk_7_10_00_13\source\ti\drivers\lib\ticlang\m4\</path>
         <kind>archive</kind>
         <file>drivers_cc32xx.a</file>
         <name>PowerCC32XX_ticlang.asm.obj</name>
      </input_file>
      <input_file id="fl-1d">
         <path>C:\ti\simplelink_cc32xx_sdk_7_10_00_13\source\ti\drivers\lib\ticlang\m4\</path>
         <kind>archive</kind>
         <file>drivers_cc32xx.a</file>
         <name>Timer.c.obj</name>
      </input_file>
      <input_file id="fl-1e">
         <path>C:\ti\simplelink_cc32xx_sdk_7_10_00_13\source\ti\drivers\lib\ticlang\m4\</path>
         <kind>archive</kind>
         <file>drivers_cc32xx.a</file>
         <name>TimerCC32XX.c.obj</name>
      </input_file>
      <input_file id="fl-1f">
         <path>C:\ti\simplelink_cc32xx_sdk_7_10_00_13\source\ti\drivers\lib\ticlang\m4\</path>
         <kind>archive</kind>
         <file>drivers_cc32xx.a</file>
         <name>UART2.c.obj</name>
      </input_file>
      <input_file id="fl-20">
         <path>C:\ti\simplelink_cc32xx_sdk_7_10_00_13\source\ti\drivers\lib\ticlang\m4\</path>
         <kind>archive</kind>
         <file>drivers_cc32xx.a</file>
         <name>UART2CC32XX.c.obj</name>
      </input_file>
      <input_file id="fl-21">
         <path>C:\ti\simplelink_cc32xx_sdk_7_10_00_13\source\ti\drivers\lib\ticlang\m4\</path>
         <kind>archive</kind>
         <file>drivers_cc32xx.a</file>
         <name>List.c.obj</name>
      </input_file>
      <input_file id="fl-22">
         <path>C:\ti\simplelink_cc32xx_sdk_7_10_00_13\source\ti\drivers\lib\ticlang\m4\</path>
         <kind>archive</kind>
         <file>drivers_cc32xx.a</file>
         <name>RingBuf.c.obj</name>
      </input_file>
      <input_file id="fl-23">
         <path>C:\ti\simplelink_cc32xx_sdk_7_10_00_13\source\ti\drivers\lib\ticlang\m4\</path>
         <kind>archive</kind>
         <file>drivers_cc32xx.a</file>
         <name>UDMACC32XX.c.obj</name>
      </input_file>
      <input_file id="fl-24">
         <path>C:\ti\simplelink_cc32xx_sdk_7_10_00_13\kernel\nortos\lib\ticlang\m4\</path>
         <kind>archive</kind>
         <file>nortos_cc32xx.a</file>
         <name>NoRTOS.c.obj</name>
      </input_file>
      <input_file id="fl-25">
         <path>C:\ti\simplelink_cc32xx_sdk_7_10_00_13\kernel\nortos\lib\ticlang\m4\</path>
         <kind>archive</kind>
         <file>nortos_cc32xx.a</file>
         <name>SemaphoreP_nortos.c.obj</name>
      </input_file>
      <input_file id="fl-26">
         <path>C:\ti\simplelink_cc32xx_sdk_7_10_00_13\kernel\nortos\lib\ticlang\m4\</path>
         <kind>archive</kind>
         <file>nortos_cc32xx.a</file>
         <name>ClockPSysTick_nortos.c.obj</name>
      </input_file>
      <input_file id="fl-27">
         <path>C:\ti\simplelink_cc32xx_sdk_7_10_00_13\kernel\nortos\lib\ticlang\m4\</path>
         <kind>archive</kind>
         <file>nortos_cc32xx.a</file>
         <name>HwiPCC32XX_nortos.c.obj</name>
      </input_file>
      <input_file id="fl-28">
         <path>C:\ti\simplelink_cc32xx_sdk_7_10_00_13\kernel\nortos\lib\ticlang\m4\</path>
         <kind>archive</kind>
         <file>nortos_cc32xx.a</file>
         <name>PowerCC32XX_nortos.c.obj</name>
      </input_file>
      <input_file id="fl-29">
         <path>C:\ti\simplelink_cc32xx_sdk_7_10_00_13\kernel\nortos\lib\ticlang\m4\</path>
         <kind>archive</kind>
         <file>nortos_cc32xx.a</file>
         <name>startup_cc32xx_ticlang.c.obj</name>
      </input_file>
      <input_file id="fl-2a">
         <path>C:\ti\simplelink_cc32xx_sdk_7_10_00_13\kernel\nortos\lib\ticlang\m4\</path>
         <kind>archive</kind>
         <file>nortos_cc32xx.a</file>
         <name>SwiP_nortos.c.obj</name>
      </input_file>
      <input_file id="fl-2b">
         <path>C:\ti\simplelink_cc32xx_sdk_7_10_00_13\source\ti\devices\cc32xx\driverlib\ticlang\Release\</path>
         <kind>archive</kind>
         <file>driverlib.a</file>
         <name>cpu.obj</name>
      </input_file>
      <input_file id="fl-2c">
         <path>C:\ti\simplelink_cc32xx_sdk_7_10_00_13\source\ti\devices\cc32xx\driverlib\ticlang\Release\</path>
         <kind>archive</kind>
         <file>driverlib.a</file>
         <name>gpio.obj</name>
      </input_file>
      <input_file id="fl-2d">
         <path>C:\ti\simplelink_cc32xx_sdk_7_10_00_13\source\ti\devices\cc32xx\driverlib\ticlang\Release\</path>
         <kind>archive</kind>
         <file>driverlib.a</file>
         <name>hwspinlock.obj</name>
      </input_file>
      <input_file id="fl-2e">
         <path>C:\ti\simplelink_cc32xx_sdk_7_10_00_13\source\ti\devices\cc32xx\driverlib\ticlang\Release\</path>
         <kind>archive</kind>
         <file>driverlib.a</file>
         <name>i2c.obj</name>
      </input_file>
      <input_file id="fl-2f">
         <path>C:\ti\simplelink_cc32xx_sdk_7_10_00_13\source\ti\devices\cc32xx\driverlib\ticlang\Release\</path>
         <kind>archive</kind>
         <file>driverlib.a</file>
         <name>interrupt.obj</name>
      </input_file>
      <input_file id="fl-30">
         <path>C:\ti\simplelink_cc32xx_sdk_7_10_00_13\source\ti\devices\cc32xx\driverlib\ticlang\Release\</path>
         <kind>archive</kind>
         <file>driverlib.a</file>
         <name>pin.obj</name>
      </input_file>
      <input_file id="fl-31">
         <path>C:\ti\simplelink_cc32xx_sdk_7_10_00_13\source\ti\devices\cc32xx\driverlib\ticlang\Release\</path>
         <kind>archive</kind>
         <file>driverlib.a</file>
         <name>prcm.obj</name>
      </input_file>
      <input_file id="fl-32">
         <path>C:\ti\simplelink_cc32xx_sdk_7_10_00_13\source\ti\devices\cc32xx\driverlib\ticlang\Release\</path>
         <kind>archive</kind>
         <file>driverlib.a</file>
         <name>spi.obj</name>
      </input_file>
      <input_file id="fl-33">
         <path>C:\ti\simplelink_cc32xx_sdk_7_10_00_13\source\ti\devices\cc32xx\driverlib\ticlang\Release\</path>
         <kind>archive</kind>
         <file>driverlib.a</file>
         <name>systick.obj</name>
      </input_file>
      <input_file id="fl-34">
         <path>C:\ti\simplelink_cc32xx_sdk_7_10_00_13\source\ti\devices\cc32xx\driverlib\ticlang\Release\</path>
         <kind>archive</kind>
         <file>driverlib.a</file>
         <name>timer.obj</name>
      </input_file>
      <input_file id="fl-35">
         <path>C:\ti\simplelink_cc32xx_sdk_7_10_00_13\source\ti\devices\cc32xx\driverlib\ticlang\Release\</path>
         <kind>archive</kind>
         <file>driverlib.a</file>
         <name>uart.obj</name>
      </input_file>
      <input_file id="fl-36">
         <path>C:\ti\simplelink_cc32xx_sdk_7_10_00_13\source\ti\devices\cc32xx\driverlib\ticlang\Release\</path>
         <kind>archive</kind>
         <file>driverlib.a</file>
         <name>udma.obj</name>
      </input_file>
      <input_file id="fl-37">
         <path>C:\ti\simplelink_cc32xx_sdk_7_10_00_13\source\ti\devices\cc32xx\driverlib\ticlang\Release\</path>
         <kind>archive</kind>
         <file>driverlib.a</file>
         <name>utils.obj</name>
      </input_file>
      <input_file id="fl-38">
         <path>C:\ti\simplelink_cc32xx_sdk_7_10_00_13\source\ti\devices\cc32xx\driverlib\ticlang\Release\</path>
         <kind>archive</kind>
         <file>driverlib.a</file>
         <name>flash.obj</name>
      </input_file>
      <input_file id="fl-47">
         <path>C:\ti\ccs1281\ccs\tools\compiler\ti-cgt-armllvm_3.2.2.LTS\lib\armv7em-ti-none-eabi\c\</path>
         <kind>archive</kind>
         <file>libc.a</file>
         <name>snprintf.c.obj</name>
      </input_file>
      <input_file id="fl-48">
         <path>C:\ti\ccs1281\ccs\tools\compiler\ti-cgt-armllvm_3.2.2.LTS\lib\armv7em-ti-none-eabi\c\</path>
         <kind>archive</kind>
         <file>libc.a</file>
         <name>memory.c.obj</name>
      </input_file>
      <input_file id="fl-49">
         <path>C:\ti\ccs1281\ccs\tools\compiler\ti-cgt-armllvm_3.2.2.LTS\lib\armv7em-ti-none-eabi\c\</path>
         <kind>archive</kind>
         <file>libc.a</file>
         <name>boot_cortex_m.c.obj</name>
      </input_file>
      <input_file id="fl-4a">
         <path>C:\ti\ccs1281\ccs\tools\compiler\ti-cgt-armllvm_3.2.2.LTS\lib\armv7em-ti-none-eabi\c\</path>
         <kind>archive</kind>
         <file>libc.a</file>
         <name>mathacl_init.c.obj</name>
      </input_file>
      <input_file id="fl-4b">
         <path>C:\ti\ccs1281\ccs\tools\compiler\ti-cgt-armllvm_3.2.2.LTS\lib\armv7em-ti-none-eabi\c\</path>
         <kind>archive</kind>
         <file>libc.a</file>
         <name>autoinit.c.obj</name>
      </input_file>
      <input_file id="fl-4c">
         <path>C:\ti\ccs1281\ccs\tools\compiler\ti-cgt-armllvm_3.2.2.LTS\lib\armv7em-ti-none-eabi\c\</path>
         <kind>archive</kind>
         <file>libc.a</file>
         <name>pre_init.c.obj</name>
      </input_file>
      <input_file id="fl-4d">
         <path>C:\ti\ccs1281\ccs\tools\compiler\ti-cgt-armllvm_3.2.2.LTS\lib\armv7em-ti-none-eabi\c\</path>
         <kind>archive</kind>
         <file>libc.a</file>
         <name>cpy_tbl.c.obj</name>
      </input_file>
      <input_file id="fl-4e">
         <path>C:\ti\ccs1281\ccs\tools\compiler\ti-cgt-armllvm_3.2.2.LTS\lib\armv7em-ti-none-eabi\c\</path>
         <kind>archive</kind>
         <file>libc.a</file>
         <name>copy_zero_init.c.obj</name>
      </input_file>
      <input_file id="fl-4f">
         <path>C:\ti\ccs1281\ccs\tools\compiler\ti-cgt-armllvm_3.2.2.LTS\lib\armv7em-ti-none-eabi\c\</path>
         <kind>archive</kind>
         <file>libc.a</file>
         <name>copy_decompress_none.c.obj</name>
      </input_file>
      <input_file id="fl-50">
         <path>C:\ti\ccs1281\ccs\tools\compiler\ti-cgt-armllvm_3.2.2.LTS\lib\armv7em-ti-none-eabi\c\</path>
         <kind>archive</kind>
         <file>libc.a</file>
         <name>copy_decompress_lzss.c.obj</name>
      </input_file>
      <input_file id="fl-51">
         <path>C:\ti\ccs1281\ccs\tools\compiler\ti-cgt-armllvm_3.2.2.LTS\lib\armv7em-ti-none-eabi\c\</path>
         <kind>archive</kind>
         <file>libc.a</file>
         <name>_printfi.c.obj</name>
      </input_file>
      <input_file id="fl-52">
         <path>C:\ti\ccs1281\ccs\tools\compiler\ti-cgt-armllvm_3.2.2.LTS\lib\armv7em-ti-none-eabi\c\</path>
         <kind>archive</kind>
         <file>libc.a</file>
         <name>s_frexp.c.obj</name>
      </input_file>
      <input_file id="fl-53">
         <path>C:\ti\ccs1281\ccs\tools\compiler\ti-cgt-armllvm_3.2.2.LTS\lib\armv7em-ti-none-eabi\c\</path>
         <kind>archive</kind>
         <file>libc.a</file>
         <name>s_scalbn.c.obj</name>
      </input_file>
      <input_file id="fl-54">
         <path>C:\ti\ccs1281\ccs\tools\compiler\ti-cgt-armllvm_3.2.2.LTS\lib\armv7em-ti-none-eabi\c\</path>
         <kind>archive</kind>
         <file>libc.a</file>
         <name>aeabi_portable.c.obj</name>
      </input_file>
      <input_file id="fl-55">
         <path>C:\ti\ccs1281\ccs\tools\compiler\ti-cgt-armllvm_3.2.2.LTS\lib\armv7em-ti-none-eabi\c\</path>
         <kind>archive</kind>
         <file>libc.a</file>
         <name>exit.c.obj</name>
      </input_file>
      <input_file id="fl-56">
         <path>C:\ti\ccs1281\ccs\tools\compiler\ti-cgt-armllvm_3.2.2.LTS\lib\armv7em-ti-none-eabi\c\</path>
         <kind>archive</kind>
         <file>libc.a</file>
         <name>_lock.c.obj</name>
      </input_file>
      <input_file id="fl-57">
         <path>C:\ti\ccs1281\ccs\tools\compiler\ti-cgt-armllvm_3.2.2.LTS\lib\armv7em-ti-none-eabi\c\</path>
         <kind>archive</kind>
         <file>libc.a</file>
         <name>_ltoa.c.obj</name>
      </input_file>
      <input_file id="fl-58">
         <path>C:\ti\ccs1281\ccs\tools\compiler\ti-cgt-armllvm_3.2.2.LTS\lib\armv7em-ti-none-eabi\c\</path>
         <kind>archive</kind>
         <file>libc.a</file>
         <name>args_main.c.obj</name>
      </input_file>
      <input_file id="fl-59">
         <path>C:\ti\ccs1281\ccs\tools\compiler\ti-cgt-armllvm_3.2.2.LTS\lib\armv7em-ti-none-eabi\c\</path>
         <kind>archive</kind>
         <file>libc.a</file>
         <name>assert.c.obj</name>
      </input_file>
      <input_file id="fl-5a">
         <path>C:\ti\ccs1281\ccs\tools\compiler\ti-cgt-armllvm_3.2.2.LTS\lib\armv7em-ti-none-eabi\c\</path>
         <kind>archive</kind>
         <file>libc.a</file>
         <name>atoi.c.obj</name>
      </input_file>
      <input_file id="fl-5b">
         <path>C:\ti\ccs1281\ccs\tools\compiler\ti-cgt-armllvm_3.2.2.LTS\lib\armv7em-ti-none-eabi\c\</path>
         <kind>archive</kind>
         <file>libc.a</file>
         <name>defs.c.obj</name>
      </input_file>
      <input_file id="fl-5c">
         <path>C:\ti\ccs1281\ccs\tools\compiler\ti-cgt-armllvm_3.2.2.LTS\lib\armv7em-ti-none-eabi\c\</path>
         <kind>archive</kind>
         <file>libc.a</file>
         <name>memccpy.c.obj</name>
      </input_file>
      <input_file id="fl-5d">
         <path>C:\ti\ccs1281\ccs\tools\compiler\ti-cgt-armllvm_3.2.2.LTS\lib\armv7em-ti-none-eabi\c\</path>
         <kind>archive</kind>
         <file>libc.a</file>
         <name>wcslen.c.obj</name>
      </input_file>
      <input_file id="fl-5e">
         <path>C:\ti\ccs1281\ccs\tools\compiler\ti-cgt-armllvm_3.2.2.LTS\lib\armv7em-ti-none-eabi\c\</path>
         <kind>archive</kind>
         <file>libc.a</file>
         <name>sprintf.c.obj</name>
      </input_file>
      <input_file id="fl-5f">
         <path>C:\ti\ccs1281\ccs\tools\compiler\ti-cgt-armllvm_3.2.2.LTS\lib\armv7em-ti-none-eabi\c\</path>
         <kind>archive</kind>
         <file>libc.a</file>
         <name>fflush.c.obj</name>
      </input_file>
      <input_file id="fl-60">
         <path>C:\ti\ccs1281\ccs\tools\compiler\ti-cgt-armllvm_3.2.2.LTS\lib\armv7em-ti-none-eabi\c\</path>
         <kind>archive</kind>
         <file>libc.a</file>
         <name>fputs.c.obj</name>
      </input_file>
      <input_file id="fl-61">
         <path>C:\ti\ccs1281\ccs\tools\compiler\ti-cgt-armllvm_3.2.2.LTS\lib\armv7em-ti-none-eabi\c\</path>
         <kind>archive</kind>
         <file>libc.a</file>
         <name>_io_perm.c.obj</name>
      </input_file>
      <input_file id="fl-62">
         <path>C:\ti\ccs1281\ccs\tools\compiler\ti-cgt-armllvm_3.2.2.LTS\lib\armv7em-ti-none-eabi\c\</path>
         <kind>archive</kind>
         <file>libc.a</file>
         <name>setvbuf.c.obj</name>
      </input_file>
      <input_file id="fl-63">
         <path>C:\ti\ccs1281\ccs\tools\compiler\ti-cgt-armllvm_3.2.2.LTS\lib\armv7em-ti-none-eabi\c\</path>
         <kind>archive</kind>
         <file>libc.a</file>
         <name>aeabi_ctype.S.obj</name>
      </input_file>
      <input_file id="fl-64">
         <path>C:\ti\ccs1281\ccs\tools\compiler\ti-cgt-armllvm_3.2.2.LTS\lib\armv7em-ti-none-eabi\c\</path>
         <kind>archive</kind>
         <file>libc.a</file>
         <name>fopen.c.obj</name>
      </input_file>
      <input_file id="fl-65">
         <path>C:\ti\ccs1281\ccs\tools\compiler\ti-cgt-armllvm_3.2.2.LTS\lib\armv7em-ti-none-eabi\c\</path>
         <kind>archive</kind>
         <file>libc.a</file>
         <name>fseek.c.obj</name>
      </input_file>
      <input_file id="fl-66">
         <path>C:\ti\ccs1281\ccs\tools\compiler\ti-cgt-armllvm_3.2.2.LTS\lib\armv7em-ti-none-eabi\c\</path>
         <kind>archive</kind>
         <file>libc.a</file>
         <name>fclose.c.obj</name>
      </input_file>
      <input_file id="fl-cc">
         <path>C:\ti\ccs1281\ccs\tools\compiler\ti-cgt-armllvm_3.2.2.LTS\lib\armv7em-ti-none-eabi\c\</path>
         <kind>archive</kind>
         <file>libsysbm.a</file>
         <name>write.c.obj</name>
      </input_file>
      <input_file id="fl-cd">
         <path>C:\ti\ccs1281\ccs\tools\compiler\ti-cgt-armllvm_3.2.2.LTS\lib\armv7em-ti-none-eabi\c\</path>
         <kind>archive</kind>
         <file>libsysbm.a</file>
         <name>host_device.c.obj</name>
      </input_file>
      <input_file id="fl-ce">
         <path>C:\ti\ccs1281\ccs\tools\compiler\ti-cgt-armllvm_3.2.2.LTS\lib\armv7em-ti-none-eabi\c\</path>
         <kind>archive</kind>
         <file>libsysbm.a</file>
         <name>remove.c.obj</name>
      </input_file>
      <input_file id="fl-cf">
         <path>C:\ti\ccs1281\ccs\tools\compiler\ti-cgt-armllvm_3.2.2.LTS\lib\armv7em-ti-none-eabi\c\</path>
         <kind>archive</kind>
         <file>libsysbm.a</file>
         <name>open.c.obj</name>
      </input_file>
      <input_file id="fl-d0">
         <path>C:\ti\ccs1281\ccs\tools\compiler\ti-cgt-armllvm_3.2.2.LTS\lib\armv7em-ti-none-eabi\c\</path>
         <kind>archive</kind>
         <file>libsysbm.a</file>
         <name>lseek.c.obj</name>
      </input_file>
      <input_file id="fl-d1">
         <path>C:\ti\ccs1281\ccs\tools\compiler\ti-cgt-armllvm_3.2.2.LTS\lib\armv7em-ti-none-eabi\c\</path>
         <kind>archive</kind>
         <file>libsysbm.a</file>
         <name>close.c.obj</name>
      </input_file>
      <input_file id="fl-d2">
         <path>C:\ti\ccs1281\ccs\tools\compiler\ti-cgt-armllvm_3.2.2.LTS\lib\armv7em-ti-none-eabi\c\</path>
         <kind>archive</kind>
         <file>libsysbm.a</file>
         <name>unlink.c.obj</name>
      </input_file>
      <input_file id="fl-d3">
         <path>C:\ti\ccs1281\ccs\tools\compiler\ti-cgt-armllvm_3.2.2.LTS\lib\armv7em-ti-none-eabi\c\</path>
         <kind>archive</kind>
         <file>libsysbm.a</file>
         <name>hostclose.c.obj</name>
      </input_file>
      <input_file id="fl-d4">
         <path>C:\ti\ccs1281\ccs\tools\compiler\ti-cgt-armllvm_3.2.2.LTS\lib\armv7em-ti-none-eabi\c\</path>
         <kind>archive</kind>
         <file>libsysbm.a</file>
         <name>hostlseek.c.obj</name>
      </input_file>
      <input_file id="fl-d5">
         <path>C:\ti\ccs1281\ccs\tools\compiler\ti-cgt-armllvm_3.2.2.LTS\lib\armv7em-ti-none-eabi\c\</path>
         <kind>archive</kind>
         <file>libsysbm.a</file>
         <name>hostopen.c.obj</name>
      </input_file>
      <input_file id="fl-d6">
         <path>C:\ti\ccs1281\ccs\tools\compiler\ti-cgt-armllvm_3.2.2.LTS\lib\armv7em-ti-none-eabi\c\</path>
         <kind>archive</kind>
         <file>libsysbm.a</file>
         <name>hostread.c.obj</name>
      </input_file>
      <input_file id="fl-d7">
         <path>C:\ti\ccs1281\ccs\tools\compiler\ti-cgt-armllvm_3.2.2.LTS\lib\armv7em-ti-none-eabi\c\</path>
         <kind>archive</kind>
         <file>libsysbm.a</file>
         <name>hostrename.c.obj</name>
      </input_file>
      <input_file id="fl-d8">
         <path>C:\ti\ccs1281\ccs\tools\compiler\ti-cgt-armllvm_3.2.2.LTS\lib\armv7em-ti-none-eabi\c\</path>
         <kind>archive</kind>
         <file>libsysbm.a</file>
         <name>hostunlink.c.obj</name>
      </input_file>
      <input_file id="fl-d9">
         <path>C:\ti\ccs1281\ccs\tools\compiler\ti-cgt-armllvm_3.2.2.LTS\lib\armv7em-ti-none-eabi\c\</path>
         <kind>archive</kind>
         <file>libsysbm.a</file>
         <name>hostwrite.c.obj</name>
      </input_file>
      <input_file id="fl-da">
         <path>C:\ti\ccs1281\ccs\tools\compiler\ti-cgt-armllvm_3.2.2.LTS\lib\armv7em-ti-none-eabi\c\</path>
         <kind>archive</kind>
         <file>libsysbm.a</file>
         <name>trgmsg.c.obj</name>
      </input_file>
      <input_file id="fl-db">
         <path>C:\ti\ccs1281\ccs\tools\compiler\ti-cgt-armllvm_3.2.2.LTS\lib\clang\15.0.7\lib\armv7em-ti-none-eabi\</path>
         <kind>archive</kind>
         <file>libclang_rt.builtins.a</file>
         <name>adddf3.S.obj</name>
      </input_file>
      <input_file id="fl-dc">
         <path>C:\ti\ccs1281\ccs\tools\compiler\ti-cgt-armllvm_3.2.2.LTS\lib\clang\15.0.7\lib\armv7em-ti-none-eabi\</path>
         <kind>archive</kind>
         <file>libclang_rt.builtins.a</file>
         <name>muldf3.S.obj</name>
      </input_file>
      <input_file id="fl-dd">
         <path>C:\ti\ccs1281\ccs\tools\compiler\ti-cgt-armllvm_3.2.2.LTS\lib\clang\15.0.7\lib\armv7em-ti-none-eabi\</path>
         <kind>archive</kind>
         <file>libclang_rt.builtins.a</file>
         <name>divdf3.S.obj</name>
      </input_file>
      <input_file id="fl-de">
         <path>C:\ti\ccs1281\ccs\tools\compiler\ti-cgt-armllvm_3.2.2.LTS\lib\clang\15.0.7\lib\armv7em-ti-none-eabi\</path>
         <kind>archive</kind>
         <file>libclang_rt.builtins.a</file>
         <name>fixdfsi.S.obj</name>
      </input_file>
      <input_file id="fl-df">
         <path>C:\ti\ccs1281\ccs\tools\compiler\ti-cgt-armllvm_3.2.2.LTS\lib\clang\15.0.7\lib\armv7em-ti-none-eabi\</path>
         <kind>archive</kind>
         <file>libclang_rt.builtins.a</file>
         <name>floatsidf.S.obj</name>
      </input_file>
      <input_file id="fl-e0">
         <path>C:\ti\ccs1281\ccs\tools\compiler\ti-cgt-armllvm_3.2.2.LTS\lib\clang\15.0.7\lib\armv7em-ti-none-eabi\</path>
         <kind>archive</kind>
         <file>libclang_rt.builtins.a</file>
         <name>aeabi_dcmp.S.obj</name>
      </input_file>
      <input_file id="fl-e1">
         <path>C:\ti\ccs1281\ccs\tools\compiler\ti-cgt-armllvm_3.2.2.LTS\lib\clang\15.0.7\lib\armv7em-ti-none-eabi\</path>
         <kind>archive</kind>
         <file>libclang_rt.builtins.a</file>
         <name>aeabi_memcpy.S.obj</name>
      </input_file>
      <input_file id="fl-e2">
         <path>C:\ti\ccs1281\ccs\tools\compiler\ti-cgt-armllvm_3.2.2.LTS\lib\clang\15.0.7\lib\armv7em-ti-none-eabi\</path>
         <kind>archive</kind>
         <file>libclang_rt.builtins.a</file>
         <name>aeabi_memset.S.obj</name>
      </input_file>
      <input_file id="fl-e3">
         <path>C:\ti\ccs1281\ccs\tools\compiler\ti-cgt-armllvm_3.2.2.LTS\lib\clang\15.0.7\lib\armv7em-ti-none-eabi\</path>
         <kind>archive</kind>
         <file>libclang_rt.builtins.a</file>
         <name>aeabi_uldivmod.S.obj</name>
      </input_file>
      <input_file id="fl-e4">
         <path>C:\ti\ccs1281\ccs\tools\compiler\ti-cgt-armllvm_3.2.2.LTS\lib\clang\15.0.7\lib\armv7em-ti-none-eabi\</path>
         <kind>archive</kind>
         <file>libclang_rt.builtins.a</file>
         <name>udivmoddi4.S.obj</name>
      </input_file>
      <input_file id="fl-e5">
         <path>C:\ti\ccs1281\ccs\tools\compiler\ti-cgt-armllvm_3.2.2.LTS\lib\clang\15.0.7\lib\armv7em-ti-none-eabi\</path>
         <kind>archive</kind>
         <file>libclang_rt.builtins.a</file>
         <name>comparedf2.c.obj</name>
      </input_file>
      <input_file id="fl-e6">
         <path>C:\ti\ccs1281\ccs\tools\compiler\ti-cgt-armllvm_3.2.2.LTS\lib\clang\15.0.7\lib\armv7em-ti-none-eabi\</path>
         <kind>archive</kind>
         <file>libclang_rt.builtins.a</file>
         <name>aeabi_div0.c.obj</name>
      </input_file>
      <input_file id="fl-e7">
         <path>C:\ti\ccs1281\ccs\tools\compiler\ti-cgt-armllvm_3.2.2.LTS\lib\armv7em-ti-none-eabi\c\</path>
         <kind>archive</kind>
         <file>libc.a</file>
         <name>getdevice.c.obj</name>
      </input_file>
      <input_file id="fl-e8">
         <path>C:\ti\ccs1281\ccs\tools\compiler\ti-cgt-armllvm_3.2.2.LTS\lib\armv7em-ti-none-eabi\c\</path>
         <kind>archive</kind>
         <file>libc.a</file>
         <name>strcmp_t2.S.obj</name>
      </input_file>
      <input_file id="fl-e9">
         <path>C:\ti\ccs1281\ccs\tools\compiler\ti-cgt-armllvm_3.2.2.LTS\lib\armv7em-ti-none-eabi\c\</path>
         <kind>archive</kind>
         <file>libc.a</file>
         <name>memcpy_t2.S.obj</name>
      </input_file>
      <input_file id="fl-ea">
         <path>C:\ti\ccs1281\ccs\tools\compiler\ti-cgt-armllvm_3.2.2.LTS\lib\armv7em-ti-none-eabi\c\</path>
         <kind>archive</kind>
         <file>libc.a</file>
         <name>memset_t2.S.obj</name>
      </input_file>
   </input_file_list>
   <object_component_list>
      <object_component id="oc-2c0">
         <name>.text:__TI_printfi_nofloat</name>
         <load_address>0x2000c040</load_address>
         <readonly>true</readonly>
         <executable>true</executable>
         <run_address>0x2000c040</run_address>
         <size>0x86c</size>
         <alignment>0x4</alignment>
         <input_file_ref idref="fl-51"/>
      </object_component>
      <object_component id="oc-d2">
         <name>.text.PRCMCC3200MCUInit</name>
         <load_address>0x2000c8ac</load_address>
         <readonly>true</readonly>
         <executable>true</executable>
         <run_address>0x2000c8ac</run_address>
         <size>0x4b8</size>
         <alignment>0x2</alignment>
         <input_file_ref idref="fl-31"/>
      </object_component>
      <object_component id="oc-252">
         <name>.text.Power_sleep</name>
         <load_address>0x2000cd64</load_address>
         <readonly>true</readonly>
         <executable>true</executable>
         <run_address>0x2000cd64</run_address>
         <size>0x3e4</size>
         <alignment>0x4</alignment>
         <input_file_ref idref="fl-1b"/>
      </object_component>
      <object_component id="oc-1fc">
         <name>.text.UART2CC32XX_hwiIntFxn</name>
         <load_address>0x2000d148</load_address>
         <readonly>true</readonly>
         <executable>true</executable>
         <run_address>0x2000d148</run_address>
         <size>0x222</size>
         <alignment>0x2</alignment>
         <input_file_ref idref="fl-20"/>
      </object_component>
      <object_component id="oc-e2">
         <name>.text.Board_initHook</name>
         <load_address>0x2000d36a</load_address>
         <readonly>true</readonly>
         <executable>true</executable>
         <run_address>0x2000d36a</run_address>
         <size>0x2</size>
         <alignment>0x2</alignment>
         <input_file_ref idref="fl-3"/>
      </object_component>
      <object_component id="oc-152">
         <name>.text.UART2_open</name>
         <load_address>0x2000d36c</load_address>
         <readonly>true</readonly>
         <executable>true</executable>
         <run_address>0x2000d36c</run_address>
         <size>0x1cc</size>
         <alignment>0x4</alignment>
         <input_file_ref idref="fl-20"/>
      </object_component>
      <object_component id="oc-f3">
         <name>.text.initI2C</name>
         <load_address>0x2000d538</load_address>
         <readonly>true</readonly>
         <executable>true</executable>
         <run_address>0x2000d538</run_address>
         <size>0x178</size>
         <alignment>0x4</alignment>
         <input_file_ref idref="fl-4"/>
      </object_component>
      <object_component id="oc-23a">
         <name>.text.UART2_writeTimeoutBlocking</name>
         <load_address>0x2000d6b0</load_address>
         <readonly>true</readonly>
         <executable>true</executable>
         <run_address>0x2000d6b0</run_address>
         <size>0x174</size>
         <alignment>0x2</alignment>
         <input_file_ref idref="fl-1f"/>
      </object_component>
      <object_component id="oc-1b0">
         <name>.text.PowerCC32XX_sleepPolicy</name>
         <load_address>0x2000d824</load_address>
         <readonly>true</readonly>
         <executable>true</executable>
         <run_address>0x2000d824</run_address>
         <size>0x150</size>
         <alignment>0x4</alignment>
         <input_file_ref idref="fl-28"/>
      </object_component>
      <object_component id="oc-17f">
         <name>.text.Timer_open</name>
         <load_address>0x2000d974</load_address>
         <readonly>true</readonly>
         <executable>true</executable>
         <run_address>0x2000d974</run_address>
         <size>0x148</size>
         <alignment>0x4</alignment>
         <input_file_ref idref="fl-1e"/>
      </object_component>
      <object_component id="oc-135">
         <name>.text.GPIO_setConfig</name>
         <load_address>0x2000dabc</load_address>
         <readonly>true</readonly>
         <executable>true</executable>
         <run_address>0x2000dabc</run_address>
         <size>0x140</size>
         <alignment>0x4</alignment>
         <input_file_ref idref="fl-18"/>
      </object_component>
      <object_component id="oc-20c">
         <name>.text.I2CCC32XX_hwiFxn</name>
         <load_address>0x2000dbfc</load_address>
         <readonly>true</readonly>
         <executable>true</executable>
         <run_address>0x2000dbfc</run_address>
         <size>0x138</size>
         <alignment>0x2</alignment>
         <input_file_ref idref="fl-1a"/>
      </object_component>
      <object_component id="oc-215">
         <name>.text.I2C_transferTimeout</name>
         <load_address>0x2000dd34</load_address>
         <readonly>true</readonly>
         <executable>true</executable>
         <run_address>0x2000dd34</run_address>
         <size>0x126</size>
         <alignment>0x2</alignment>
         <input_file_ref idref="fl-19"/>
      </object_component>
      <object_component id="oc-158">
         <name>.text.I2C_init</name>
         <load_address>0x2000de5a</load_address>
         <readonly>true</readonly>
         <executable>true</executable>
         <run_address>0x2000de5a</run_address>
         <size>0x2</size>
         <alignment>0x2</alignment>
         <input_file_ref idref="fl-19"/>
      </object_component>
      <object_component id="oc-304">
         <name>.text.aligned_alloc</name>
         <load_address>0x2000de5c</load_address>
         <readonly>true</readonly>
         <executable>true</executable>
         <run_address>0x2000de5c</run_address>
         <size>0x120</size>
         <alignment>0x4</alignment>
         <input_file_ref idref="fl-48"/>
      </object_component>
      <object_component id="oc-239">
         <name>.text.UART2_writeTimeoutNonblocking</name>
         <load_address>0x2000df7c</load_address>
         <readonly>true</readonly>
         <executable>true</executable>
         <run_address>0x2000df7c</run_address>
         <size>0x11a</size>
         <alignment>0x2</alignment>
         <input_file_ref idref="fl-1f"/>
      </object_component>
      <object_component id="oc-31d">
         <name>.text.uDMAChannelTransferSet</name>
         <load_address>0x2000e096</load_address>
         <readonly>true</readonly>
         <executable>true</executable>
         <run_address>0x2000e096</run_address>
         <size>0x112</size>
         <alignment>0x2</alignment>
         <input_file_ref idref="fl-36"/>
      </object_component>
      <object_component id="oc-22e">
         <name>.text.__muldf3</name>
         <load_address>0x2000e1a8</load_address>
         <readonly>true</readonly>
         <executable>true</executable>
         <run_address>0x2000e1a8</run_address>
         <size>0xfc</size>
         <alignment>0x4</alignment>
         <input_file_ref idref="fl-dc"/>
      </object_component>
      <object_component id="oc-1b7">
         <name>.text.free</name>
         <load_address>0x2000e2a4</load_address>
         <readonly>true</readonly>
         <executable>true</executable>
         <run_address>0x2000e2a4</run_address>
         <size>0xf0</size>
         <alignment>0x4</alignment>
         <input_file_ref idref="fl-48"/>
      </object_component>
      <object_component id="oc-15e">
         <name>.text.I2C_open</name>
         <load_address>0x2000e394</load_address>
         <readonly>true</readonly>
         <executable>true</executable>
         <run_address>0x2000e394</run_address>
         <size>0xe8</size>
         <alignment>0x4</alignment>
         <input_file_ref idref="fl-1a"/>
      </object_component>
      <object_component id="oc-1f7">
         <name>.text.UART2_close</name>
         <load_address>0x2000e47c</load_address>
         <readonly>true</readonly>
         <executable>true</executable>
         <run_address>0x2000e47c</run_address>
         <size>0xe8</size>
         <alignment>0x4</alignment>
         <input_file_ref idref="fl-20"/>
      </object_component>
      <object_component id="oc-2a3">
         <name>.text.UART2Support_dmaStartRx</name>
         <load_address>0x2000e564</load_address>
         <readonly>true</readonly>
         <executable>true</executable>
         <run_address>0x2000e564</run_address>
         <size>0xcc</size>
         <alignment>0x4</alignment>
         <input_file_ref idref="fl-20"/>
      </object_component>
      <object_component id="oc-312">
         <name>.text.IntDisable</name>
         <load_address>0x2000e630</load_address>
         <readonly>true</readonly>
         <executable>true</executable>
         <run_address>0x2000e630</run_address>
         <size>0xc8</size>
         <alignment>0x2</alignment>
         <input_file_ref idref="fl-2f"/>
      </object_component>
      <object_component id="oc-28c">
         <name>.text.IntEnable</name>
         <load_address>0x2000e6f8</load_address>
         <readonly>true</readonly>
         <executable>true</executable>
         <run_address>0x2000e6f8</run_address>
         <size>0xc8</size>
         <alignment>0x2</alignment>
         <input_file_ref idref="fl-2f"/>
      </object_component>
      <object_component id="oc-1f3">
         <name>.text.UART2CC32XX_initHw</name>
         <load_address>0x2000e7c0</load_address>
         <readonly>true</readonly>
         <executable>true</executable>
         <run_address>0x2000e7c0</run_address>
         <size>0xc4</size>
         <alignment>0x4</alignment>
         <input_file_ref idref="fl-20"/>
      </object_component>
      <object_component id="oc-b0">
         <name>.text.mainThread</name>
         <load_address>0x2000e884</load_address>
         <readonly>true</readonly>
         <executable>true</executable>
         <run_address>0x2000e884</run_address>
         <size>0xc4</size>
         <alignment>0x4</alignment>
         <input_file_ref idref="fl-2"/>
      </object_component>
      <object_component id="oc-2a6">
         <name>.text.UART2Support_dmaStartTx</name>
         <load_address>0x2000e948</load_address>
         <readonly>true</readonly>
         <executable>true</executable>
         <run_address>0x2000e948</run_address>
         <size>0xb8</size>
         <alignment>0x4</alignment>
         <input_file_ref idref="fl-20"/>
      </object_component>
      <object_component id="oc-2eb">
         <name>.text</name>
         <load_address>0x2000ea00</load_address>
         <readonly>true</readonly>
         <executable>true</executable>
         <run_address>0x2000ea00</run_address>
         <size>0xb0</size>
         <alignment>0x4</alignment>
         <input_file_ref idref="fl-e4"/>
      </object_component>
      <object_component id="oc-264">
         <name>.text.GPIOIntTypeSet</name>
         <load_address>0x2000eab0</load_address>
         <readonly>true</readonly>
         <executable>true</executable>
         <run_address>0x2000eab0</run_address>
         <size>0xac</size>
         <alignment>0x2</alignment>
         <input_file_ref idref="fl-2c"/>
      </object_component>
      <object_component id="oc-361">
         <name>.text.IntPendSet</name>
         <load_address>0x2000eb5c</load_address>
         <readonly>true</readonly>
         <executable>true</executable>
         <run_address>0x2000eb5c</run_address>
         <size>0xa4</size>
         <alignment>0x2</alignment>
         <input_file_ref idref="fl-2f"/>
      </object_component>
      <object_component id="oc-1bf">
         <name>.text.PinConfigSet</name>
         <load_address>0x2000ec00</load_address>
         <readonly>true</readonly>
         <executable>true</executable>
         <run_address>0x2000ec00</run_address>
         <size>0xa2</size>
         <alignment>0x2</alignment>
         <input_file_ref idref="fl-30"/>
      </object_component>
      <object_component id="oc-2b9">
         <name>.text.I2CCC32XX_completeTransfer</name>
         <load_address>0x2000eca2</load_address>
         <readonly>true</readonly>
         <executable>true</executable>
         <run_address>0x2000eca2</run_address>
         <size>0x9c</size>
         <alignment>0x2</alignment>
         <input_file_ref idref="fl-1a"/>
      </object_component>
      <object_component id="oc-1ab">
         <name>.text.PowerCC32XX_initPolicy</name>
         <load_address>0x2000ed3e</load_address>
         <readonly>true</readonly>
         <executable>true</executable>
         <run_address>0x2000ed3e</run_address>
         <size>0x2</size>
         <alignment>0x2</alignment>
         <input_file_ref idref="fl-28"/>
      </object_component>
      <object_component id="oc-18a">
         <name>.text.readTemp</name>
         <load_address>0x2000ed40</load_address>
         <readonly>true</readonly>
         <executable>true</executable>
         <run_address>0x2000ed40</run_address>
         <size>0x9c</size>
         <alignment>0x4</alignment>
         <input_file_ref idref="fl-6"/>
      </object_component>
      <object_component id="oc-2aa">
         <name>.text.I2CMasterInitExpClk</name>
         <load_address>0x2000eddc</load_address>
         <readonly>true</readonly>
         <executable>true</executable>
         <run_address>0x2000eddc</run_address>
         <size>0x98</size>
         <alignment>0x2</alignment>
         <input_file_ref idref="fl-2e"/>
      </object_component>
      <object_component id="oc-134">
         <name>.text.SemaphoreP_pend</name>
         <load_address>0x2000ee74</load_address>
         <readonly>true</readonly>
         <executable>true</executable>
         <run_address>0x2000ee74</run_address>
         <size>0x98</size>
         <alignment>0x4</alignment>
         <input_file_ref idref="fl-25"/>
      </object_component>
      <object_component id="oc-259">
         <name>.text.ClockP_doTick</name>
         <load_address>0x2000ef0c</load_address>
         <readonly>true</readonly>
         <executable>true</executable>
         <run_address>0x2000ef0c</run_address>
         <size>0x4</size>
         <alignment>0x2</alignment>
         <input_file_ref idref="fl-26"/>
      </object_component>
      <object_component id="oc-2f7">
         <name>.text</name>
         <load_address>0x2000ef10</load_address>
         <readonly>true</readonly>
         <executable>true</executable>
         <run_address>0x2000ef10</run_address>
         <size>0x96</size>
         <alignment>0x10</alignment>
         <input_file_ref idref="fl-1c"/>
      </object_component>
      <object_component id="oc-285">
         <name>.text.uDMAChannelAttributeDisable</name>
         <load_address>0x2000efa6</load_address>
         <readonly>true</readonly>
         <executable>true</executable>
         <run_address>0x2000efa6</run_address>
         <size>0x92</size>
         <alignment>0x2</alignment>
         <input_file_ref idref="fl-36"/>
      </object_component>
      <object_component id="oc-dc">
         <name>.text.GPIO_init</name>
         <load_address>0x2000f038</load_address>
         <readonly>true</readonly>
         <executable>true</executable>
         <run_address>0x2000f038</run_address>
         <size>0x90</size>
         <alignment>0x4</alignment>
         <input_file_ref idref="fl-18"/>
      </object_component>
      <object_component id="oc-113">
         <name>.text.PRCMSysResetCauseGet</name>
         <load_address>0x2000f0c8</load_address>
         <readonly>true</readonly>
         <executable>true</executable>
         <run_address>0x2000f0c8</run_address>
         <size>0x8e</size>
         <alignment>0x2</alignment>
         <input_file_ref idref="fl-31"/>
      </object_component>
      <object_component id="oc-295">
         <name>.text.SemaphoreP_destruct</name>
         <load_address>0x2000f156</load_address>
         <readonly>true</readonly>
         <executable>true</executable>
         <run_address>0x2000f156</run_address>
         <size>0x2</size>
         <alignment>0x2</alignment>
         <input_file_ref idref="fl-25"/>
      </object_component>
      <object_component id="oc-125">
         <name>.text.PowerCC32XX_configureWakeup</name>
         <load_address>0x2000f158</load_address>
         <readonly>true</readonly>
         <executable>true</executable>
         <run_address>0x2000f158</run_address>
         <size>0x88</size>
         <alignment>0x4</alignment>
         <input_file_ref idref="fl-1b"/>
      </object_component>
      <object_component id="oc-2b6">
         <name>.text.I2CCC32XX_primeReadBurst</name>
         <load_address>0x2000f1e0</load_address>
         <readonly>true</readonly>
         <executable>true</executable>
         <run_address>0x2000f1e0</run_address>
         <size>0x7a</size>
         <alignment>0x2</alignment>
         <input_file_ref idref="fl-1a"/>
      </object_component>
      <object_component id="oc-178">
         <name>.text.Timer_init</name>
         <load_address>0x2000f25a</load_address>
         <readonly>true</readonly>
         <executable>true</executable>
         <run_address>0x2000f25a</run_address>
         <size>0x2</size>
         <alignment>0x2</alignment>
         <input_file_ref idref="fl-1d"/>
      </object_component>
      <object_component id="oc-d7">
         <name>.text.Power_init</name>
         <load_address>0x2000f25c</load_address>
         <readonly>true</readonly>
         <executable>true</executable>
         <run_address>0x2000f25c</run_address>
         <size>0x78</size>
         <alignment>0x4</alignment>
         <input_file_ref idref="fl-1b"/>
      </object_component>
      <object_component id="oc-1f5">
         <name>.text.HwiP_construct</name>
         <load_address>0x2000f2d4</load_address>
         <readonly>true</readonly>
         <executable>true</executable>
         <run_address>0x2000f2d4</run_address>
         <size>0x74</size>
         <alignment>0x4</alignment>
         <input_file_ref idref="fl-27"/>
      </object_component>
      <object_component id="oc-1a8">
         <name>.text.PRCMHibernateWakeUpGPIOSelect</name>
         <load_address>0x2000f348</load_address>
         <readonly>true</readonly>
         <executable>true</executable>
         <run_address>0x2000f348</run_address>
         <size>0x74</size>
         <alignment>0x2</alignment>
         <input_file_ref idref="fl-31"/>
      </object_component>
      <object_component id="oc-27a">
         <name>.text.UARTConfigSetExpClk</name>
         <load_address>0x2000f3bc</load_address>
         <readonly>true</readonly>
         <executable>true</executable>
         <run_address>0x2000f3bc</run_address>
         <size>0x74</size>
         <alignment>0x2</alignment>
         <input_file_ref idref="fl-35"/>
      </object_component>
      <object_component id="oc-18">
         <name>.text:decompress:lzss</name>
         <load_address>0x2000f430</load_address>
         <readonly>true</readonly>
         <executable>true</executable>
         <run_address>0x2000f430</run_address>
         <size>0x70</size>
         <alignment>0x2</alignment>
         <input_file_ref idref="fl-50"/>
      </object_component>
      <object_component id="oc-2f5">
         <name>.text.PinLockLevelSet</name>
         <load_address>0x2000f4a0</load_address>
         <readonly>true</readonly>
         <executable>true</executable>
         <run_address>0x2000f4a0</run_address>
         <size>0x6c</size>
         <alignment>0x2</alignment>
         <input_file_ref idref="fl-30"/>
      </object_component>
      <object_component id="oc-1c0">
         <name>.text.Power_setDependency</name>
         <load_address>0x2000f50c</load_address>
         <readonly>true</readonly>
         <executable>true</executable>
         <run_address>0x2000f50c</run_address>
         <size>0x6c</size>
         <alignment>0x4</alignment>
         <input_file_ref idref="fl-1b"/>
      </object_component>
      <object_component id="oc-f6">
         <name>.text.TickFct</name>
         <load_address>0x2000f578</load_address>
         <readonly>true</readonly>
         <executable>true</executable>
         <run_address>0x2000f578</run_address>
         <size>0x6c</size>
         <alignment>0x4</alignment>
         <input_file_ref idref="fl-2"/>
      </object_component>
      <object_component id="oc-1f1">
         <name>.text.UDMACC32XX_open</name>
         <load_address>0x2000f5e4</load_address>
         <readonly>true</readonly>
         <executable>true</executable>
         <run_address>0x2000f5e4</run_address>
         <size>0x6c</size>
         <alignment>0x4</alignment>
         <input_file_ref idref="fl-23"/>
      </object_component>
      <object_component id="oc-f5">
         <name>.text.initTimer</name>
         <load_address>0x2000f650</load_address>
         <readonly>true</readonly>
         <executable>true</executable>
         <run_address>0x2000f650</run_address>
         <size>0x6c</size>
         <alignment>0x4</alignment>
         <input_file_ref idref="fl-4"/>
      </object_component>
      <object_component id="oc-13c">
         <name>.text.powerNotifyFxn</name>
         <load_address>0x2000f6bc</load_address>
         <readonly>true</readonly>
         <executable>true</executable>
         <run_address>0x2000f6bc</run_address>
         <size>0x6c</size>
         <alignment>0x4</alignment>
         <input_file_ref idref="fl-18"/>
      </object_component>
      <object_component id="oc-362">
         <name>.text.split</name>
         <load_address>0x2000f728</load_address>
         <readonly>true</readonly>
         <executable>true</executable>
         <run_address>0x2000f728</run_address>
         <size>0x6c</size>
         <alignment>0x4</alignment>
         <input_file_ref idref="fl-48"/>
      </object_component>
      <object_component id="oc-11b">
         <name>.text.PRCMPeripheralReset</name>
         <load_address>0x2000f794</load_address>
         <readonly>true</readonly>
         <executable>true</executable>
         <run_address>0x2000f794</run_address>
         <size>0x6a</size>
         <alignment>0x2</alignment>
         <input_file_ref idref="fl-31"/>
      </object_component>
      <object_component id="oc-1fa">
         <name>.text.UART2CC32XX_eventCallback</name>
         <load_address>0x2000f7fe</load_address>
         <readonly>true</readonly>
         <executable>true</executable>
         <run_address>0x2000f7fe</run_address>
         <size>0x2</size>
         <alignment>0x2</alignment>
         <input_file_ref idref="fl-20"/>
      </object_component>
      <object_component id="oc-207">
         <name>.text.I2CCC32XX_initHw</name>
         <load_address>0x2000f800</load_address>
         <readonly>true</readonly>
         <executable>true</executable>
         <run_address>0x2000f800</run_address>
         <size>0x68</size>
         <alignment>0x4</alignment>
         <input_file_ref idref="fl-1a"/>
      </object_component>
      <object_component id="oc-289">
         <name>.text.IntPendClear</name>
         <load_address>0x2000f868</load_address>
         <readonly>true</readonly>
         <executable>true</executable>
         <run_address>0x2000f868</run_address>
         <size>0x68</size>
         <alignment>0x2</alignment>
         <input_file_ref idref="fl-2f"/>
      </object_component>
      <object_component id="oc-2b7">
         <name>.text.I2CCC32XX_primeWriteBurst</name>
         <load_address>0x2000f8d0</load_address>
         <readonly>true</readonly>
         <executable>true</executable>
         <run_address>0x2000f8d0</run_address>
         <size>0x66</size>
         <alignment>0x2</alignment>
         <input_file_ref idref="fl-1a"/>
      </object_component>
      <object_component id="oc-350">
         <name>.text.__aeabi_ldiv0</name>
         <load_address>0x2000f936</load_address>
         <readonly>true</readonly>
         <executable>true</executable>
         <run_address>0x2000f936</run_address>
         <size>0x2</size>
         <alignment>0x2</alignment>
         <input_file_ref idref="fl-e6"/>
      </object_component>
      <object_component id="oc-2db">
         <name>.text.GPIO_write</name>
         <load_address>0x2000f938</load_address>
         <readonly>true</readonly>
         <executable>true</executable>
         <run_address>0x2000f938</run_address>
         <size>0x60</size>
         <alignment>0x4</alignment>
         <input_file_ref idref="fl-18"/>
      </object_component>
      <object_component id="oc-2a5">
         <name>.text.UART2Support_dmaStopTx</name>
         <load_address>0x2000f998</load_address>
         <readonly>true</readonly>
         <executable>true</executable>
         <run_address>0x2000f998</run_address>
         <size>0x60</size>
         <alignment>0x2</alignment>
         <input_file_ref idref="fl-20"/>
      </object_component>
      <object_component id="oc-35c">
         <name>.text.FlashDisable</name>
         <load_address>0x2000f9f8</load_address>
         <readonly>true</readonly>
         <executable>true</executable>
         <run_address>0x2000f9f8</run_address>
         <size>0x5c</size>
         <alignment>0x2</alignment>
         <input_file_ref idref="fl-38"/>
      </object_component>
      <object_component id="oc-2c4">
         <name>.text.I2CSupport_primeTransfer</name>
         <load_address>0x2000fa54</load_address>
         <readonly>true</readonly>
         <executable>true</executable>
         <run_address>0x2000fa54</run_address>
         <size>0x5c</size>
         <alignment>0x2</alignment>
         <input_file_ref idref="fl-1a"/>
      </object_component>
      <object_component id="oc-1aa">
         <name>.text.PRCMHibernateWakeupSourceDisable</name>
         <load_address>0x2000fab0</load_address>
         <readonly>true</readonly>
         <executable>true</executable>
         <run_address>0x2000fab0</run_address>
         <size>0x5c</size>
         <alignment>0x2</alignment>
         <input_file_ref idref="fl-31"/>
      </object_component>
      <object_component id="oc-21c">
         <name>.text.TimerCC32XX_allocateTimerResource</name>
         <load_address>0x2000fb0c</load_address>
         <readonly>true</readonly>
         <executable>true</executable>
         <run_address>0x2000fb0c</run_address>
         <size>0x5c</size>
         <alignment>0x4</alignment>
         <input_file_ref idref="fl-1e"/>
      </object_component>
      <object_component id="oc-11a">
         <name>.text.PRCMPeripheralClkEnable</name>
         <load_address>0x2000fb68</load_address>
         <readonly>true</readonly>
         <executable>true</executable>
         <run_address>0x2000fb68</run_address>
         <size>0x5a</size>
         <alignment>0x2</alignment>
         <input_file_ref idref="fl-31"/>
      </object_component>
      <object_component id="oc-196">
         <name>.text._nop</name>
         <load_address>0x2000fbc2</load_address>
         <readonly>true</readonly>
         <executable>true</executable>
         <run_address>0x2000fbc2</run_address>
         <size>0x2</size>
         <alignment>0x2</alignment>
         <input_file_ref idref="fl-56"/>
      </object_component>
      <object_component id="oc-2e9">
         <name>.text.ClockP_startup</name>
         <load_address>0x2000fbc4</load_address>
         <readonly>true</readonly>
         <executable>true</executable>
         <run_address>0x2000fbc4</run_address>
         <size>0x58</size>
         <alignment>0x4</alignment>
         <input_file_ref idref="fl-26"/>
      </object_component>
      <object_component id="oc-28b">
         <name>.text.IntPrioritySet</name>
         <load_address>0x2000fc1c</load_address>
         <readonly>true</readonly>
         <executable>true</executable>
         <run_address>0x2000fc1c</run_address>
         <size>0x58</size>
         <alignment>0x2</alignment>
         <input_file_ref idref="fl-2f"/>
      </object_component>
      <object_component id="oc-301">
         <name>.text.PRCMLPDSEnter</name>
         <load_address>0x2000fc74</load_address>
         <readonly>true</readonly>
         <executable>true</executable>
         <run_address>0x2000fc74</run_address>
         <size>0x56</size>
         <alignment>0x2</alignment>
         <input_file_ref idref="fl-31"/>
      </object_component>
      <object_component id="oc-57">
         <name>.text.busFaultHandler</name>
         <load_address>0x2000fcca</load_address>
         <readonly>true</readonly>
         <executable>true</executable>
         <run_address>0x2000fcca</run_address>
         <size>0x2</size>
         <alignment>0x2</alignment>
         <input_file_ref idref="fl-29"/>
      </object_component>
      <object_component id="oc-1d9">
         <name>.text.PowerCC32XX_setParkState</name>
         <load_address>0x2000fccc</load_address>
         <readonly>true</readonly>
         <executable>true</executable>
         <run_address>0x2000fccc</run_address>
         <size>0x54</size>
         <alignment>0x4</alignment>
         <input_file_ref idref="fl-1b"/>
      </object_component>
      <object_component id="oc-298">
         <name>.text.Power_releaseDependency</name>
         <load_address>0x2000fd20</load_address>
         <readonly>true</readonly>
         <executable>true</executable>
         <run_address>0x2000fd20</run_address>
         <size>0x54</size>
         <alignment>0x4</alignment>
         <input_file_ref idref="fl-1b"/>
      </object_component>
      <object_component id="oc-1cd">
         <name>.text.GPIO_hwiIntFxn</name>
         <load_address>0x2000fd74</load_address>
         <readonly>true</readonly>
         <executable>true</executable>
         <run_address>0x2000fd74</run_address>
         <size>0x50</size>
         <alignment>0x4</alignment>
         <input_file_ref idref="fl-18"/>
      </object_component>
      <object_component id="oc-1a9">
         <name>.text.PRCMHibernateWakeupSourceEnable</name>
         <load_address>0x2000fdc4</load_address>
         <readonly>true</readonly>
         <executable>true</executable>
         <run_address>0x2000fdc4</run_address>
         <size>0x50</size>
         <alignment>0x2</alignment>
         <input_file_ref idref="fl-31"/>
      </object_component>
      <object_component id="oc-25c">
         <name>.text.SemaphoreP_construct</name>
         <load_address>0x2000fe14</load_address>
         <readonly>true</readonly>
         <executable>true</executable>
         <run_address>0x2000fe14</run_address>
         <size>0x50</size>
         <alignment>0x4</alignment>
         <input_file_ref idref="fl-25"/>
      </object_component>
      <object_component id="oc-284">
         <name>.text.uDMAChannelAssign</name>
         <load_address>0x2000fe64</load_address>
         <readonly>true</readonly>
         <executable>true</executable>
         <run_address>0x2000fe64</run_address>
         <size>0x4e</size>
         <alignment>0x2</alignment>
         <input_file_ref idref="fl-36"/>
      </object_component>
      <object_component id="oc-1be">
         <name>.text.clkFxn</name>
         <load_address>0x2000feb2</load_address>
         <readonly>true</readonly>
         <executable>true</executable>
         <run_address>0x2000feb2</run_address>
         <size>0x2</size>
         <alignment>0x2</alignment>
         <input_file_ref idref="fl-25"/>
      </object_component>
      <object_component id="oc-1c9">
         <name>.text.GPIO_setInterruptConfig</name>
         <load_address>0x2000feb4</load_address>
         <readonly>true</readonly>
         <executable>true</executable>
         <run_address>0x2000feb4</run_address>
         <size>0x4c</size>
         <alignment>0x4</alignment>
         <input_file_ref idref="fl-18"/>
      </object_component>
      <object_component id="oc-35a">
         <name>.text.PRCMLPDSRestoreInfoSet</name>
         <load_address>0x2000ff00</load_address>
         <readonly>true</readonly>
         <executable>true</executable>
         <run_address>0x2000ff00</run_address>
         <size>0x4c</size>
         <alignment>0x2</alignment>
         <input_file_ref idref="fl-31"/>
      </object_component>
      <object_component id="oc-ed">
         <name>.text.initGPIO</name>
         <load_address>0x2000ff4c</load_address>
         <readonly>true</readonly>
         <executable>true</executable>
         <run_address>0x2000ff4c</run_address>
         <size>0x4c</size>
         <alignment>0x4</alignment>
         <input_file_ref idref="fl-4"/>
      </object_component>
      <object_component id="oc-220">
         <name>.text.initHw</name>
         <load_address>0x2000ff98</load_address>
         <readonly>true</readonly>
         <executable>true</executable>
         <run_address>0x2000ff98</run_address>
         <size>0x4c</size>
         <alignment>0x2</alignment>
         <input_file_ref idref="fl-1e"/>
      </object_component>
      <object_component id="oc-2a1">
         <name>.text.UART2Support_dmaStopRx</name>
         <load_address>0x2000ffe4</load_address>
         <readonly>true</readonly>
         <executable>true</executable>
         <run_address>0x2000ffe4</run_address>
         <size>0x4a</size>
         <alignment>0x2</alignment>
         <input_file_ref idref="fl-20"/>
      </object_component>
      <object_component id="oc-21f">
         <name>.text.getPrescaler</name>
         <load_address>0x2001002e</load_address>
         <readonly>true</readonly>
         <executable>true</executable>
         <run_address>0x2001002e</run_address>
         <size>0x4a</size>
         <alignment>0x2</alignment>
         <input_file_ref idref="fl-1e"/>
      </object_component>
      <object_component id="oc-319">
         <name>.text.uDMAChannelSizeGet</name>
         <load_address>0x20010078</load_address>
         <readonly>true</readonly>
         <executable>true</executable>
         <run_address>0x20010078</run_address>
         <size>0x4a</size>
         <alignment>0x2</alignment>
         <input_file_ref idref="fl-36"/>
      </object_component>
      <object_component id="oc-56">
         <name>.text.defaultHandler</name>
         <load_address>0x200100c2</load_address>
         <readonly>true</readonly>
         <executable>true</executable>
         <run_address>0x200100c2</run_address>
         <size>0x2</size>
         <alignment>0x2</alignment>
         <input_file_ref idref="fl-29"/>
      </object_component>
      <object_component id="oc-58">
         <name>.text.ClockP_sysTickHandler</name>
         <load_address>0x200100c4</load_address>
         <readonly>true</readonly>
         <executable>true</executable>
         <run_address>0x200100c4</run_address>
         <size>0x48</size>
         <alignment>0x4</alignment>
         <input_file_ref idref="fl-26"/>
      </object_component>
      <object_component id="oc-2fb">
         <name>.text.PRCMIntEnable</name>
         <load_address>0x2001010c</load_address>
         <readonly>true</readonly>
         <executable>true</executable>
         <run_address>0x2001010c</run_address>
         <size>0x48</size>
         <alignment>0x2</alignment>
         <input_file_ref idref="fl-31"/>
      </object_component>
      <object_component id="oc-261">
         <name>.text.PRCMPeripheralStatusGet</name>
         <load_address>0x20010154</load_address>
         <readonly>true</readonly>
         <executable>true</executable>
         <run_address>0x20010154</run_address>
         <size>0x48</size>
         <alignment>0x2</alignment>
         <input_file_ref idref="fl-31"/>
      </object_component>
      <object_component id="oc-357">
         <name>.text.PinConfigGet</name>
         <load_address>0x2001019c</load_address>
         <readonly>true</readonly>
         <executable>true</executable>
         <run_address>0x2001019c</run_address>
         <size>0x48</size>
         <alignment>0x2</alignment>
         <input_file_ref idref="fl-30"/>
      </object_component>
      <object_component id="oc-232">
         <name>.text.__fixdfsi</name>
         <load_address>0x200101e4</load_address>
         <readonly>true</readonly>
         <executable>true</executable>
         <run_address>0x200101e4</run_address>
         <size>0x48</size>
         <alignment>0x4</alignment>
         <input_file_ref idref="fl-de"/>
      </object_component>
      <object_component id="oc-2b5">
         <name>.text.I2CCC32XX_fillTransmitFifo</name>
         <load_address>0x2001022c</load_address>
         <readonly>true</readonly>
         <executable>true</executable>
         <run_address>0x2001022c</run_address>
         <size>0x46</size>
         <alignment>0x2</alignment>
         <input_file_ref idref="fl-1a"/>
      </object_component>
      <object_component id="oc-300">
         <name>.text.PRCMLPDSEnterKeepDebugIf</name>
         <load_address>0x20010272</load_address>
         <readonly>true</readonly>
         <executable>true</executable>
         <run_address>0x20010272</run_address>
         <size>0x46</size>
         <alignment>0x2</alignment>
         <input_file_ref idref="fl-31"/>
      </object_component>
      <object_component id="oc-317">
         <name>.text.RingBuf_put</name>
         <load_address>0x200102b8</load_address>
         <readonly>true</readonly>
         <executable>true</executable>
         <run_address>0x200102b8</run_address>
         <size>0x46</size>
         <alignment>0x2</alignment>
         <input_file_ref idref="fl-22"/>
      </object_component>
      <object_component id="oc-1c3">
         <name>.text.GPIODirModeSet</name>
         <load_address>0x200102fe</load_address>
         <readonly>true</readonly>
         <executable>true</executable>
         <run_address>0x200102fe</run_address>
         <size>0x44</size>
         <alignment>0x2</alignment>
         <input_file_ref idref="fl-2c"/>
      </object_component>
      <object_component id="oc-55">
         <name>.text.faultISR</name>
         <load_address>0x20010342</load_address>
         <readonly>true</readonly>
         <executable>true</executable>
         <run_address>0x20010342</run_address>
         <size>0x2</size>
         <alignment>0x2</alignment>
         <input_file_ref idref="fl-29"/>
      </object_component>
      <object_component id="oc-265">
         <name>.text.GPIO_disableInt</name>
         <load_address>0x20010344</load_address>
         <readonly>true</readonly>
         <executable>true</executable>
         <run_address>0x20010344</run_address>
         <size>0x44</size>
         <alignment>0x4</alignment>
         <input_file_ref idref="fl-18"/>
      </object_component>
      <object_component id="oc-148">
         <name>.text.GPIO_enableInt</name>
         <load_address>0x20010388</load_address>
         <readonly>true</readonly>
         <executable>true</executable>
         <run_address>0x20010388</run_address>
         <size>0x44</size>
         <alignment>0x4</alignment>
         <input_file_ref idref="fl-18"/>
      </object_component>
      <object_component id="oc-2a4">
         <name>.text.Power_releaseConstraint</name>
         <load_address>0x200103cc</load_address>
         <readonly>true</readonly>
         <executable>true</executable>
         <run_address>0x200103cc</run_address>
         <size>0x44</size>
         <alignment>0x4</alignment>
         <input_file_ref idref="fl-1b"/>
      </object_component>
      <object_component id="oc-185">
         <name>.text.Timer_start</name>
         <load_address>0x20010410</load_address>
         <readonly>true</readonly>
         <executable>true</executable>
         <run_address>0x20010410</run_address>
         <size>0x44</size>
         <alignment>0x2</alignment>
         <input_file_ref idref="fl-1d"/>
      </object_component>
      <object_component id="oc-7d">
         <name>.text.addToList</name>
         <load_address>0x20010454</load_address>
         <readonly>true</readonly>
         <executable>true</executable>
         <run_address>0x20010454</run_address>
         <size>0x44</size>
         <alignment>0x4</alignment>
         <input_file_ref idref="fl-26"/>
      </object_component>
      <object_component id="oc-165">
         <name>.text.snprintf</name>
         <load_address>0x20010498</load_address>
         <readonly>true</readonly>
         <executable>true</executable>
         <run_address>0x20010498</run_address>
         <size>0x44</size>
         <alignment>0x4</alignment>
         <input_file_ref idref="fl-47"/>
      </object_component>
      <object_component id="oc-122">
         <name>.text.PinModeSet</name>
         <load_address>0x200104dc</load_address>
         <readonly>true</readonly>
         <executable>true</executable>
         <run_address>0x200104dc</run_address>
         <size>0x42</size>
         <alignment>0x2</alignment>
         <input_file_ref idref="fl-30"/>
      </object_component>
      <object_component id="oc-2d4">
         <name>.text.TimerControlStall</name>
         <load_address>0x2001051e</load_address>
         <readonly>true</readonly>
         <executable>true</executable>
         <run_address>0x2001051e</run_address>
         <size>0x42</size>
         <alignment>0x2</alignment>
         <input_file_ref idref="fl-34"/>
      </object_component>
      <object_component id="oc-21e">
         <name>.text.Timer_close</name>
         <load_address>0x20010560</load_address>
         <readonly>true</readonly>
         <executable>true</executable>
         <run_address>0x20010560</run_address>
         <size>0x42</size>
         <alignment>0x2</alignment>
         <input_file_ref idref="fl-1e"/>
      </object_component>
      <object_component id="oc-247">
         <name>.text.getCountsRTC</name>
         <load_address>0x200105a2</load_address>
         <readonly>true</readonly>
         <executable>true</executable>
         <run_address>0x200105a2</run_address>
         <size>0x42</size>
         <alignment>0x2</alignment>
         <input_file_ref idref="fl-28"/>
      </object_component>
      <object_component id="oc-137">
         <name>.text.SemaphoreP_post</name>
         <load_address>0x200105e4</load_address>
         <readonly>true</readonly>
         <executable>true</executable>
         <run_address>0x200105e4</run_address>
         <size>0x40</size>
         <alignment>0x4</alignment>
         <input_file_ref idref="fl-25"/>
      </object_component>
      <object_component id="oc-2ca">
         <name>.text.Timer_stop</name>
         <load_address>0x20010624</load_address>
         <readonly>true</readonly>
         <executable>true</executable>
         <run_address>0x20010624</run_address>
         <size>0x40</size>
         <alignment>0x2</alignment>
         <input_file_ref idref="fl-1d"/>
      </object_component>
      <object_component id="oc-331">
         <name>.text.atoi</name>
         <load_address>0x20010664</load_address>
         <readonly>true</readonly>
         <executable>true</executable>
         <run_address>0x20010664</run_address>
         <size>0x40</size>
         <alignment>0x4</alignment>
         <input_file_ref idref="fl-5a"/>
      </object_component>
      <object_component id="oc-31c">
         <name>.text.uDMAChannelControlSet</name>
         <load_address>0x200106a4</load_address>
         <readonly>true</readonly>
         <executable>true</executable>
         <run_address>0x200106a4</run_address>
         <size>0x40</size>
         <alignment>0x2</alignment>
         <input_file_ref idref="fl-36"/>
      </object_component>
      <object_component id="oc-359">
         <name>.text.PinDirModeSet</name>
         <load_address>0x200106e4</load_address>
         <readonly>true</readonly>
         <executable>true</executable>
         <run_address>0x200106e4</run_address>
         <size>0x3e</size>
         <alignment>0x2</alignment>
         <input_file_ref idref="fl-30"/>
      </object_component>
      <object_component id="oc-54">
         <name>.text.nmiISR</name>
         <load_address>0x20010722</load_address>
         <readonly>true</readonly>
         <executable>true</executable>
         <run_address>0x20010722</run_address>
         <size>0x2</size>
         <alignment>0x2</alignment>
         <input_file_ref idref="fl-29"/>
      </object_component>
      <object_component id="oc-260">
         <name>.text.ClockP_stop</name>
         <load_address>0x20010724</load_address>
         <readonly>true</readonly>
         <executable>true</executable>
         <run_address>0x20010724</run_address>
         <size>0x3c</size>
         <alignment>0x4</alignment>
         <input_file_ref idref="fl-26"/>
      </object_component>
      <object_component id="oc-1ec">
         <name>.text.UDMACC32XX_init</name>
         <load_address>0x20010760</load_address>
         <readonly>true</readonly>
         <executable>true</executable>
         <run_address>0x20010760</run_address>
         <size>0x3c</size>
         <alignment>0x4</alignment>
         <input_file_ref idref="fl-23"/>
      </object_component>
      <object_component id="oc-228">
         <name>.text.TimerSupport_timerEnable</name>
         <load_address>0x2001079c</load_address>
         <readonly>true</readonly>
         <executable>true</executable>
         <run_address>0x2001079c</run_address>
         <size>0x3a</size>
         <alignment>0x2</alignment>
         <input_file_ref idref="fl-1e"/>
      </object_component>
      <object_component id="oc-1bd">
         <name>.text.ClockP_destruct</name>
         <load_address>0x200107d8</load_address>
         <readonly>true</readonly>
         <executable>true</executable>
         <run_address>0x200107d8</run_address>
         <size>0x38</size>
         <alignment>0x4</alignment>
         <input_file_ref idref="fl-26"/>
      </object_component>
      <object_component id="oc-2d9">
         <name>.text.Power_setConstraint</name>
         <load_address>0x20010810</load_address>
         <readonly>true</readonly>
         <executable>true</executable>
         <run_address>0x20010810</run_address>
         <size>0x38</size>
         <alignment>0x4</alignment>
         <input_file_ref idref="fl-1b"/>
      </object_component>
      <object_component id="oc-2e1">
         <name>.text.RingBuf_putAdvance</name>
         <load_address>0x20010848</load_address>
         <readonly>true</readonly>
         <executable>true</executable>
         <run_address>0x20010848</run_address>
         <size>0x38</size>
         <alignment>0x2</alignment>
         <input_file_ref idref="fl-22"/>
      </object_component>
      <object_component id="oc-258">
         <name>.text.SwiP_restore</name>
         <load_address>0x20010880</load_address>
         <readonly>true</readonly>
         <executable>true</executable>
         <run_address>0x20010880</run_address>
         <size>0x38</size>
         <alignment>0x4</alignment>
         <input_file_ref idref="fl-2a"/>
      </object_component>
      <object_component id="oc-296">
         <name>.text.UDMACC32XX_close</name>
         <load_address>0x200108b8</load_address>
         <readonly>true</readonly>
         <executable>true</executable>
         <run_address>0x200108b8</run_address>
         <size>0x38</size>
         <alignment>0x4</alignment>
         <input_file_ref idref="fl-23"/>
      </object_component>
      <object_component id="oc-18d">
         <name>.text.sendUARTData</name>
         <load_address>0x200108f0</load_address>
         <readonly>true</readonly>
         <executable>true</executable>
         <run_address>0x200108f0</run_address>
         <size>0x38</size>
         <alignment>0x4</alignment>
         <input_file_ref idref="fl-2"/>
      </object_component>
      <object_component id="oc-bf">
         <name>.text:__TI_auto_init_nobinit_nopinit</name>
         <load_address>0x20010928</load_address>
         <readonly>true</readonly>
         <executable>true</executable>
         <run_address>0x20010928</run_address>
         <size>0x38</size>
         <alignment>0x4</alignment>
         <input_file_ref idref="fl-4b"/>
      </object_component>
      <object_component id="oc-2f6">
         <name>.text.PinLock</name>
         <load_address>0x20010960</load_address>
         <readonly>true</readonly>
         <executable>true</executable>
         <run_address>0x20010960</run_address>
         <size>0x36</size>
         <alignment>0x2</alignment>
         <input_file_ref idref="fl-30"/>
      </object_component>
      <object_component id="oc-225">
         <name>.text.TimerCC32XX_hwiIntFunction</name>
         <load_address>0x20010996</load_address>
         <readonly>true</readonly>
         <executable>true</executable>
         <run_address>0x20010996</run_address>
         <size>0x36</size>
         <alignment>0x2</alignment>
         <input_file_ref idref="fl-1e"/>
      </object_component>
      <object_component id="oc-34d">
         <name>.text.UARTCharPutNonBlocking</name>
         <load_address>0x200109cc</load_address>
         <readonly>true</readonly>
         <executable>true</executable>
         <run_address>0x200109cc</run_address>
         <size>0x36</size>
         <alignment>0x2</alignment>
         <input_file_ref idref="fl-35"/>
      </object_component>
      <object_component id="oc-1ba">
         <name>.text.ClockP_start</name>
         <load_address>0x20010a04</load_address>
         <readonly>true</readonly>
         <executable>true</executable>
         <run_address>0x20010a04</run_address>
         <size>0x34</size>
         <alignment>0x4</alignment>
         <input_file_ref idref="fl-26"/>
      </object_component>
      <object_component id="oc-323">
         <name>.text.I2CFIFODataPutNonBlocking</name>
         <load_address>0x20010a38</load_address>
         <readonly>true</readonly>
         <executable>true</executable>
         <run_address>0x20010a38</run_address>
         <size>0x34</size>
         <alignment>0x2</alignment>
         <input_file_ref idref="fl-2e"/>
      </object_component>
      <object_component id="oc-358">
         <name>.text.PinDirModeGet</name>
         <load_address>0x20010a6c</load_address>
         <readonly>true</readonly>
         <executable>true</executable>
         <run_address>0x20010a6c</run_address>
         <size>0x34</size>
         <alignment>0x2</alignment>
         <input_file_ref idref="fl-30"/>
      </object_component>
      <object_component id="oc-11d">
         <name>.text.PinModeGet</name>
         <load_address>0x20010aa0</load_address>
         <readonly>true</readonly>
         <executable>true</executable>
         <run_address>0x20010aa0</run_address>
         <size>0x34</size>
         <alignment>0x2</alignment>
         <input_file_ref idref="fl-30"/>
      </object_component>
      <object_component id="oc-2f4">
         <name>.text.PowerCC32XX_parkPin</name>
         <load_address>0x20010ad4</load_address>
         <readonly>true</readonly>
         <executable>true</executable>
         <run_address>0x20010ad4</run_address>
         <size>0x34</size>
         <alignment>0x2</alignment>
         <input_file_ref idref="fl-1b"/>
      </object_component>
      <object_component id="oc-2cc">
         <name>.text.TimerCC32XX_freeTimerResource</name>
         <load_address>0x20010b08</load_address>
         <readonly>true</readonly>
         <executable>true</executable>
         <run_address>0x20010b08</run_address>
         <size>0x34</size>
         <alignment>0x4</alignment>
         <input_file_ref idref="fl-1e"/>
      </object_component>
      <object_component id="oc-292">
         <name>.text.UART2_rxDisable</name>
         <load_address>0x20010b3c</load_address>
         <readonly>true</readonly>
         <executable>true</executable>
         <run_address>0x20010b3c</run_address>
         <size>0x34</size>
         <alignment>0x2</alignment>
         <input_file_ref idref="fl-1f"/>
      </object_component>
      <object_component id="oc-4f">
         <name>.text.initVectors</name>
         <load_address>0x20010b70</load_address>
         <readonly>true</readonly>
         <executable>true</executable>
         <run_address>0x20010b70</run_address>
         <size>0x34</size>
         <alignment>0x4</alignment>
         <input_file_ref idref="fl-29"/>
      </object_component>
      <object_component id="oc-244">
         <name>.text.ClockP_getTicksUntilInterrupt</name>
         <load_address>0x20010ba4</load_address>
         <readonly>true</readonly>
[...]
      </symbol>
      <symbol id="sm-54e">
         <name>PinLockLevelSet</name>
         <value>0x2000f4a1</value>
         <object_component_ref idref="oc-2f5"/>
      </symbol>
      <symbol id="sm-54f">
         <name>PinModeGet</name>
         <value>0x20010aa1</value>
         <object_component_ref idref="oc-11d"/>
      </symbol>
      <symbol id="sm-550">
         <name>PinModeSet</name>
         <value>0x200104dd</value>
         <object_component_ref idref="oc-122"/>
      </symbol>
      <symbol id="sm-551">
         <name>PinToPadGet</name>
         <value>0x20011589</value>
         <object_component_ref idref="oc-29a"/>
      </symbol>
      <symbol id="sm-552">
         <name>PinTypeI2C</name>
         <value>0x200112e5</value>
         <object_component_ref idref="oc-206"/>
      </symbol>
      <symbol id="sm-553">
         <name>PinTypeUART</name>
         <value>0x200113a5</value>
         <object_component_ref idref="oc-26d"/>
      </symbol>
      <symbol id="sm-554">
         <name>PinUnlock</name>
         <value>0x2001125f</value>
         <object_component_ref idref="oc-2fc"/>
      </symbol>
      <symbol id="sm-606">
         <name>PRCMCC3200MCUInit</name>
         <value>0x2000c8ad</value>
         <object_component_ref idref="oc-d2"/>
      </symbol>
      <symbol id="sm-607">
         <name>PRCMHIBRegRead</name>
         <value>0x2001153b</value>
         <object_component_ref idref="oc-119"/>
      </symbol>
      <symbol id="sm-608">
         <name>PRCMHIBRegWrite</name>
         <value>0x20011555</value>
         <object_component_ref idref="oc-118"/>
      </symbol>
      <symbol id="sm-609">
         <name>PRCMHibernateWakeUpGPIOSelect</name>
         <value>0x2000f349</value>
         <object_component_ref idref="oc-1a8"/>
      </symbol>
      <symbol id="sm-60a">
         <name>PRCMHibernateWakeupSourceDisable</name>
         <value>0x2000fab1</value>
         <object_component_ref idref="oc-1aa"/>
      </symbol>
      <symbol id="sm-60b">
         <name>PRCMHibernateWakeupSourceEnable</name>
         <value>0x2000fdc5</value>
         <object_component_ref idref="oc-1a9"/>
      </symbol>
      <symbol id="sm-60c">
         <name>PRCMIntEnable</name>
         <value>0x2001010d</value>
         <object_component_ref idref="oc-2fb"/>
      </symbol>
      <symbol id="sm-60d">
         <name>PRCMLPDSEnter</name>
         <value>0x2000fc75</value>
         <object_component_ref idref="oc-301"/>
      </symbol>
      <symbol id="sm-60e">
         <name>PRCMLPDSEnterKeepDebugIf</name>
         <value>0x20010273</value>
         <object_component_ref idref="oc-300"/>
      </symbol>
      <symbol id="sm-60f">
         <name>PRCMLPDSIntervalSet</name>
         <value>0x20010c05</value>
         <object_component_ref idref="oc-251"/>
      </symbol>
      <symbol id="sm-610">
         <name>PRCMLPDSRestoreInfoSet</name>
         <value>0x2000ff01</value>
         <object_component_ref idref="oc-35a"/>
      </symbol>
      <symbol id="sm-611">
         <name>PRCMLPDSWakeUpGPIOSelect</name>
         <value>0x20010eeb</value>
         <object_component_ref idref="oc-1a7"/>
      </symbol>
      <symbol id="sm-612">
         <name>PRCMLPDSWakeupCauseGet</name>
         <value>0x20011ad9</value>
         <object_component_ref idref="oc-2fe"/>
      </symbol>
      <symbol id="sm-613">
         <name>PRCMLPDSWakeupSourceDisable</name>
         <value>0x2001156f</value>
         <object_component_ref idref="oc-1a6"/>
      </symbol>
      <symbol id="sm-614">
         <name>PRCMLPDSWakeupSourceEnable</name>
         <value>0x20011163</value>
         <object_component_ref idref="oc-1a5"/>
      </symbol>
      <symbol id="sm-615">
         <name>PRCMPeripheralClkDisable</name>
         <value>0x20010f15</value>
         <object_component_ref idref="oc-11c"/>
      </symbol>
      <symbol id="sm-616">
         <name>PRCMPeripheralClkEnable</name>
         <value>0x2000fb69</value>
         <object_component_ref idref="oc-11a"/>
      </symbol>
      <symbol id="sm-617">
         <name>PRCMPeripheralReset</name>
         <value>0x2000f795</value>
         <object_component_ref idref="oc-11b"/>
      </symbol>
      <symbol id="sm-618">
         <name>PRCMPeripheralStatusGet</name>
         <value>0x20010155</value>
         <object_component_ref idref="oc-261"/>
      </symbol>
      <symbol id="sm-619">
         <name>PRCMSRAMRetentionEnable</name>
         <value>0x20011031</value>
         <object_component_ref idref="oc-2f3"/>
      </symbol>
      <symbol id="sm-61a">
         <name>PRCMSleepEnter</name>
         <value>0x20011bcd</value>
         <object_component_ref idref="oc-257"/>
      </symbol>
      <symbol id="sm-61b">
         <name>PRCMSlowClkCtrFastGet</name>
         <value>0x20010c35</value>
         <object_component_ref idref="oc-2ea"/>
      </symbol>
      <symbol id="sm-61c">
         <name>PRCMSysResetCauseGet</name>
         <value>0x2000f0c9</value>
         <object_component_ref idref="oc-113"/>
      </symbol>
      <symbol id="sm-63a">
         <name>SysTickEnable</name>
         <value>0x200118a7</value>
         <object_component_ref idref="oc-255"/>
      </symbol>
      <symbol id="sm-63b">
         <name>SysTickIntDisable</name>
         <value>0x200118b9</value>
         <object_component_ref idref="oc-24c"/>
      </symbol>
      <symbol id="sm-63c">
         <name>SysTickIntEnable</name>
         <value>0x200118cb</value>
         <object_component_ref idref="oc-256"/>
      </symbol>
      <symbol id="sm-63d">
         <name>SysTickPeriodSet</name>
         <value>0x2001168d</value>
         <object_component_ref idref="oc-254"/>
      </symbol>
      <symbol id="sm-67c">
         <name>TimerControlStall</name>
         <value>0x2001051f</value>
         <object_component_ref idref="oc-2d4"/>
      </symbol>
      <symbol id="sm-67d">
         <name>TimerDisable</name>
         <value>0x20011385</value>
         <object_component_ref idref="oc-2cd"/>
      </symbol>
      <symbol id="sm-67e">
         <name>TimerEnable</name>
         <value>0x200115a3</value>
         <object_component_ref idref="oc-2da"/>
      </symbol>
      <symbol id="sm-67f">
         <name>TimerIntClear</name>
         <value>0x20011991</value>
         <object_component_ref idref="oc-2d7"/>
      </symbol>
      <symbol id="sm-680">
         <name>TimerIntDisable</name>
         <value>0x200116a3</value>
         <object_component_ref idref="oc-39a"/>
      </symbol>
      <symbol id="sm-681">
         <name>TimerIntEnable</name>
         <value>0x200117b1</value>
         <object_component_ref idref="oc-2d8"/>
      </symbol>
      <symbol id="sm-682">
         <name>TimerLoadSet</name>
         <value>0x20010c65</value>
         <object_component_ref idref="oc-2d3"/>
      </symbol>
      <symbol id="sm-683">
         <name>TimerPrescaleSet</name>
         <value>0x20010c95</value>
         <object_component_ref idref="oc-2d2"/>
      </symbol>
      <symbol id="sm-6ed">
         <name>UARTBusy</name>
         <value>0x200119c1</value>
         <object_component_ref idref="oc-34e"/>
      </symbol>
      <symbol id="sm-6ee">
         <name>UARTCharPutNonBlocking</name>
         <value>0x200109cd</value>
         <object_component_ref idref="oc-34d"/>
      </symbol>
      <symbol id="sm-6ef">
         <name>UARTCharsAvail</name>
         <value>0x200116b9</value>
         <object_component_ref idref="oc-2a2"/>
      </symbol>
      <symbol id="sm-6f0">
         <name>UARTConfigSetExpClk</name>
         <value>0x2000f3bd</value>
         <object_component_ref idref="oc-27a"/>
      </symbol>
      <symbol id="sm-6f1">
         <name>UARTDMADisable</name>
         <value>0x200116cf</value>
         <object_component_ref idref="oc-291"/>
      </symbol>
      <symbol id="sm-6f2">
         <name>UARTDMAEnable</name>
         <value>0x200117c5</value>
         <object_component_ref idref="oc-31f"/>
      </symbol>
      <symbol id="sm-6f3">
         <name>UARTDisable</name>
         <value>0x20010ddf</value>
         <object_component_ref idref="oc-293"/>
      </symbol>
      <symbol id="sm-6f4">
         <name>UARTEnable</name>
         <value>0x200113e1</value>
         <object_component_ref idref="oc-280"/>
      </symbol>
      <symbol id="sm-6f5">
         <name>UARTFIFOLevelSet</name>
         <value>0x200116e5</value>
         <object_component_ref idref="oc-282"/>
      </symbol>
      <symbol id="sm-6f6">
         <name>UARTFlowControlSet</name>
         <value>0x200115bd</value>
         <object_component_ref idref="oc-283"/>
      </symbol>
      <symbol id="sm-6f7">
         <name>UARTIntClear</name>
         <value>0x200119d1</value>
         <object_component_ref idref="oc-27f"/>
      </symbol>
      <symbol id="sm-6f8">
         <name>UARTIntDisable</name>
         <value>0x200116fb</value>
         <object_component_ref idref="oc-290"/>
      </symbol>
      <symbol id="sm-6f9">
         <name>UARTIntEnable</name>
         <value>0x200117d9</value>
         <object_component_ref idref="oc-281"/>
      </symbol>
      <symbol id="sm-6fa">
         <name>UARTIntStatus</name>
         <value>0x20010f3f</value>
         <object_component_ref idref="oc-29d"/>
      </symbol>
      <symbol id="sm-6fb">
         <name>UARTRxErrorGet</name>
         <value>0x200119e1</value>
         <object_component_ref idref="oc-29f"/>
      </symbol>
      <symbol id="sm-754">
         <name>uDMAChannelAssign</name>
         <value>0x2000fe65</value>
         <object_component_ref idref="oc-284"/>
      </symbol>
      <symbol id="sm-755">
         <name>uDMAChannelAttributeDisable</name>
         <value>0x2000efa7</value>
         <object_component_ref idref="oc-285"/>
      </symbol>
      <symbol id="sm-756">
         <name>uDMAChannelControlSet</name>
         <value>0x200106a5</value>
         <object_component_ref idref="oc-31c"/>
      </symbol>
      <symbol id="sm-757">
         <name>uDMAChannelDisable</name>
         <value>0x2001141d</value>
         <object_component_ref idref="oc-318"/>
      </symbol>
      <symbol id="sm-758">
         <name>uDMAChannelEnable</name>
         <value>0x2001143b</value>
         <object_component_ref idref="oc-31e"/>
      </symbol>
      <symbol id="sm-759">
         <name>uDMAChannelIsEnabled</name>
         <value>0x20011459</value>
         <object_component_ref idref="oc-2a0"/>
      </symbol>
      <symbol id="sm-75a">
         <name>uDMAChannelSizeGet</name>
         <value>0x20010079</value>
         <object_component_ref idref="oc-319"/>
      </symbol>
      <symbol id="sm-75b">
         <name>uDMAChannelTransferSet</name>
         <value>0x2000e097</value>
         <object_component_ref idref="oc-31d"/>
      </symbol>
      <symbol id="sm-75c">
         <name>uDMAControlBaseSet</name>
         <value>0x20011801</value>
         <object_component_ref idref="oc-277"/>
      </symbol>
      <symbol id="sm-75d">
         <name>uDMAEnable</name>
         <value>0x20011a59</value>
         <object_component_ref idref="oc-272"/>
      </symbol>
      <symbol id="sm-75e">
         <name>uDMAErrorStatusClear</name>
         <value>0x20011a67</value>
         <object_component_ref idref="oc-3a1"/>
      </symbol>
      <symbol id="sm-75f">
         <name>uDMAErrorStatusGet</name>
         <value>0x20011b51</value>
         <object_component_ref idref="oc-3a0"/>
      </symbol>
      <symbol id="sm-760">
         <name>uDMAIntClear</name>
         <value>0x20011815</value>
         <object_component_ref idref="oc-31a"/>
      </symbol>
      <symbol id="sm-76b">
         <name>UtilsDelay</name>
         <value>0x20011bd5</value>
         <object_component_ref idref="oc-114"/>
      </symbol>
      <symbol id="sm-798">
         <name>FlashDisable</name>
         <value>0x2000f9f9</value>
         <object_component_ref idref="oc-35c"/>
      </symbol>
      <symbol id="sm-7a9">
         <name>snprintf</name>
         <value>0x20010499</value>
         <object_component_ref idref="oc-165"/>
      </symbol>
      <symbol id="sm-7c9">
         <name>malloc</name>
         <value>0x20011bed</value>
         <object_component_ref idref="oc-25b"/>
      </symbol>
      <symbol id="sm-7ca">
         <name>aligned_alloc</name>
         <value>0x2000de5d</value>
         <object_component_ref idref="oc-304"/>
      </symbol>
      <symbol id="sm-7cb">
         <name>free</name>
         <value>0x2000e2a5</value>
         <object_component_ref idref="oc-1b7"/>
      </symbol>
      <symbol id="sm-7cc">
         <name>_sys_memory</name>
         <value>0x20004040</value>
         <object_component_ref idref="oc-31"/>
      </symbol>
      <symbol id="sm-7cd">
         <name>memalign</name>
         <value>0x2000de5d</value>
         <object_component_ref idref="oc-304"/>
      </symbol>
      <symbol id="sm-7d8">
         <name>_c_int00_noargs</name>
         <value>0x20011219</value>
         <object_component_ref idref="oc-76"/>
      </symbol>
      <symbol id="sm-7d9">
         <name>__stack</name>
         <value>0x20003000</value>
         <object_component_ref idref="oc-16"/>
      </symbol>
      <symbol id="sm-7e5">
         <name>__TI_auto_init_nobinit_nopinit</name>
         <value>0x20010929</value>
         <object_component_ref idref="oc-bf"/>
      </symbol>
      <symbol id="sm-7ed">
         <name>_system_pre_init</name>
         <value>0x20011c31</value>
         <object_component_ref idref="oc-8b"/>
      </symbol>
      <symbol id="sm-7f8">
         <name>__TI_zero_init</name>
         <value>0x20011a11</value>
         <object_component_ref idref="oc-49"/>
      </symbol>
      <symbol id="sm-801">
         <name>__TI_decompress_none</name>
         <value>0x20011a83</value>
         <object_component_ref idref="oc-1c"/>
      </symbol>
      <symbol id="sm-80b">
         <name>__TI_decompress_lzss</name>
         <value>0x2000f431</value>
         <object_component_ref idref="oc-18"/>
      </symbol>
      <symbol id="sm-82b">
         <name>__TI_printfi_nofloat</name>
         <value>0x2000c041</value>
         <object_component_ref idref="oc-2c0"/>
      </symbol>
      <symbol id="sm-838">
         <name>__aeabi_errno_addr</name>
         <value>0x20011bdd</value>
         <object_component_ref idref="oc-339"/>
      </symbol>
      <symbol id="sm-839">
         <name>__aeabi_errno</name>
         <value>0x200137ec</value>
         <object_component_ref idref="oc-372"/>
      </symbol>
      <symbol id="sm-843">
         <name>abort</name>
         <value>0x20011c35</value>
         <object_component_ref idref="oc-b8"/>
      </symbol>
      <symbol id="sm-844">
         <name>C$$EXIT</name>
         <value>0x20011c34</value>
         <object_component_ref idref="oc-b8"/>
      </symbol>
      <symbol id="sm-84d">
         <name>_nop</name>
         <value>0x2000fbc3</value>
         <object_component_ref idref="oc-196"/>
      </symbol>
      <symbol id="sm-84e">
         <name>_lock</name>
         <value>0x200137f0</value>
         <object_component_ref idref="oc-109"/>
      </symbol>
      <symbol id="sm-84f">
         <name>_unlock</name>
         <value>0x200137f4</value>
         <object_component_ref idref="oc-10c"/>
      </symbol>
      <symbol id="sm-85c">
         <name>atoi</name>
         <value>0x20010665</value>
         <object_component_ref idref="oc-331"/>
      </symbol>
      <symbol id="sm-866">
         <name>memccpy</name>
         <value>0x200113ff</value>
         <object_component_ref idref="oc-32a"/>
      </symbol>
      <symbol id="sm-86f">
         <name>wcslen</name>
         <value>0x20011a01</value>
         <object_component_ref idref="oc-335"/>
      </symbol>
      <symbol id="sm-875">
         <name>__aeabi_ctype_table_</name>
         <value>0x20012a20</value>
         <object_component_ref idref="oc-36b"/>
      </symbol>
      <symbol id="sm-876">
         <name>__aeabi_ctype_table_C</name>
         <value>0x20012a20</value>
         <object_component_ref idref="oc-36b"/>
      </symbol>
      <symbol id="sm-88e">
         <name>__aeabi_dmul</name>
         <value>0x2000e1a9</value>
         <object_component_ref idref="oc-22e"/>
      </symbol>
      <symbol id="sm-88f">
         <name>__muldf3</name>
         <value>0x2000e1a9</value>
         <object_component_ref idref="oc-22e"/>
      </symbol>
      <symbol id="sm-895">
         <name>__aeabi_d2iz</name>
         <value>0x200101e5</value>
         <object_component_ref idref="oc-232"/>
      </symbol>
      <symbol id="sm-896">
         <name>__fixdfsi</name>
         <value>0x200101e5</value>
         <object_component_ref idref="oc-232"/>
      </symbol>
      <symbol id="sm-89c">
         <name>__aeabi_i2d</name>
         <value>0x20010e0d</value>
         <object_component_ref idref="oc-22a"/>
      </symbol>
      <symbol id="sm-89d">
         <name>__floatsidf</name>
         <value>0x20010e0d</value>
         <object_component_ref idref="oc-22a"/>
      </symbol>
      <symbol id="sm-8a3">
         <name>__aeabi_memcpy</name>
         <value>0x20011c2d</value>
         <object_component_ref idref="oc-3c"/>
      </symbol>
      <symbol id="sm-8a4">
         <name>__aeabi_memcpy4</name>
         <value>0x20011c2d</value>
         <object_component_ref idref="oc-3c"/>
      </symbol>
      <symbol id="sm-8a5">
         <name>__aeabi_memcpy8</name>
         <value>0x20011c2d</value>
         <object_component_ref idref="oc-3c"/>
      </symbol>
      <symbol id="sm-8ae">
         <name>__aeabi_memset</name>
         <value>0x20011b99</value>
         <object_component_ref idref="oc-329"/>
      </symbol>
      <symbol id="sm-8af">
         <name>__aeabi_memset4</name>
         <value>0x20011b99</value>
         <object_component_ref idref="oc-329"/>
      </symbol>
      <symbol id="sm-8b0">
         <name>__aeabi_memset8</name>
         <value>0x20011b99</value>
         <object_component_ref idref="oc-329"/>
      </symbol>
      <symbol id="sm-8b1">
         <name>__aeabi_memclr</name>
         <value>0x20011be5</value>
         <object_component_ref idref="oc-67"/>
      </symbol>
      <symbol id="sm-8b2">
         <name>__aeabi_memclr4</name>
         <value>0x20011be5</value>
         <object_component_ref idref="oc-67"/>
      </symbol>
      <symbol id="sm-8b3">
         <name>__aeabi_memclr8</name>
         <value>0x20011be5</value>
         <object_component_ref idref="oc-67"/>
      </symbol>
      <symbol id="sm-8b9">
         <name>__aeabi_uldivmod</name>
         <value>0x200117ed</value>
         <object_component_ref idref="oc-248"/>
      </symbol>
      <symbol id="sm-8bf">
         <name>__udivmoddi4</name>
         <value>0x2000ea01</value>
         <object_component_ref idref="oc-2eb"/>
      </symbol>
      <symbol id="sm-8ca">
         <name>__aeabi_ldiv0</name>
         <value>0x2000f937</value>
         <object_component_ref idref="oc-350"/>
      </symbol>
      <symbol id="sm-8d3">
         <name>TI_memcpy_small</name>
         <value>0x200118ef</value>
         <object_component_ref idref="oc-81"/>
      </symbol>
      <symbol id="sm-8db">
         <name>TI_memset_small</name>
         <value>0x20011a75</value>
         <object_component_ref idref="oc-9e"/>
      </symbol>
      <symbol id="sm-8dc">
         <name>__TI_static_base__</name>
         <value>0x20011c38</value>
      </symbol>
      <symbol id="sm-8df">
         <name>ITM_flush</name>
         <value>0x0</value>
      </symbol>
      <symbol id="sm-8e0">
         <name>ITM_restore</name>
         <value>0x0</value>
      </symbol>
      <symbol id="sm-8e1">
         <name>__mpu_init</name>
         <value>0x0</value>
      </symbol>
      <symbol id="sm-8e2">
         <name>_system_post_cinit</name>
         <value>0x0</value>
      </symbol>
   </symbol_table>
   <title>Link successful</title>
</link_info>
