******************************************************************************
            TI ARM Clang Linker PC v3.2.2                      
******************************************************************************
>> Linked Sun Oct 20 21:28:40 2024

OUTPUT FILE NAME:   <gpiointerrupt_CC3220S_LAUNCHXL_nortos_ticlang.out>
ENTRY POINT SYMBOL: "resetISR"  address: 20011505


MEMORY CONFIGURATION

         name            origin    length      used     unused   attr    fill
----------------------  --------  ---------  --------  --------  ----  --------
  SRAM2                 20000000   00004000  0000130c  00002cf4  RW X
  SRAM                  20004000   0003c000  0000f51e  0002cae2  RW X
  LOG_DATA              90000000   00040000  00000000  00040000  R   
  LOG_PTR               94000008   00040000  00000000  00040000  R   


SEGMENT ALLOCATION MAP

run origin  load origin   length   init length attrs members
----------  ----------- ---------- ----------- ----- -------
20003000    20003000    00001000   00000000    rw-
  20003000    20003000    00001000   00000000    rw- .stack
20004000    20004000    00000040   00000040    r--
  20004000    20004000    00000040   00000040    r-- .resetVecs
20004040    20004040    00008000   00000000    rw-
  20004040    20004040    00008000   00000000    rw- .sysmem
2000c040    2000c040    00005cf0   00005cf0    r-x
  2000c040    2000c040    00005bf8   00005bf8    r-x .text
  20011c38    20011c38    000000f8   000000f8    r-- .cinit
20012000    20012000    00000a13   00000000    rw-
  20012000    20012000    00000a13   00000000    rw- .bss
20012a20    20012a20    0000074d   0000074d    r--
  20012a20    20012a20    0000074d   0000074d    r-- .rodata
20013170    20013170    0000068e   00000000    rw-
  20013170    20013170    0000068e   00000000    rw- .data


SECTION ALLOCATION MAP

 output                                  attributes/
section   page    origin      length       input sections
--------  ----  ----------  ----------   ----------------
.text      0    2000c040    00005bf8     
                  2000c040    0000086c     libc.a : _printfi.c.obj (.text:__TI_printfi_nofloat)
                  2000c8ac    000004b8     driverlib.a : prcm.obj (.text.PRCMCC3200MCUInit)
                  2000cd64    000003e4     drivers_cc32xx.a : PowerCC32XX.c.obj (.text.Power_sleep)
                  2000d148    00000222                      : UART2CC32XX.c.obj (.text.UART2CC32XX_hwiIntFxn)
                  2000d36a    00000002     ti_drivers_config.o (.text.Board_initHook)
                  2000d36c    000001cc     drivers_cc32xx.a : UART2CC32XX.c.obj (.text.UART2_open)
                  2000d538    00000178     init.o (.text.initI2C)
                  2000d6b0    00000174     drivers_cc32xx.a : UART2.c.obj (.text.UART2_writeTimeoutBlocking)
                  2000d824    00000150     nortos_cc32xx.a : PowerCC32XX_nortos.c.obj (.text.PowerCC32XX_sleepPolicy)
                  2000d974    00000148     drivers_cc32xx.a : TimerCC32XX.c.obj (.text.Timer_open)
                  2000dabc    00000140                      : GPIOCC32XX.c.obj (.text.GPIO_setConfig)
                  2000dbfc    00000138                      : I2CCC32XX.c.obj (.text.I2CCC32XX_hwiFxn)
                  2000dd34    00000126                      : I2C.c.obj (.text.I2C_transferTimeout)
                  2000de5a    00000002                      : I2C.c.obj (.text.I2C_init)
                  2000de5c    00000120     libc.a : memory.c.obj (.text.aligned_alloc)
                  2000df7c    0000011a     drivers_cc32xx.a : UART2.c.obj (.text.UART2_writeTimeoutNonblocking)
                  2000e096    00000112     driverlib.a : udma.obj (.text.uDMAChannelTransferSet)
                  2000e1a8    000000fc     libclang_rt.builtins.a : muldf3.S.obj (.text.__muldf3)
                  2000e2a4    000000f0     libc.a : memory.c.obj (.text.free)
                  2000e394    000000e8     drivers_cc32xx.a : I2CCC32XX.c.obj (.text.I2C_open)
                  2000e47c    000000e8                      : UART2CC32XX.c.obj (.text.UART2_close)
                  2000e564    000000cc                      : UART2CC32XX.c.obj (.text.UART2Support_dmaStartRx)
                  2000e630    000000c8     driverlib.a : interrupt.obj (.text.IntDisable)
                  2000e6f8    000000c8                 : interrupt.obj (.text.IntEnable)
                  2000e7c0    000000c4     drivers_cc32xx.a : UART2CC32XX.c.obj (.text.UART2CC32XX_initHw)
                  2000e884    000000c4     gpiointerrupt.o (.text.mainThread)
                  2000e948    000000b8     drivers_cc32xx.a : UART2CC32XX.c.obj (.text.UART2Support_dmaStartTx)
                  2000ea00    000000b0     libclang_rt.builtins.a : udivmoddi4.S.obj (.text)
                  2000eab0    000000ac     driverlib.a : gpio.obj (.text.GPIOIntTypeSet)
                  2000eb5c    000000a4                 : interrupt.obj (.text.IntPendSet)
                  2000ec00    000000a2                 : pin.obj (.text.PinConfigSet)
                  2000eca2    0000009c     drivers_cc32xx.a : I2CCC32XX.c.obj (.text.I2CCC32XX_completeTransfer)
                  2000ed3e    00000002     nortos_cc32xx.a : PowerCC32XX_nortos.c.obj (.text.PowerCC32XX_initPolicy)
                  2000ed40    0000009c     utils.o (.text.readTemp)
                  2000eddc    00000098     driverlib.a : i2c.obj (.text.I2CMasterInitExpClk)
                  2000ee74    00000098     nortos_cc32xx.a : SemaphoreP_nortos.c.obj (.text.SemaphoreP_pend)
                  2000ef0c    00000004                     : ClockPSysTick_nortos.c.obj (.text.ClockP_doTick)
                  2000ef10    00000096     drivers_cc32xx.a : PowerCC32XX_ticlang.asm.obj (.text)
                  2000efa6    00000092     driverlib.a : udma.obj (.text.uDMAChannelAttributeDisable)
                  2000f038    00000090     drivers_cc32xx.a : GPIOCC32XX.c.obj (.text.GPIO_init)
                  2000f0c8    0000008e     driverlib.a : prcm.obj (.text.PRCMSysResetCauseGet)
                  2000f156    00000002     nortos_cc32xx.a : SemaphoreP_nortos.c.obj (.text.SemaphoreP_destruct)
                  2000f158    00000088     drivers_cc32xx.a : PowerCC32XX.c.obj (.text.PowerCC32XX_configureWakeup)
                  2000f1e0    0000007a                      : I2CCC32XX.c.obj (.text.I2CCC32XX_primeReadBurst)
                  2000f25a    00000002                      : Timer.c.obj (.text.Timer_init)
                  2000f25c    00000078                      : PowerCC32XX.c.obj (.text.Power_init)
                  2000f2d4    00000074     nortos_cc32xx.a : HwiPCC32XX_nortos.c.obj (.text.HwiP_construct)
                  2000f348    00000074     driverlib.a : prcm.obj (.text.PRCMHibernateWakeUpGPIOSelect)
                  2000f3bc    00000074                 : uart.obj (.text.UARTConfigSetExpClk)
                  2000f430    00000070     libc.a : copy_decompress_lzss.c.obj (.text:decompress:lzss)
                  2000f4a0    0000006c     driverlib.a : pin.obj (.text.PinLockLevelSet)
                  2000f50c    0000006c     drivers_cc32xx.a : PowerCC32XX.c.obj (.text.Power_setDependency)
                  2000f578    0000006c     gpiointerrupt.o (.text.TickFct)
                  2000f5e4    0000006c     drivers_cc32xx.a : UDMACC32XX.c.obj (.text.UDMACC32XX_open)
                  2000f650    0000006c     init.o (.text.initTimer)
                  2000f6bc    0000006c     drivers_cc32xx.a : GPIOCC32XX.c.obj (.text.powerNotifyFxn)
                  2000f728    0000006c     libc.a : memory.c.obj (.text.split)
                  2000f794    0000006a     driverlib.a : prcm.obj (.text.PRCMPeripheralReset)
                  2000f7fe    00000002     drivers_cc32xx.a : UART2CC32XX.c.obj (.text.UART2CC32XX_eventCallback)
                  2000f800    00000068                      : I2CCC32XX.c.obj (.text.I2CCC32XX_initHw)
                  2000f868    00000068     driverlib.a : interrupt.obj (.text.IntPendClear)
                  2000f8d0    00000066     drivers_cc32xx.a : I2CCC32XX.c.obj (.text.I2CCC32XX_primeWriteBurst)
                  2000f936    00000002     libclang_rt.builtins.a : aeabi_div0.c.obj (.text.__aeabi_ldiv0)
                  2000f938    00000060     drivers_cc32xx.a : GPIOCC32XX.c.obj (.text.GPIO_write)
                  2000f998    00000060                      : UART2CC32XX.c.obj (.text.UART2Support_dmaStopTx)
                  2000f9f8    0000005c     driverlib.a : flash.obj (.text.FlashDisable)
                  2000fa54    0000005c     drivers_cc32xx.a : I2CCC32XX.c.obj (.text.I2CSupport_primeTransfer)
                  2000fab0    0000005c     driverlib.a : prcm.obj (.text.PRCMHibernateWakeupSourceDisable)
                  2000fb0c    0000005c     drivers_cc32xx.a : TimerCC32XX.c.obj (.text.TimerCC32XX_allocateTimerResource)
                  2000fb68    0000005a     driverlib.a : prcm.obj (.text.PRCMPeripheralClkEnable)
                  2000fbc2    00000002     libc.a : _lock.c.obj (.text._nop)
                  2000fbc4    00000058     nortos_cc32xx.a : ClockPSysTick_nortos.c.obj (.text.ClockP_startup)
                  2000fc1c    00000058     driverlib.a : interrupt.obj (.text.IntPrioritySet)
                  2000fc74    00000056                 : prcm.obj (.text.PRCMLPDSEnter)
                  2000fcca    00000002     nortos_cc32xx.a : startup_cc32xx_ticlang.c.obj (.text.busFaultHandler)
                  2000fccc    00000054     drivers_cc32xx.a : PowerCC32XX.c.obj (.text.PowerCC32XX_setParkState)
                  2000fd20    00000054                      : PowerCC32XX.c.obj (.text.Power_releaseDependency)
                  2000fd74    00000050                      : GPIOCC32XX.c.obj (.text.GPIO_hwiIntFxn)
                  2000fdc4    00000050     driverlib.a : prcm.obj (.text.PRCMHibernateWakeupSourceEnable)
                  2000fe14    00000050     nortos_cc32xx.a : SemaphoreP_nortos.c.obj (.text.SemaphoreP_construct)
                  2000fe64    0000004e     driverlib.a : udma.obj (.text.uDMAChannelAssign)
                  2000feb2    00000002     nortos_cc32xx.a : SemaphoreP_nortos.c.obj (.text.clkFxn)
                  2000feb4    0000004c     drivers_cc32xx.a : GPIOCC32XX.c.obj (.text.GPIO_setInterruptConfig)
                  2000ff00    0000004c     driverlib.a : prcm.obj (.text.PRCMLPDSRestoreInfoSet)
                  2000ff4c    0000004c     init.o (.text.initGPIO)
                  2000ff98    0000004c     drivers_cc32xx.a : TimerCC32XX.c.obj (.text.initHw)
                  2000ffe4    0000004a                      : UART2CC32XX.c.obj (.text.UART2Support_dmaStopRx)
                  2001002e    0000004a                      : TimerCC32XX.c.obj (.text.getPrescaler)
                  20010078    0000004a     driverlib.a : udma.obj (.text.uDMAChannelSizeGet)
                  200100c2    00000002     nortos_cc32xx.a : startup_cc32xx_ticlang.c.obj (.text.defaultHandler)
                  200100c4    00000048                     : ClockPSysTick_nortos.c.obj (.text.ClockP_sysTickHandler)
                  2001010c    00000048     driverlib.a : prcm.obj (.text.PRCMIntEnable)
                  20010154    00000048                 : prcm.obj (.text.PRCMPeripheralStatusGet)
                  2001019c    00000048                 : pin.obj (.text.PinConfigGet)
                  200101e4    00000048     libclang_rt.builtins.a : fixdfsi.S.obj (.text.__fixdfsi)
                  2001022c    00000046     drivers_cc32xx.a : I2CCC32XX.c.obj (.text.I2CCC32XX_fillTransmitFifo)
                  20010272    00000046     driverlib.a : prcm.obj (.text.PRCMLPDSEnterKeepDebugIf)
                  200102b8    00000046     drivers_cc32xx.a : RingBuf.c.obj (.text.RingBuf_put)
                  200102fe    00000044     driverlib.a : gpio.obj (.text.GPIODirModeSet)
                  20010342    00000002     nortos_cc32xx.a : startup_cc32xx_ticlang.c.obj (.text.faultISR)
                  20010344    00000044     drivers_cc32xx.a : GPIOCC32XX.c.obj (.text.GPIO_disableInt)
                  20010388    00000044                      : GPIOCC32XX.c.obj (.text.GPIO_enableInt)
                  200103cc    00000044                      : PowerCC32XX.c.obj (.text.Power_releaseConstraint)
                  20010410    00000044                      : Timer.c.obj (.text.Timer_start)
                  20010454    00000044     nortos_cc32xx.a : ClockPSysTick_nortos.c.obj (.text.addToList)
                  20010498    00000044     libc.a : snprintf.c.obj (.text.snprintf)
                  200104dc    00000042     driverlib.a : pin.obj (.text.PinModeSet)
                  2001051e    00000042                 : timer.obj (.text.TimerControlStall)
                  20010560    00000042     drivers_cc32xx.a : TimerCC32XX.c.obj (.text.Timer_close)
                  200105a2    00000042     nortos_cc32xx.a : PowerCC32XX_nortos.c.obj (.text.getCountsRTC)
                  200105e4    00000040                     : SemaphoreP_nortos.c.obj (.text.SemaphoreP_post)
                  20010624    00000040     drivers_cc32xx.a : Timer.c.obj (.text.Timer_stop)
                  20010664    00000040     libc.a : atoi.c.obj (.text.atoi)
                  200106a4    00000040     driverlib.a : udma.obj (.text.uDMAChannelControlSet)
                  200106e4    0000003e                 : pin.obj (.text.PinDirModeSet)
                  20010722    00000002     nortos_cc32xx.a : startup_cc32xx_ticlang.c.obj (.text.nmiISR)
                  20010724    0000003c                     : ClockPSysTick_nortos.c.obj (.text.ClockP_stop)
                  20010760    0000003c     drivers_cc32xx.a : UDMACC32XX.c.obj (.text.UDMACC32XX_init)
                  2001079c    0000003a                      : TimerCC32XX.c.obj (.text.TimerSupport_timerEnable)
                  200107d6    00000002     --HOLE-- [fill = 0]
                  200107d8    00000038     nortos_cc32xx.a : ClockPSysTick_nortos.c.obj (.text.ClockP_destruct)
                  20010810    00000038     drivers_cc32xx.a : PowerCC32XX.c.obj (.text.Power_setConstraint)
                  20010848    00000038                      : RingBuf.c.obj (.text.RingBuf_putAdvance)
                  20010880    00000038     nortos_cc32xx.a : SwiP_nortos.c.obj (.text.SwiP_restore)
                  200108b8    00000038     drivers_cc32xx.a : UDMACC32XX.c.obj (.text.UDMACC32XX_close)
                  200108f0    00000038     gpiointerrupt.o (.text.sendUARTData)
                  20010928    00000038     libc.a : autoinit.c.obj (.text:__TI_auto_init_nobinit_nopinit)
                  20010960    00000036     driverlib.a : pin.obj (.text.PinLock)
                  20010996    00000036     drivers_cc32xx.a : TimerCC32XX.c.obj (.text.TimerCC32XX_hwiIntFunction)
                  200109cc    00000036     driverlib.a : uart.obj (.text.UARTCharPutNonBlocking)
                  20010a02    00000002     --HOLE-- [fill = 0]
                  20010a04    00000034     nortos_cc32xx.a : ClockPSysTick_nortos.c.obj (.text.ClockP_start)
                  20010a38    00000034     driverlib.a : i2c.obj (.text.I2CFIFODataPutNonBlocking)
                  20010a6c    00000034                 : pin.obj (.text.PinDirModeGet)
                  20010aa0    00000034                 : pin.obj (.text.PinModeGet)
                  20010ad4    00000034     drivers_cc32xx.a : PowerCC32XX.c.obj (.text.PowerCC32XX_parkPin)
                  20010b08    00000034                      : TimerCC32XX.c.obj (.text.TimerCC32XX_freeTimerResource)
                  20010b3c    00000034                      : UART2.c.obj (.text.UART2_rxDisable)
                  20010b70    00000034     nortos_cc32xx.a : startup_cc32xx_ticlang.c.obj (.text.initVectors)
                  20010ba4    00000030                     : ClockPSysTick_nortos.c.obj (.text.ClockP_getTicksUntilInterrupt)
                  20010bd4    00000030     driverlib.a : i2c.obj (.text.I2CFIFODataGetNonBlocking)
                  20010c04    00000030                 : prcm.obj (.text.PRCMLPDSIntervalSet)
                  20010c34    00000030                 : prcm.obj (.text.PRCMSlowClkCtrFastGet)
                  20010c64    00000030                 : timer.obj (.text.TimerLoadSet)
                  20010c94    00000030                 : timer.obj (.text.TimerPrescaleSet)
                  20010cc4    00000030     libc.a : snprintf.c.obj (.text._outs)
                  20010cf4    00000030     gpiointerrupt.o (.text.checkButtonFlags)
                  20010d24    00000030     drivers_cc32xx.a : PowerCC32XX.c.obj (.text.notify)
                  20010d54    0000002e     driverlib.a : gpio.obj (.text.GPIOIntStatus)
                  20010d82    0000002e     drivers_cc32xx.a : RingBuf.c.obj (.text.RingBuf_getConsume)
                  20010db0    0000002e                      : RingBuf.c.obj (.text.RingBuf_putPointer)
                  20010dde    0000002e     driverlib.a : uart.obj (.text.UARTDisable)
                  20010e0c    0000002e     libclang_rt.builtins.a : floatsidf.S.obj (.text.__floatsidf)
                  20010e3a    0000002c     driverlib.a : i2c.obj (.text.I2CMasterIntStatusEx)
                  20010e66    0000002c     drivers_cc32xx.a : UART2CC32XX.c.obj (.text.UART2CC32XX_getRxData)
                  20010e92    00000002     --HOLE-- [fill = 0]
                  20010e94    0000002c     init.o (.text.initUART)
                  20010ec0    0000002a     nortos_cc32xx.a : HwiPCC32XX_nortos.c.obj (.text.HwiP_create)
                  20010eea    0000002a     driverlib.a : prcm.obj (.text.PRCMLPDSWakeUpGPIOSelect)
                  20010f14    0000002a                 : prcm.obj (.text.PRCMPeripheralClkDisable)
                  20010f3e    0000002a                 : uart.obj (.text.UARTIntStatus)
                  20010f68    00000028                 : i2c.obj (.text.I2CMasterBusBusy)
                  20010f90    00000028                 : i2c.obj (.text.I2CMasterSlaveAddrSet)
                  20010fb8    00000028                 : i2c.obj (.text.I2CTxFIFOConfigSet)
                  20010fe0    00000028     drivers_cc32xx.a : I2C.c.obj (.text.I2C_cancel)
                  20011008    00000028                      : List.c.obj (.text.List_remove)
                  20011030    00000028     driverlib.a : prcm.obj (.text.PRCMSRAMRetentionEnable)
                  20011058    00000028     drivers_cc32xx.a : PowerCC32XX.c.obj (.text.PowerCC32XX_getParkState)
                  20011080    00000028                      : TimerCC32XX.c.obj (.text.TimerSupport_timerDisable)
                  200110a8    00000028     libc.a : memory.c.obj (.text.free_list_insert)
                  200110d0    00000026     gpiointerrupt.o (.text.setHeat)
                  200110f6    00000024     driverlib.a : i2c.obj (.text.I2CRxFIFOConfigSet)
                  2001111a    00000024                 : interrupt.obj (.text.IntUnregister)
                  2001113e    00000024     drivers_cc32xx.a : List.c.obj (.text.List_put)
                  20011162    00000024     driverlib.a : prcm.obj (.text.PRCMLPDSWakeupSourceEnable)
                  20011186    00000002     --HOLE-- [fill = 0]
                  20011188    00000024     drivers_cc32xx.a : PowerCC32XX.c.obj (.text.PowerCC32XX_restoreParkState)
                  200111ac    00000024                      : PowerCC32XX.c.obj (.text.PowerCC32XX_restoreParkedPin)
                  200111d0    00000024                      : PowerCC32XX.c.obj (.text.Power_registerNotify)
                  200111f4    00000024                      : UART2CC32XX.c.obj (.text.UART2Support_disableRx)
                  20011218    00000024     libc.a : boot_cortex_m.c.obj (.text:_c_int00_noargs)
                  2001123c    00000022     driverlib.a : gpio.obj (.text.GPIOPinWrite)
                  2001125e    00000022                 : pin.obj (.text.PinUnlock)
                  20011280    00000022     drivers_cc32xx.a : RingBuf.c.obj (.text.RingBuf_getPointer)
                  200112a2    00000022                      : UART2CC32XX.c.obj (.text.UART2Support_sendData)
                  200112c4    00000020     driverlib.a : interrupt.obj (.text.IntRegister)
                  200112e4    00000020                 : pin.obj (.text.PinTypeI2C)
                  20011304    00000020     drivers_cc32xx.a : PowerCC32XX.c.obj (.text.PowerCC32XX_reset)
                  20011324    00000020                      : PowerCC32XX.c.obj (.text.Power_unregisterNotify)
                  20011344    00000020     nortos_cc32xx.a : SemaphoreP_nortos.c.obj (.text.SemaphoreP_constructBinary)
                  20011364    00000020                     : SemaphoreP_nortos.c.obj (.text.SemaphoreP_createBinary)
                  20011384    00000020     driverlib.a : timer.obj (.text.TimerDisable)
                  200113a4    0000001e                 : pin.obj (.text.PinTypeUART)
                  200113c2    0000001e     drivers_cc32xx.a : UART2.c.obj (.text.UART2_writeTimeout)
                  200113e0    0000001e     driverlib.a : uart.obj (.text.UARTEnable)
                  200113fe    0000001e     libc.a : memccpy.c.obj (.text.memccpy)
                  2001141c    0000001e     driverlib.a : udma.obj (.text.uDMAChannelDisable)
                  2001143a    0000001e                 : udma.obj (.text.uDMAChannelEnable)
                  20011458    0000001e                 : udma.obj (.text.uDMAChannelIsEnabled)
                  20011476    00000002     --HOLE-- [fill = 0]
                  20011478    0000001c     drivers_cc32xx.a : GPIO.c.obj (.text.GPIO_setCallback)
                  20011494    0000001c     nortos_cc32xx.a : HwiPCC32XX_nortos.c.obj (.text.HwiP_dispatch)
                  200114b0    0000001c                     : SwiP_nortos.c.obj (.text.SwiP_disable)
                  200114cc    0000001c     libc.a : memory.c.obj (.text.free_list_remove)
                  200114e8    0000001c     drivers_cc32xx.a : TimerCC32XX.c.obj (.text.getPowerMgrId)
                  20011504    0000001c     nortos_cc32xx.a : startup_cc32xx_ticlang.c.obj (.text.resetISR)
                  20011520    0000001a     driverlib.a : gpio.obj (.text.GPIOIntDisable)
                  2001153a    0000001a                 : prcm.obj (.text.PRCMHIBRegRead)
                  20011554    0000001a                 : prcm.obj (.text.PRCMHIBRegWrite)
                  2001156e    0000001a                 : prcm.obj (.text.PRCMLPDSWakeupSourceDisable)
                  20011588    0000001a                 : pin.obj (.text.PinToPadGet)
                  200115a2    0000001a                 : timer.obj (.text.TimerEnable)
                  200115bc    0000001a                 : uart.obj (.text.UARTFlowControlSet)
                  200115d6    00000018                 : gpio.obj (.text.GPIOIntEnable)
                  200115ee    00000018     nortos_cc32xx.a : SemaphoreP_nortos.c.obj (.text.SemaphoreP_create)
                  20011606    00000018     libc.a : snprintf.c.obj (.text._outc)
                  2001161e    00000016     ti_drivers_config.o (.text.Board_init)
                  20011634    00000016     driverlib.a : i2c.obj (.text.I2CMasterBurstLengthSet)
                  2001164a    00000016                 : i2c.obj (.text.I2CMasterIntDisableEx)
                  20011660    00000016                 : i2c.obj (.text.I2CRxFIFOFlush)
                  20011676    00000016                 : i2c.obj (.text.I2CTxFIFOFlush)
                  2001168c    00000016                 : systick.obj (.text.SysTickPeriodSet)
                  200116a2    00000016                 : timer.obj (.text.TimerIntDisable)
                  200116b8    00000016                 : uart.obj (.text.UARTCharsAvail)
                  200116ce    00000016                 : uart.obj (.text.UARTDMADisable)
                  200116e4    00000016                 : uart.obj (.text.UARTFIFOLevelSet)
                  200116fa    00000016                 : uart.obj (.text.UARTIntDisable)
                  20011710    00000014                 : cpu.obj (.text.CPUcpsid)
                  20011724    00000014                 : cpu.obj (.text.CPUcpsie)
                  20011738    00000014     nortos_cc32xx.a : HwiPCC32XX_nortos.c.obj (.text.HwiP_destruct)
                  2001174c    00000014     driverlib.a : i2c.obj (.text.I2CMasterIntEnableEx)
                  20011760    00000014                 : interrupt.obj (.text.IntVTableBaseSet)
                  20011774    00000014     drivers_cc32xx.a : PowerCC32XX.c.obj (.text.Power_disablePolicy)
                  20011788    00000014                      : PowerCC32XX.c.obj (.text.Power_getTransitionLatency)
                  2001179c    00000014                      : PowerCC32XX.c.obj (.text.Power_idleFunc)
                  200117b0    00000014     driverlib.a : timer.obj (.text.TimerIntEnable)
                  200117c4    00000014                 : uart.obj (.text.UARTDMAEnable)
                  200117d8    00000014                 : uart.obj (.text.UARTIntEnable)
                  200117ec    00000014     libclang_rt.builtins.a : aeabi_uldivmod.S.obj (.text.__aeabi_uldivmod)
                  20011800    00000014     driverlib.a : udma.obj (.text.uDMAControlBaseSet)
                  20011814    00000014                 : udma.obj (.text.uDMAIntClear)
                  20011828    00000012     nortos_cc32xx.a : ClockPSysTick_nortos.c.obj (.text.ClockP_add)
                  2001183a    00000012     driverlib.a : gpio.obj (.text.GPIOIntClear)
                  2001184c    00000012     nortos_cc32xx.a : HwiPCC32XX_nortos.c.obj (.text.HwiP_Params_init)
                  2001185e    00000012                     : HwiPCC32XX_nortos.c.obj (.text.HwiP_delete)
                  20011870    00000012     driverlib.a : i2c.obj (.text.I2CMasterDisable)
                  20011882    00000012                 : i2c.obj (.text.I2CMasterEnable)
                  20011894    00000012     drivers_cc32xx.a : I2C.c.obj (.text.I2C_transfer)
                  200118a6    00000012     driverlib.a : systick.obj (.text.SysTickEnable)
                  200118b8    00000012                 : systick.obj (.text.SysTickIntDisable)
                  200118ca    00000012                 : systick.obj (.text.SysTickIntEnable)
                  200118dc    00000012     drivers_cc32xx.a : UDMACC32XX.c.obj (.text.postNotifyFxn)
                  200118ee    00000012     libc.a : memcpy_t2.S.obj (.text:TI_memcpy_small)
                  20011900    00000010     nortos_cc32xx.a : ClockPSysTick_nortos.c.obj (.text.ClockP_getCpuFreq)
                  20011910    00000010                     : ClockPSysTick_nortos.c.obj (.text.ClockP_getSystemTicks)
                  20011920    00000010                     : ClockPSysTick_nortos.c.obj (.text.ClockP_setTicks)
                  20011930    00000010                     : HwiPCC32XX_nortos.c.obj (.text.HwiP_inISR)
                  20011940    00000010     driverlib.a : i2c.obj (.text.I2CMasterControl)
                  20011950    00000010                 : i2c.obj (.text.I2CMasterIntClearEx)
                  20011960    00000010                 : i2c.obj (.text.I2CMasterTimeoutSet)
                  20011970    00000010     drivers_cc32xx.a : PowerCC32XX.c.obj (.text.Power_enablePolicy)
                  20011980    00000010                      : RingBuf.c.obj (.text.RingBuf_construct)
                  20011990    00000010     driverlib.a : timer.obj (.text.TimerIntClear)
                  200119a0    00000010     drivers_cc32xx.a : Timer.c.obj (.text.Timer_Params_init)
                  200119b0    00000010                      : UART2CC32XX.c.obj (.text.UART2Support_txDone)
                  200119c0    00000010     driverlib.a : uart.obj (.text.UARTBusy)
                  200119d0    00000010                 : uart.obj (.text.UARTIntClear)
                  200119e0    00000010                 : uart.obj (.text.UARTRxErrorGet)
                  200119f0    00000010     main_nortos.o (.text.main)
                  20011a00    00000010     libc.a : wcslen.c.obj (.text.wcslen)
                  20011a10    00000010            : copy_zero_init.c.obj (.text:decompress:ZI)
                  20011a20    0000000e     nortos_cc32xx.a : HwiPCC32XX_nortos.c.obj (.text.HwiP_interruptsEnabled)
                  20011a2e    0000000e     driverlib.a : i2c.obj (.text.I2CFIFOStatus)
                  20011a3c    0000000e     drivers_cc32xx.a : UART2.c.obj (.text.UART2_write)
                  20011a4a    0000000e     libc.a : _printfi.c.obj (.text.strlen)
                  20011a58    0000000e     driverlib.a : udma.obj (.text.uDMAEnable)
                  20011a66    0000000e                 : udma.obj (.text.uDMAErrorStatusClear)
                  20011a74    0000000e     libc.a : memset_t2.S.obj (.text:TI_memset_small)
                  20011a82    0000000e            : copy_decompress_none.c.obj (.text:decompress:none)
                  20011a90    0000000c     driverlib.a : cpu.obj (.text.CPUwfi)
                  20011a9c    0000000c     drivers_cc32xx.a : I2CCC32XX.c.obj (.text.I2CCC32XX_postNotify)
                  20011aa8    0000000c                      : I2C.c.obj (.text.I2C_Params_init)
                  20011ab4    0000000c                      : I2CCC32XX.c.obj (.text.OUTLINED_FUNCTION_0)
                  20011ac0    0000000c                      : UART2CC32XX.c.obj (.text.OUTLINED_FUNCTION_0)
                  20011acc    0000000c     init.o (.text.OUTLINED_FUNCTION_0)
                  20011ad8    0000000c     driverlib.a : prcm.obj (.text.PRCMLPDSWakeupCauseGet)
                  20011ae4    0000000c     drivers_cc32xx.a : PowerCC32XX.c.obj (.text.Power_getConstraintMask)
                  20011af0    0000000c                      : UART2CC32XX.c.obj (.text.UART2CC32XX_postNotifyFxn)
                  20011afc    0000000c                      : UART2CC32XX.c.obj (.text.UART2Support_disableTx)
                  20011b08    0000000c                      : UART2CC32XX.c.obj (.text.UART2Support_enableTx)
                  20011b14    0000000c                      : UART2.c.obj (.text.UART2_Params_init)
                  20011b20    0000000c     callbacks.o (.text.gpioButtonFxn0)
                  20011b2c    0000000c     callbacks.o (.text.gpioButtonFxn1)
                  20011b38    0000000c     drivers_cc32xx.a : TimerCC32XX.c.obj (.text.postNotifyFxn)
                  20011b44    0000000c     callbacks.o (.text.timerCallback)
                  20011b50    0000000c     driverlib.a : udma.obj (.text.uDMAErrorStatusGet)
                  20011b5c    0000000a                 : cpu.obj (.text.CPUprimask)
                  20011b66    0000000a     nortos_cc32xx.a : ClockPSysTick_nortos.c.obj (.text.ClockP_isActive)
                  20011b70    0000000a     driverlib.a : interrupt.obj (.text.IntMasterDisable)
                  20011b7a    0000000a                 : interrupt.obj (.text.IntMasterEnable)
                  20011b84    0000000a     drivers_cc32xx.a : UART2CC32XX.c.obj (.text.OUTLINED_FUNCTION_1)
                  20011b8e    0000000a                      : UART2CC32XX.c.obj (.text.OUTLINED_FUNCTION_2)
                  20011b98    0000000a     libclang_rt.builtins.a : aeabi_memset.S.obj (.text.__aeabi_memset)
                  20011ba2    0000000a     ti_drivers_config.o (.text.dmaErrorFxn)
                  20011bac    00000008     nortos_cc32xx.a : HwiPCC32XX_nortos.c.obj (.text.HwiP_disable)
                  20011bb4    00000008                     : HwiPCC32XX_nortos.c.obj (.text.HwiP_restore)
                  20011bbc    00000008     drivers_cc32xx.a : I2CCC32XX.c.obj (.text.I2CCC32XX_blockingCallback)
                  20011bc4    00000008                      : I2CCC32XX.c.obj (.text.I2CSupport_controllerFinish)
                  20011bcc    00000008     driverlib.a : prcm.obj (.text.PRCMSleepEnter)
                  20011bd4    00000008                 : utils.obj (.text.UtilsDelay)
                  20011bdc    00000008     libc.a : aeabi_portable.c.obj (.text.__aeabi_errno_addr)
                  20011be4    00000008     libclang_rt.builtins.a : aeabi_memset.S.obj (.text.__aeabi_memclr)
                  20011bec    00000008     libc.a : memory.c.obj (.text.malloc)
                  20011bf4    00000006     drivers_cc32xx.a : I2CCC32XX.c.obj (.text.I2CSupport_powerRelConstraint)
                  20011bfa    00000006                      : I2CCC32XX.c.obj (.text.I2CSupport_powerSetConstraint)
                  20011c00    00000006                      : UART2CC32XX.c.obj (.text.UART2Support_powerRelConstraint)
                  20011c06    00000004     nortos_cc32xx.a : HwiPCC32XX_nortos.c.obj (.text.HwiP_clearInterrupt)
                  20011c0a    00000004                     : HwiPCC32XX_nortos.c.obj (.text.HwiP_disableInterrupt)
                  20011c0e    00000004                     : HwiPCC32XX_nortos.c.obj (.text.HwiP_enable)
                  20011c12    00000004                     : HwiPCC32XX_nortos.c.obj (.text.HwiP_enableInterrupt)
                  20011c16    00000004                     : HwiPCC32XX_nortos.c.obj (.text.HwiP_post)
                  20011c1a    00000004     driverlib.a : interrupt.obj (.text.IntDefaultHandler)
                  20011c1e    00000004     nortos_cc32xx.a : NoRTOS.c.obj (.text.NoRTOS_start)
                  20011c22    00000004     drivers_cc32xx.a : RingBuf.c.obj (.text.RingBuf_getCount)
                  20011c26    00000004     nortos_cc32xx.a : SemaphoreP_nortos.c.obj (.text.SemaphoreP_delete)
                  20011c2a    00000002     --HOLE-- [fill = 0]
                  20011c2c    00000004     libclang_rt.builtins.a : aeabi_memcpy.S.obj (.text.__aeabi_memcpy)
                  20011c30    00000004     libc.a : pre_init.c.obj (.text._system_pre_init)
                  20011c34    00000004            : exit.c.obj (.text:abort)

.ramVecs   0    20000000    0000030c     NOLOAD SECTION
                  20000000    0000030c     nortos_cc32xx.a : startup_cc32xx_ticlang.c.obj (.ramVecs)

.stack     0    20003000    00001000     UNINITIALIZED
                  20003000    00000004     libc.a : boot_cortex_m.c.obj (.stack)
                  20003004    00000ffc     --HOLE--

.resetVecs 
*          0    20004000    00000040     
                  20004000    00000040     nortos_cc32xx.a : startup_cc32xx_ticlang.c.obj (.resetVecs)

.sysmem    0    20004040    00008000     UNINITIALIZED
                  20004040    00000010     libc.a : memory.c.obj (.sysmem)
                  20004050    00007ff0     --HOLE--

.cinit     0    20011c38    000000f8     
                  20011c38    000000d1     (.cinit..data.load) [load image, compression = lzss]
                  20011d09    00000003     --HOLE-- [fill = 0]
                  20011d0c    0000000c     (__TI_handler_table)
                  20011d18    00000008     (.cinit..bss.load) [load image, compression = zero_init]
                  20011d20    00000010     (__TI_cinit_table)

.rodata    0    20012a20    0000074d     
                  20012a20    00000101     libc.a : aeabi_ctype.S.obj (.rodata:__aeabi_ctype_table_)
                  20012b21    00000002     drivers_cc32xx.a : UART2CC32XX.c.obj (.rodata.stopBits)
                  20012b23    00000001     ti_drivers_config.o (.rodata.GPIO_pinUpperBound)
                  20012b24    00000100     driverlib.a : pin.obj (.rodata.g_ulPinToPadMap)
                  20012c24    000000d4                 : interrupt.obj (.rodata.g_pulRegs)
                  20012cf8    000000a8                 : prcm.obj (.rodata.PRCM_PeriphRegsList)
                  20012da0    00000048     utils.o (.rodata.str1.10037676101739168331)
                  20012de8    00000044     ti_drivers_config.o (.rodata.PowerCC32XX_config)
                  20012e2c    00000038     gpiointerrupt.o (.rodata.str1.149745159178111864794)
                  20012e64    00000038     ti_drivers_config.o (.rodata.uart2CC32XXHWAttrs0)
                  20012e9c    00000032     init.o (.rodata.str1.72812645406981075824)
                  20012ece    00000001     ti_drivers_config.o (.rodata.I2C_count)
                  20012ecf    00000001     ti_drivers_config.o (.rodata.Timer_count)
                  20012ed0    00000028     drivers_cc32xx.a : GPIOCC32XX.c.obj (.rodata.portConfigs)
                  20012ef8    00000028     utils.o (.rodata.str1.170861024492814367301)
                  20012f20    00000024     drivers_cc32xx.a : UART2.c.obj (.rodata.UART2_defaultParams)
                  20012f44    00000021                      : GPIOCC32XX.c.obj (.rodata.pinTable)
                  20012f65    00000021     init.o (.rodata.str1.25720626876475513401)
                  20012f86    00000001     ti_drivers_config.o (.rodata.UART2_count)
                  20012f87    00000001     --HOLE-- [fill = 0]
                  20012f88    0000001f     gpiointerrupt.o (.rodata.str1.27667157146944505614)
                  20012fa7    00000001     --HOLE-- [fill = 0]
                  20012fa8    0000001b     init.o (.rodata.str1.63369252643185798604)
                  20012fc3    00000001     --HOLE-- [fill = 0]
                  20012fc4    0000001a     gpiointerrupt.o (.rodata.str1.8099049698717124714)
                  20012fde    00000002     --HOLE-- [fill = 0]
                  20012fe0    00000018     driverlib.a : interrupt.obj (.rodata.g_pulDisRegs)
                  20012ff8    00000018                 : interrupt.obj (.rodata.g_pulEnRegs)
                  20013010    00000018                 : interrupt.obj (.rodata.g_pulPendRegs)
                  20013028    00000018                 : interrupt.obj (.rodata.g_pulUnpendRegs)
                  20013040    00000018     init.o (.rodata.sensors)
                  20013058    00000016     gpiointerrupt.o (.rodata.str1.119337933097536889411)
                  2001306e    00000002     --HOLE-- [fill = 0]
                  20013070    00000014     ti_drivers_config.o (.rodata.i2cCC32XXHWAttrs)
                  20013084    00000013     init.o (.rodata.str1.141058897724591672914)
                  20013097    00000011     libc.a : _printfi.c.obj (.rodata.str1.11645776875810915891)
                  200130a8    00000011            : _printfi.c.obj (.rodata.str1.44690500295887128011)
                  200130b9    00000003     --HOLE-- [fill = 0]
                  200130bc    00000010     ti_drivers_config.o (.rodata.GPIO_config)
                  200130cc    00000010     drivers_cc32xx.a : I2CCC32XX.c.obj (.rodata.cst16)
                  200130dc    00000010     ti_drivers_config.o (.rodata.timerCC32XXHWAttrs)
                  200130ec    0000000d     init.o (.rodata.str1.139550521133964142081)
                  200130f9    00000003     --HOLE-- [fill = 0]
                  200130fc    0000000c     drivers_cc32xx.a : Timer.c.obj (.rodata.defaultParams)
                  20013108    0000000c                      : TimerCC32XX.c.obj (.rodata.defaultParams)
                  20013114    0000000c     ti_drivers_config.o (.rodata.udmaCC3220SHWAttrs)
                  20013120    00000009     init.o (.rodata.str1.48877570211209930734)
                  20013129    00000003     --HOLE-- [fill = 0]
                  2001312c    00000009     init.o (.rodata.str1.84079949202195937564)
                  20013135    00000003     --HOLE-- [fill = 0]
                  20013138    00000008     ti_drivers_config.o (.rodata.I2C_config)
                  20013140    00000008     ti_drivers_config.o (.rodata.Timer_config)
                  20013148    00000008     ti_drivers_config.o (.rodata.UART2_config)
                  20013150    00000008     ti_drivers_config.o (.rodata.UDMACC32XX_config)
                  20013158    00000005     drivers_cc32xx.a : UART2CC32XX.c.obj (.rodata.parityType)
                  2001315d    00000004                      : UART2CC32XX.c.obj (.rodata.cst4)
                  20013161    00000004     init.o (.rodata.str1.134004370357343424491)
                  20013165    00000004     init.o (.rodata.str1.23545543512916261081)
                  20013169    00000004     init.o (.rodata.str1.70807423242899129901)

.init_array 
*          0    20004000    00000000     UNINITIALIZED

.bss       0    20012000    00000a13     UNINITIALIZED
                  20012000    00000400     ti_drivers_config.o (.bss.dmaControlTable)
                  20012400    00000178     (.common:uart2CC32XXObjects0)
                  20012578    0000012c     (.common:PowerCC32XX_contextSave)
                  200126a4    000000fc     (.common:i2cCC32XXObjects)
                  200127a0    00000084     (.common:gpioCallbackFunctions)
                  20012824    00000084     (.common:gpioUserArgs)
                  200128a8    00000084     (.common:timerCC32XXObjects)
                  2001292c    00000040     (.common:output)
                  2001296c    00000020     ti_drivers_config.o (.bss.uart2RxRingBuffer0)
                  2001298c    00000020     ti_drivers_config.o (.bss.uart2TxRingBuffer0)
                  200129ac    00000020     (.common:i2cTransaction)
                  200129cc    00000014     drivers_cc32xx.a : UDMACC32XX.c.obj (.bss.postNotifyObj)
                  200129e0    00000010     (.common:ClockP_ctrl)
                  200129f0    00000008     (.common:udmaCC3220SObject)
                  200129f8    00000004     nortos_cc32xx.a : ClockPSysTick_nortos.c.obj (.bss.sysTickPeriod)
                  200129fc    00000004     libc.a : memory.c.obj (.bss.sys_free)
                  20012a00    00000004     drivers_cc32xx.a : TimerCC32XX.c.obj (.bss.timerState.0)
                  20012a04    00000004     (.common:i2c)
                  20012a08    00000004     (.common:timer0)
                  20012a0c    00000004     (.common:uart)
                  20012a10    00000002     (.common:rxBuffer)
                  20012a12    00000001     (.common:txBuffer)

.data      0    20013170    0000068e     UNINITIALIZED
                  20013170    0000030c     nortos_cc32xx.a : HwiPCC32XX_nortos.c.obj (.data.HwiP_dispatchTable)
                  2001347c    0000016c     drivers_cc32xx.a : PowerCC32XX.c.obj (.data.PowerCC32XX_module)
                  200135e8    000000f8     ti_drivers_config.o (.data.parkInfo)
                  200136e0    00000084     ti_drivers_config.o (.data.gpioPinConfigs)
                  20013764    0000004c     nortos_cc32xx.a : SwiP_nortos.c.obj (.data..L_MergedGlobals)
                  200137b0    00000018     drivers_cc32xx.a : GPIOCC32XX.c.obj (.data..L_MergedGlobals)
                  200137c8    00000010     nortos_cc32xx.a : SemaphoreP_nortos.c.obj (.data..L_MergedGlobals)
                  200137d8    00000008     drivers_cc32xx.a : UDMACC32XX.c.obj (.data..L_MergedGlobals)
                  200137e0    00000008     nortos_cc32xx.a : ClockPSysTick_nortos.c.obj (.data..L_MergedGlobals)
                  200137e8    00000004                     : HwiPCC32XX_nortos.c.obj (.data.HwiP_swiPIntNum)
                  200137ec    00000004     libc.a : aeabi_portable.c.obj (.data.__aeabi_errno)
                  200137f0    00000004            : _lock.c.obj (.data._lock)
                  200137f4    00000004            : _lock.c.obj (.data._unlock)
                  200137f8    00000001     callbacks.o (.data.Button0Flag)
                  200137f9    00000001     callbacks.o (.data.Button1Flag)
                  200137fa    00000001     callbacks.o (.data.TimerFlag)
                  200137fb    00000001     drivers_cc32xx.a : GPIOCC32XX.c.obj (.data.initCalled)
                  200137fc    00000001     libc.a : memory.c.obj (.data.memory_is_initialized)
                  200137fd    00000001     drivers_cc32xx.a : GPIOCC32XX.c.obj (.data.portHwiCreatedBitMask)

.log_data 
*          0    90000000    00000000     COPY SECTION

.log_ptr   0    94000008    00000000     COPY SECTION

__llvm_prf_cnts 
*          0    20004000    00000000     UNINITIALIZED

__llvm_prf_bits 
*          0    20004000    00000000     UNINITIALIZED

MODULE SUMMARY

       Module                         code    ro data   rw data
       ------                         ----    -------   -------
    .\
       init.o                         616     196       0      
       gpiointerrupt.o                446     135       111    
       utils.o                        156     112       0      
       callbacks.o                    36      0         3      
       main_nortos.o                  16      0         0      
    +--+------------------------------+-------+---------+---------+
       Total:                         1270    443       114    
                                                               
    .\syscfg\
       ti_drivers_config.o            34      224       2500   
    +--+------------------------------+-------+---------+---------+
       Total:                         34      224       2500   
                                                               
    C:/ti/simplelink_cc32xx_sdk_7_10_00_13/kernel/nortos/lib/ticlang/m4/nortos_cc32xx.a
       HwiPCC32XX_nortos.c.obj        308     0         784    
       startup_cc32xx_ticlang.c.obj   88      64        780    
       ClockPSysTick_nortos.c.obj     524     0         28     
       SemaphoreP_nortos.c.obj        392     0         16     
       PowerCC32XX_nortos.c.obj       404     0         0      
       SwiP_nortos.c.obj              84      0         76     
       NoRTOS.c.obj                   4       0         0      
    +--+------------------------------+-------+---------+---------+
       Total:                         1804    64        1684   
                                                               
    C:/ti/simplelink_cc32xx_sdk_7_10_00_13/source/ti/devices/cc32xx/driverlib/ticlang/Release/driverlib.a
       prcm.obj                       2564    168       0      
       interrupt.obj                  868     308       0      
       pin.obj                        750     256       0      
       udma.obj                       806     0         0      
       i2c.obj                        658     0         0      
       uart.obj                       490     0         0      
       gpio.obj                       388     0         0      
       timer.obj                      278     0         0      
       flash.obj                      92      0         0      
       systick.obj                    76      0         0      
       cpu.obj                        62      0         0      
       utils.obj                      8       0         0      
    +--+------------------------------+-------+---------+---------+
       Total:                         7040    732       0      
                                                               
    C:/ti/simplelink_cc32xx_sdk_7_10_00_13/source/ti/drivers/lib/ticlang/m4/drivers_cc32xx.a
       PowerCC32XX.c.obj              2052    0         664    
       UART2CC32XX.c.obj              2198    11        0      
       I2CCC32XX.c.obj                1242    16        0      
       GPIOCC32XX.c.obj               960     73        26     
       TimerCC32XX.c.obj              880     12        4      
       UART2.c.obj                    762     36        0      
       I2C.c.obj                      366     0         0      
       RingBuf.c.obj                  272     0         0      
       UDMACC32XX.c.obj               242     0         28     
       Timer.c.obj                    150     12        0      
       PowerCC32XX_ticlang.asm.obj    150     0         0      
       List.c.obj                     76      0         0      
       GPIO.c.obj                     28      0         0      
    +--+------------------------------+-------+---------+---------+
       Total:                         9378    160       722    
                                                               
    C:\ti\ccs1281\ccs\tools\compiler\ti-cgt-armllvm_3.2.2.LTS\lib\armv7em-ti-none-eabi/c/libc.a
       _printfi.c.obj                 2170    34        0      
       memory.c.obj                   712     0         5      
       aeabi_ctype.S.obj              0       257       0      
       snprintf.c.obj                 140     0         0      
       copy_decompress_lzss.c.obj     112     0         0      
       atoi.c.obj                     64      0         0      
       autoinit.c.obj                 56      0         0      
       boot_cortex_m.c.obj            36      0         0      
       memccpy.c.obj                  30      0         0      
       memcpy_t2.S.obj                18      0         0      
       copy_zero_init.c.obj           16      0         0      
       wcslen.c.obj                   16      0         0      
       copy_decompress_none.c.obj     14      0         0      
       memset_t2.S.obj                14      0         0      
       aeabi_portable.c.obj           8       0         4      
       _lock.c.obj                    2       0         8      
       exit.c.obj                     4       0         0      
       pre_init.c.obj                 4       0         0      
    +--+------------------------------+-------+---------+---------+
       Total:                         3416    291       17     
                                                               
    C:\ti\ccs1281\ccs\tools\compiler\ti-cgt-armllvm_3.2.2.LTS\lib\clang/15.0.7/lib/armv7em-ti-none-eabi/libclang_rt.builtins.a
       muldf3.S.obj                   252     0         0      
       udivmoddi4.S.obj               176     0         0      
       fixdfsi.S.obj                  72      0         0      
       floatsidf.S.obj                46      0         0      
       aeabi_uldivmod.S.obj           20      0         0      
       aeabi_memset.S.obj             18      0         0      
       aeabi_memcpy.S.obj             4       0         0      
       aeabi_div0.c.obj               2       0         0      
    +--+------------------------------+-------+---------+---------+
       Total:                         590     0         0      
                                                               
       Heap:                          0       0         32768  
       Stack:                         0       0         4096   
       Linker Generated:              0       245       0      
    +--+------------------------------+-------+---------+---------+
       Grand Total:                   23532   2159      41901  


LINKER GENERATED COPY TABLES

__TI_cinit_table @ 20011d20 records: 2, size/record: 8, table size: 16
	.data: load addr=20011c38, load size=000000d1 bytes, run addr=20013170, run size=0000068e bytes, compression=lzss
	.bss: load addr=20011d18, load size=00000008 bytes, run addr=20012000, run size=00000a13 bytes, compression=zero_init


LINKER GENERATED HANDLER TABLE

__TI_handler_table @ 20011d0c records: 3, size/record: 4, table size: 12
	index: 0, handler: __TI_decompress_lzss
	index: 1, handler: __TI_decompress_none
	index: 2, handler: __TI_zero_init


GLOBAL SYMBOLS: SORTED ALPHABETICALLY BY Name 

address   name                             
-------   ----                             
2001161f  Board_init                       
2000d36b  Board_initHook                   
200137f8  Button0Flag                      
200137f9  Button1Flag                      
20011c34  C$$EXIT                          
20011711  CPUcpsid                         
20011725  CPUcpsie                         
20011b5d  CPUprimask                       
20011a91  CPUwfi                           
20011829  ClockP_add                       
200129e0  ClockP_ctrl                      
200107d9  ClockP_destruct                  
2000ef0d  ClockP_doTick                    
20011901  ClockP_getCpuFreq                
20011911  ClockP_getSystemTicks            
20010ba5  ClockP_getTicksUntilInterrupt    
20011b67  ClockP_isActive                  
20011921  ClockP_setTicks                  
20010a05  ClockP_start                     
2000fbc5  ClockP_startup                   
20010725  ClockP_stop                      
200100c5  ClockP_sysTickHandler            
200137e4  ClockP_tickPeriod                
2000f9f9  FlashDisable                     
200102ff  GPIODirModeSet                   
2001183b  GPIOIntClear                     
20011521  GPIOIntDisable                   
200115d7  GPIOIntEnable                    
20010d55  GPIOIntStatus                    
2000eab1  GPIOIntTypeSet                   
2001123d  GPIOPinWrite                     
200130bc  GPIO_config                      
20010345  GPIO_disableInt                  
20010389  GPIO_enableInt                   
2000fd75  GPIO_hwiIntFxn                   
2000f039  GPIO_init                        
20012b23  GPIO_pinUpperBound               
20011479  GPIO_setCallback                 
2000dabd  GPIO_setConfig                   
2000feb5  GPIO_setInterruptConfig          
2000f939  GPIO_write                       
2001184d  HwiP_Params_init                 
20011c07  HwiP_clearInterrupt              
2000f2d5  HwiP_construct                   
20010ec1  HwiP_create                      
2001185f  HwiP_delete                      
20011739  HwiP_destruct                    
20011bad  HwiP_disable                     
20011c0b  HwiP_disableInterrupt            
20011495  HwiP_dispatch                    
20011c0f  HwiP_enable                      
20011c13  HwiP_enableInterrupt             
20011931  HwiP_inISR                       
20011a21  HwiP_interruptsEnabled           
20011c17  HwiP_post                        
20011bb5  HwiP_restore                     
200137e8  HwiP_swiPIntNum                  
20010bd5  I2CFIFODataGetNonBlocking        
20010a39  I2CFIFODataPutNonBlocking        
20011a2f  I2CFIFOStatus                    
20011635  I2CMasterBurstLengthSet          
20010f69  I2CMasterBusBusy                 
20011941  I2CMasterControl                 
20011871  I2CMasterDisable                 
20011883  I2CMasterEnable                  
2000eddd  I2CMasterInitExpClk              
20011951  I2CMasterIntClearEx              
2001164b  I2CMasterIntDisableEx            
2001174d  I2CMasterIntEnableEx             
20010e3b  I2CMasterIntStatusEx             
20010f91  I2CMasterSlaveAddrSet            
20011961  I2CMasterTimeoutSet              
200110f7  I2CRxFIFOConfigSet               
20011661  I2CRxFIFOFlush                   
20011bc5  I2CSupport_controllerFinish      
20011bf5  I2CSupport_powerRelConstraint    
20011bfb  I2CSupport_powerSetConstraint    
2000fa55  I2CSupport_primeTransfer         
20010fb9  I2CTxFIFOConfigSet               
20011677  I2CTxFIFOFlush                   
20011aa9  I2C_Params_init                  
20010fe1  I2C_cancel                       
20013138  I2C_config                       
20012ece  I2C_count                        
2000de5b  I2C_init                         
2000e395  I2C_open                         
20011895  I2C_transfer                     
2000dd35  I2C_transferTimeout              
UNDEFED   ITM_flush                        
UNDEFED   ITM_restore                      
2000e631  IntDisable                       
2000e6f9  IntEnable                        
20011b71  IntMasterDisable                 
20011b7b  IntMasterEnable                  
2000f869  IntPendClear                     
2000eb5d  IntPendSet                       
2000fc1d  IntPrioritySet                   
200112c5  IntRegister                      
2001111b  IntUnregister                    
20011761  IntVTableBaseSet                 
2001113f  List_put                         
20011009  List_remove                      
20011c1f  NoRTOS_start                     
2000c8ad  PRCMCC3200MCUInit                
2001153b  PRCMHIBRegRead                   
20011555  PRCMHIBRegWrite                  
2000f349  PRCMHibernateWakeUpGPIOSelect    
2000fab1  PRCMHibernateWakeupSourceDisable 
2000fdc5  PRCMHibernateWakeupSourceEnable  
2001010d  PRCMIntEnable                    
2000fc75  PRCMLPDSEnter                    
20010273  PRCMLPDSEnterKeepDebugIf         
20010c05  PRCMLPDSIntervalSet              
2000ff01  PRCMLPDSRestoreInfoSet           
20010eeb  PRCMLPDSWakeUpGPIOSelect         
20011ad9  PRCMLPDSWakeupCauseGet           
2001156f  PRCMLPDSWakeupSourceDisable      
20011163  PRCMLPDSWakeupSourceEnable       
20010f15  PRCMPeripheralClkDisable         
2000fb69  PRCMPeripheralClkEnable          
2000f795  PRCMPeripheralReset              
20010155  PRCMPeripheralStatusGet          
20011031  PRCMSRAMRetentionEnable          
20011bcd  PRCMSleepEnter                   
20010c35  PRCMSlowClkCtrFastGet            
2000f0c9  PRCMSysResetCauseGet             
2001019d  PinConfigGet                     
2000ec01  PinConfigSet                     
20010a6d  PinDirModeGet                    
200106e5  PinDirModeSet                    
20010961  PinLock                          
2000f4a1  PinLockLevelSet                  
20010aa1  PinModeGet                       
200104dd  PinModeSet                       
20011589  PinToPadGet                      
200112e5  PinTypeI2C                       
200113a5  PinTypeUART                      
2001125f  PinUnlock                        
20012de8  PowerCC32XX_config               
2000f159  PowerCC32XX_configureWakeup      
20012578  PowerCC32XX_contextSave          
2000ef11  PowerCC32XX_enterLPDS            
20011059  PowerCC32XX_getParkState         
2000ed3f  PowerCC32XX_initPolicy           
2001347c  PowerCC32XX_module               
20010ad5  PowerCC32XX_parkPin              
20011305  PowerCC32XX_reset                
20011189  PowerCC32XX_restoreParkState     
200111ad  PowerCC32XX_restoreParkedPin     
2000ef55  PowerCC32XX_resumeLPDS           
2000fccd  PowerCC32XX_setParkState         
2000d825  PowerCC32XX_sleepPolicy          
20011775  Power_disablePolicy              
20011971  Power_enablePolicy               
20011ae5  Power_getConstraintMask          
20011789  Power_getTransitionLatency       
2001179d  Power_idleFunc                   
2000f25d  Power_init                       
200111d1  Power_registerNotify             
200103cd  Power_releaseConstraint          
2000fd21  Power_releaseDependency          
20010811  Power_setConstraint              
2000f50d  Power_setDependency              
2000cd65  Power_sleep                      
20011325  Power_unregisterNotify           
20011981  RingBuf_construct                
20010d83  RingBuf_getConsume               
20011c23  RingBuf_getCount                 
20011281  RingBuf_getPointer               
200102b9  RingBuf_put                      
20010849  RingBuf_putAdvance               
20010db1  RingBuf_putPointer               
2000fe15  SemaphoreP_construct             
20011345  SemaphoreP_constructBinary       
200115ef  SemaphoreP_create                
20011365  SemaphoreP_createBinary          
200137d0  SemaphoreP_defaultParams         
20011c27  SemaphoreP_delete                
2000f157  SemaphoreP_destruct              
2000ee75  SemaphoreP_pend                  
200105e5  SemaphoreP_post                  
200114b1  SwiP_disable                     
20010881  SwiP_restore                     
200118a7  SysTickEnable                    
200118b9  SysTickIntDisable                
200118cb  SysTickIntEnable                 
2001168d  SysTickPeriodSet                 
200118ef  TI_memcpy_small                  
20011a75  TI_memset_small                  
2000f579  TickFct                          
2000fb0d  TimerCC32XX_allocateTimerResource
20010b09  TimerCC32XX_freeTimerResource    
2001051f  TimerControlStall                
20011385  TimerDisable                     
200115a3  TimerEnable                      
200137fa  TimerFlag                        
20011991  TimerIntClear                    
200116a3  TimerIntDisable                  
200117b1  TimerIntEnable                   
20010c65  TimerLoadSet                     
20010c95  TimerPrescaleSet                 
20011081  TimerSupport_timerDisable        
2001079d  TimerSupport_timerEnable         
200119a1  Timer_Params_init                
20010561  Timer_close                      
20013140  Timer_config                     
20012ecf  Timer_count                      
2000f25b  Timer_init                       
2000d975  Timer_open                       
20010411  Timer_start                      
20010625  Timer_stop                       
200111f5  UART2Support_disableRx           
20011afd  UART2Support_disableTx           
2000e565  UART2Support_dmaStartRx          
2000e949  UART2Support_dmaStartTx          
2000ffe5  UART2Support_dmaStopRx           
2000f999  UART2Support_dmaStopTx           
20011b09  UART2Support_enableTx            
20011c01  UART2Support_powerRelConstraint  
200112a3  UART2Support_sendData            
200119b1  UART2Support_txDone              
20011b15  UART2_Params_init                
2000e47d  UART2_close                      
20013148  UART2_config                     
20012f86  UART2_count                      
20012f20  UART2_defaultParams              
2000d36d  UART2_open                       
20010b3d  UART2_rxDisable                  
20011a3d  UART2_write                      
200113c3  UART2_writeTimeout               
2000d6b1  UART2_writeTimeoutBlocking       
2000df7d  UART2_writeTimeoutNonblocking    
200119c1  UARTBusy                         
200109cd  UARTCharPutNonBlocking           
200116b9  UARTCharsAvail                   
2000f3bd  UARTConfigSetExpClk              
200116cf  UARTDMADisable                   
200117c5  UARTDMAEnable                    
20010ddf  UARTDisable                      
200113e1  UARTEnable                       
200116e5  UARTFIFOLevelSet                 
200115bd  UARTFlowControlSet               
200119d1  UARTIntClear                     
200116fb  UARTIntDisable                   
200117d9  UARTIntEnable                    
20010f3f  UARTIntStatus                    
200119e1  UARTRxErrorGet                   
200108b9  UDMACC32XX_close                 
20013150  UDMACC32XX_config                
20010761  UDMACC32XX_init                  
2000f5e5  UDMACC32XX_open                  
20011bd5  UtilsDelay                       
20004000  __STACK_END                      
00001000  __STACK_SIZE                     
00008000  __SYSMEM_SIZE                    
00000000  __TI_ATRegion0_region_sz         
00000000  __TI_ATRegion0_src_addr          
00000000  __TI_ATRegion0_trg_addr          
00000000  __TI_ATRegion1_region_sz         
00000000  __TI_ATRegion1_src_addr          
00000000  __TI_ATRegion1_trg_addr          
00000000  __TI_ATRegion2_region_sz         
00000000  __TI_ATRegion2_src_addr          
00000000  __TI_ATRegion2_trg_addr          
20011d20  __TI_CINIT_Base                  
20011d30  __TI_CINIT_Limit                 
20011d30  __TI_CINIT_Warm                  
20011d0c  __TI_Handler_Table_Base          
20011d18  __TI_Handler_Table_Limit         
20010929  __TI_auto_init_nobinit_nopinit   
2000f431  __TI_decompress_lzss             
20011a83  __TI_decompress_none             
ffffffff  __TI_pprof_out_hndl              
2000c041  __TI_printfi_nofloat             
ffffffff  __TI_prof_data_size              
ffffffff  __TI_prof_data_start             
20011c38  __TI_static_base__               
20011a11  __TI_zero_init                   
20012a20  __aeabi_ctype_table_             
20012a20  __aeabi_ctype_table_C            
200101e5  __aeabi_d2iz                     
2000e1a9  __aeabi_dmul                     
200137ec  __aeabi_errno                    
20011bdd  __aeabi_errno_addr               
20010e0d  __aeabi_i2d                      
2000f937  __aeabi_ldiv0                    
20011be5  __aeabi_memclr                   
20011be5  __aeabi_memclr4                  
20011be5  __aeabi_memclr8                  
20011c2d  __aeabi_memcpy                   
20011c2d  __aeabi_memcpy4                  
20011c2d  __aeabi_memcpy8                  
20011b99  __aeabi_memset                   
20011b99  __aeabi_memset4                  
20011b99  __aeabi_memset8                  
200117ed  __aeabi_uldivmod                 
ffffffff  __binit__                        
200101e5  __fixdfsi                        
20010e0d  __floatsidf                      
UNDEFED   __mpu_init                       
2000e1a9  __muldf3                         
20003000  __stack                          
20004000  __start___llvm_prf_bits          
20004000  __start___llvm_prf_cnts          
20004000  __stop___llvm_prf_bits           
20004000  __stop___llvm_prf_cnts           
2000ea01  __udivmoddi4                     
20011219  _c_int00_noargs                  
200137f0  _lock                            
2000fbc3  _nop                             
20004040  _sys_memory                      
UNDEFED   _system_post_cinit               
20011c31  _system_pre_init                 
200137f4  _unlock                          
20011c35  abort                            
2000de5d  aligned_alloc                    
20010665  atoi                             
ffffffff  binit                            
20010cf5  checkButtonFlags                 
2000feb3  clkFxn                           
2000e2a5  free                             
20011b21  gpioButtonFxn0                   
20011b2d  gpioButtonFxn1                   
200127a0  gpioCallbackFunctions            
200136e0  gpioPinConfigs                   
20012824  gpioUserArgs                     
20012a04  i2c                              
20013070  i2cCC32XXHWAttrs                 
200126a4  i2cCC32XXObjects                 
200129ac  i2cTransaction                   
2000ff4d  initGPIO                         
2000d539  initI2C                          
2000f651  initTimer                        
20010e95  initUART                         
20010b71  initVectors                      
200119f1  main                             
2000e885  mainThread                       
20011bed  malloc                           
2000de5d  memalign                         
200113ff  memccpy                          
2001292c  output                           
200135e8  parkInfo                         
2000ed41  readTemp                         
20011505  resetISR                         
20012a10  rxBuffer                         
200108f1  sendUARTData                     
200110d1  setHeat                          
20010499  snprintf                         
20012a08  timer0                           
200130dc  timerCC32XXHWAttrs               
200128a8  timerCC32XXObjects               
20011b45  timerCallback                    
20012a12  txBuffer                         
2000fe65  uDMAChannelAssign                
2000efa7  uDMAChannelAttributeDisable      
200106a5  uDMAChannelControlSet            
2001141d  uDMAChannelDisable               
2001143b  uDMAChannelEnable                
20011459  uDMAChannelIsEnabled             
20010079  uDMAChannelSizeGet               
2000e097  uDMAChannelTransferSet           
20011801  uDMAControlBaseSet               
20011a59  uDMAEnable                       
20011a67  uDMAErrorStatusClear             
20011b51  uDMAErrorStatusGet               
20011815  uDMAIntClear                     
20012a0c  uart                             
20012400  uart2CC32XXObjects0              
20013114  udmaCC3220SHWAttrs               
200129f0  udmaCC3220SObject                
20011a01  wcslen                           


GLOBAL SYMBOLS: SORTED BY Symbol Address 

address   name                             
-------   ----                             
00000000  __TI_ATRegion0_region_sz         
00000000  __TI_ATRegion0_src_addr          
00000000  __TI_ATRegion0_trg_addr          
00000000  __TI_ATRegion1_region_sz         
00000000  __TI_ATRegion1_src_addr          
00000000  __TI_ATRegion1_trg_addr          
00000000  __TI_ATRegion2_region_sz         
00000000  __TI_ATRegion2_src_addr          
00000000  __TI_ATRegion2_trg_addr          
00001000  __STACK_SIZE                     
00008000  __SYSMEM_SIZE                    
20003000  __stack                          
20004000  __STACK_END                      
20004000  __start___llvm_prf_bits          
20004000  __start___llvm_prf_cnts          
20004000  __stop___llvm_prf_bits           
20004000  __stop___llvm_prf_cnts           
20004040  _sys_memory                      
2000c041  __TI_printfi_nofloat             
2000c8ad  PRCMCC3200MCUInit                
2000cd65  Power_sleep                      
2000d36b  Board_initHook                   
2000d36d  UART2_open                       
2000d539  initI2C                          
2000d6b1  UART2_writeTimeoutBlocking       
2000d825  PowerCC32XX_sleepPolicy          
2000d975  Timer_open                       
2000dabd  GPIO_setConfig                   
2000dd35  I2C_transferTimeout              
2000de5b  I2C_init                         
2000de5d  aligned_alloc                    
2000de5d  memalign                         
2000df7d  UART2_writeTimeoutNonblocking    
2000e097  uDMAChannelTransferSet           
2000e1a9  __aeabi_dmul                     
2000e1a9  __muldf3                         
2000e2a5  free                             
2000e395  I2C_open                         
2000e47d  UART2_close                      
2000e565  UART2Support_dmaStartRx          
2000e631  IntDisable                       
2000e6f9  IntEnable                        
2000e885  mainThread                       
2000e949  UART2Support_dmaStartTx          
2000ea01  __udivmoddi4                     
2000eab1  GPIOIntTypeSet                   
2000eb5d  IntPendSet                       
2000ec01  PinConfigSet                     
2000ed3f  PowerCC32XX_initPolicy           
2000ed41  readTemp                         
2000eddd  I2CMasterInitExpClk              
2000ee75  SemaphoreP_pend                  
2000ef0d  ClockP_doTick                    
2000ef11  PowerCC32XX_enterLPDS            
2000ef55  PowerCC32XX_resumeLPDS           
2000efa7  uDMAChannelAttributeDisable      
2000f039  GPIO_init                        
2000f0c9  PRCMSysResetCauseGet             
2000f157  SemaphoreP_destruct              
2000f159  PowerCC32XX_configureWakeup      
2000f25b  Timer_init                       
2000f25d  Power_init                       
2000f2d5  HwiP_construct                   
2000f349  PRCMHibernateWakeUpGPIOSelect    
2000f3bd  UARTConfigSetExpClk              
2000f431  __TI_decompress_lzss             
2000f4a1  PinLockLevelSet                  
2000f50d  Power_setDependency              
2000f579  TickFct                          
2000f5e5  UDMACC32XX_open                  
2000f651  initTimer                        
2000f795  PRCMPeripheralReset              
2000f869  IntPendClear                     
2000f937  __aeabi_ldiv0                    
2000f939  GPIO_write                       
2000f999  UART2Support_dmaStopTx           
2000f9f9  FlashDisable                     
2000fa55  I2CSupport_primeTransfer         
2000fab1  PRCMHibernateWakeupSourceDisable 
2000fb0d  TimerCC32XX_allocateTimerResource
2000fb69  PRCMPeripheralClkEnable          
2000fbc3  _nop                             
2000fbc5  ClockP_startup                   
2000fc1d  IntPrioritySet                   
2000fc75  PRCMLPDSEnter                    
2000fccd  PowerCC32XX_setParkState         
2000fd21  Power_releaseDependency          
2000fd75  GPIO_hwiIntFxn                   
2000fdc5  PRCMHibernateWakeupSourceEnable  
2000fe15  SemaphoreP_construct             
2000fe65  uDMAChannelAssign                
2000feb3  clkFxn                           
2000feb5  GPIO_setInterruptConfig          
2000ff01  PRCMLPDSRestoreInfoSet           
2000ff4d  initGPIO                         
2000ffe5  UART2Support_dmaStopRx           
20010079  uDMAChannelSizeGet               
200100c5  ClockP_sysTickHandler            
2001010d  PRCMIntEnable                    
20010155  PRCMPeripheralStatusGet          
2001019d  PinConfigGet                     
200101e5  __aeabi_d2iz                     
200101e5  __fixdfsi                        
20010273  PRCMLPDSEnterKeepDebugIf         
200102b9  RingBuf_put                      
200102ff  GPIODirModeSet                   
20010345  GPIO_disableInt                  
20010389  GPIO_enableInt                   
200103cd  Power_releaseConstraint          
20010411  Timer_start                      
20010499  snprintf                         
200104dd  PinModeSet                       
2001051f  TimerControlStall                
20010561  Timer_close                      
200105e5  SemaphoreP_post                  
20010625  Timer_stop                       
20010665  atoi                             
200106a5  uDMAChannelControlSet            
200106e5  PinDirModeSet                    
20010725  ClockP_stop                      
20010761  UDMACC32XX_init                  
2001079d  TimerSupport_timerEnable         
200107d9  ClockP_destruct                  
20010811  Power_setConstraint              
20010849  RingBuf_putAdvance               
20010881  SwiP_restore                     
200108b9  UDMACC32XX_close                 
200108f1  sendUARTData                     
20010929  __TI_auto_init_nobinit_nopinit   
20010961  PinLock                          
200109cd  UARTCharPutNonBlocking           
20010a05  ClockP_start                     
20010a39  I2CFIFODataPutNonBlocking        
20010a6d  PinDirModeGet                    
20010aa1  PinModeGet                       
20010ad5  PowerCC32XX_parkPin              
20010b09  TimerCC32XX_freeTimerResource    
20010b3d  UART2_rxDisable                  
20010b71  initVectors                      
20010ba5  ClockP_getTicksUntilInterrupt    
20010bd5  I2CFIFODataGetNonBlocking        
20010c05  PRCMLPDSIntervalSet              
20010c35  PRCMSlowClkCtrFastGet            
20010c65  TimerLoadSet                     
20010c95  TimerPrescaleSet                 
20010cf5  checkButtonFlags                 
20010d55  GPIOIntStatus                    
20010d83  RingBuf_getConsume               
20010db1  RingBuf_putPointer               
20010ddf  UARTDisable                      
20010e0d  __aeabi_i2d                      
20010e0d  __floatsidf                      
20010e3b  I2CMasterIntStatusEx             
20010e95  initUART                         
20010ec1  HwiP_create                      
20010eeb  PRCMLPDSWakeUpGPIOSelect         
20010f15  PRCMPeripheralClkDisable         
20010f3f  UARTIntStatus                    
20010f69  I2CMasterBusBusy                 
20010f91  I2CMasterSlaveAddrSet            
20010fb9  I2CTxFIFOConfigSet               
20010fe1  I2C_cancel                       
20011009  List_remove                      
20011031  PRCMSRAMRetentionEnable          
20011059  PowerCC32XX_getParkState         
20011081  TimerSupport_timerDisable        
200110d1  setHeat                          
200110f7  I2CRxFIFOConfigSet               
2001111b  IntUnregister                    
2001113f  List_put                         
20011163  PRCMLPDSWakeupSourceEnable       
20011189  PowerCC32XX_restoreParkState     
200111ad  PowerCC32XX_restoreParkedPin     
200111d1  Power_registerNotify             
200111f5  UART2Support_disableRx           
20011219  _c_int00_noargs                  
2001123d  GPIOPinWrite                     
2001125f  PinUnlock                        
20011281  RingBuf_getPointer               
200112a3  UART2Support_sendData            
200112c5  IntRegister                      
200112e5  PinTypeI2C                       
20011305  PowerCC32XX_reset                
20011325  Power_unregisterNotify           
20011345  SemaphoreP_constructBinary       
20011365  SemaphoreP_createBinary          
20011385  TimerDisable                     
200113a5  PinTypeUART                      
200113c3  UART2_writeTimeout               
200113e1  UARTEnable                       
200113ff  memccpy                          
2001141d  uDMAChannelDisable               
2001143b  uDMAChannelEnable                
20011459  uDMAChannelIsEnabled             
20011479  GPIO_setCallback                 
20011495  HwiP_dispatch                    
200114b1  SwiP_disable                     
20011505  resetISR                         
20011521  GPIOIntDisable                   
2001153b  PRCMHIBRegRead                   
20011555  PRCMHIBRegWrite                  
2001156f  PRCMLPDSWakeupSourceDisable      
20011589  PinToPadGet                      
200115a3  TimerEnable                      
200115bd  UARTFlowControlSet               
200115d7  GPIOIntEnable                    
200115ef  SemaphoreP_create                
2001161f  Board_init                       
20011635  I2CMasterBurstLengthSet          
2001164b  I2CMasterIntDisableEx            
20011661  I2CRxFIFOFlush                   
20011677  I2CTxFIFOFlush                   
2001168d  SysTickPeriodSet                 
200116a3  TimerIntDisable                  
200116b9  UARTCharsAvail                   
200116cf  UARTDMADisable                   
200116e5  UARTFIFOLevelSet                 
200116fb  UARTIntDisable                   
20011711  CPUcpsid                         
20011725  CPUcpsie                         
20011739  HwiP_destruct                    
2001174d  I2CMasterIntEnableEx             
20011761  IntVTableBaseSet                 
20011775  Power_disablePolicy              
20011789  Power_getTransitionLatency       
2001179d  Power_idleFunc                   
200117b1  TimerIntEnable                   
200117c5  UARTDMAEnable                    
200117d9  UARTIntEnable                    
200117ed  __aeabi_uldivmod                 
20011801  uDMAControlBaseSet               
20011815  uDMAIntClear                     
20011829  ClockP_add                       
2001183b  GPIOIntClear                     
2001184d  HwiP_Params_init                 
2001185f  HwiP_delete                      
20011871  I2CMasterDisable                 
20011883  I2CMasterEnable                  
20011895  I2C_transfer                     
200118a7  SysTickEnable                    
200118b9  SysTickIntDisable                
200118cb  SysTickIntEnable                 
200118ef  TI_memcpy_small                  
20011901  ClockP_getCpuFreq                
20011911  ClockP_getSystemTicks            
20011921  ClockP_setTicks                  
20011931  HwiP_inISR                       
20011941  I2CMasterControl                 
20011951  I2CMasterIntClearEx              
20011961  I2CMasterTimeoutSet              
20011971  Power_enablePolicy               
20011981  RingBuf_construct                
20011991  TimerIntClear                    
200119a1  Timer_Params_init                
200119b1  UART2Support_txDone              
200119c1  UARTBusy                         
200119d1  UARTIntClear                     
200119e1  UARTRxErrorGet                   
200119f1  main                             
20011a01  wcslen                           
20011a11  __TI_zero_init                   
20011a21  HwiP_interruptsEnabled           
20011a2f  I2CFIFOStatus                    
20011a3d  UART2_write                      
20011a59  uDMAEnable                       
20011a67  uDMAErrorStatusClear             
20011a75  TI_memset_small                  
20011a83  __TI_decompress_none             
20011a91  CPUwfi                           
20011aa9  I2C_Params_init                  
20011ad9  PRCMLPDSWakeupCauseGet           
20011ae5  Power_getConstraintMask          
20011afd  UART2Support_disableTx           
20011b09  UART2Support_enableTx            
20011b15  UART2_Params_init                
20011b21  gpioButtonFxn0                   
20011b2d  gpioButtonFxn1                   
20011b45  timerCallback                    
20011b51  uDMAErrorStatusGet               
20011b5d  CPUprimask                       
20011b67  ClockP_isActive                  
20011b71  IntMasterDisable                 
20011b7b  IntMasterEnable                  
20011b99  __aeabi_memset                   
20011b99  __aeabi_memset4                  
20011b99  __aeabi_memset8                  
20011bad  HwiP_disable                     
20011bb5  HwiP_restore                     
20011bc5  I2CSupport_controllerFinish      
20011bcd  PRCMSleepEnter                   
20011bd5  UtilsDelay                       
20011bdd  __aeabi_errno_addr               
20011be5  __aeabi_memclr                   
20011be5  __aeabi_memclr4                  
20011be5  __aeabi_memclr8                  
20011bed  malloc                           
20011bf5  I2CSupport_powerRelConstraint    
20011bfb  I2CSupport_powerSetConstraint    
20011c01  UART2Support_powerRelConstraint  
20011c07  HwiP_clearInterrupt              
20011c0b  HwiP_disableInterrupt            
20011c0f  HwiP_enable                      
20011c13  HwiP_enableInterrupt             
20011c17  HwiP_post                        
20011c1f  NoRTOS_start                     
20011c23  RingBuf_getCount                 
20011c27  SemaphoreP_delete                
20011c2d  __aeabi_memcpy                   
20011c2d  __aeabi_memcpy4                  
20011c2d  __aeabi_memcpy8                  
20011c31  _system_pre_init                 
20011c34  C$$EXIT                          
20011c35  abort                            
20011c38  __TI_static_base__               
20011d0c  __TI_Handler_Table_Base          
20011d18  __TI_Handler_Table_Limit         
20011d20  __TI_CINIT_Base                  
20011d30  __TI_CINIT_Limit                 
20011d30  __TI_CINIT_Warm                  
20012400  uart2CC32XXObjects0              
20012578  PowerCC32XX_contextSave          
200126a4  i2cCC32XXObjects                 
200127a0  gpioCallbackFunctions            
20012824  gpioUserArgs                     
200128a8  timerCC32XXObjects               
2001292c  output                           
200129ac  i2cTransaction                   
200129e0  ClockP_ctrl                      
200129f0  udmaCC3220SObject                
20012a04  i2c                              
20012a08  timer0                           
20012a0c  uart                             
20012a10  rxBuffer                         
20012a12  txBuffer                         
20012a20  __aeabi_ctype_table_             
20012a20  __aeabi_ctype_table_C            
20012b23  GPIO_pinUpperBound               
20012de8  PowerCC32XX_config               
20012ece  I2C_count                        
20012ecf  Timer_count                      
20012f20  UART2_defaultParams              
20012f86  UART2_count                      
20013070  i2cCC32XXHWAttrs                 
200130bc  GPIO_config                      
200130dc  timerCC32XXHWAttrs               
20013114  udmaCC3220SHWAttrs               
20013138  I2C_config                       
20013140  Timer_config                     
20013148  UART2_config                     
20013150  UDMACC32XX_config                
2001347c  PowerCC32XX_module               
200135e8  parkInfo                         
200136e0  gpioPinConfigs                   
200137d0  SemaphoreP_defaultParams         
200137e4  ClockP_tickPeriod                
200137e8  HwiP_swiPIntNum                  
200137ec  __aeabi_errno                    
200137f0  _lock                            
200137f4  _unlock                          
200137f8  Button0Flag                      
200137f9  Button1Flag                      
200137fa  TimerFlag                        
ffffffff  __TI_pprof_out_hndl              
ffffffff  __TI_prof_data_size              
ffffffff  __TI_prof_data_start             
ffffffff  __binit__                        
ffffffff  binit                            
UNDEFED   ITM_flush                        
UNDEFED   ITM_restore                      
UNDEFED   __mpu_init                       
UNDEFED   _system_post_cinit               

[371 symbols]
