<?xml version="1.0" encoding="ISO-8859-1" ?>
<link_info>
   <banner>TI ARM Clang Linker PC v1.3.0.LTS</banner>
   <copyright>Copyright (c) 1996-2018 Texas Instruments Incorporated</copyright>
   <link_time>0x670308b3</link_time>
   <link_errors>0x0</link_errors>
   <output_file>gpiointerrupt_CC3220S_LAUNCHXL_nortos_ticlang.out</output_file>
   <entry_point>
      <name>resetISR</name>
      <address>0x2000edb9</address>
   </entry_point>
   <input_file_list>
      <input_file id="fl-1">
         <path>.\</path>
         <kind>object</kind>
         <file>gpiointerrupt.o</file>
         <name>gpiointerrupt.o</name>
      </input_file>
      <input_file id="fl-2">
         <path>.\syscfg\</path>
         <kind>object</kind>
         <file>ti_drivers_config.o</file>
         <name>ti_drivers_config.o</name>
      </input_file>
      <input_file id="fl-3">
         <path>.\</path>
         <kind>object</kind>
         <file>main_nortos.o</file>
         <name>main_nortos.o</name>
      </input_file>
      <input_file id="fl-13">
         <kind>object</kind>
         <file>&lt;internal&gt;</file>
         <name>&lt;internal&gt;</name>
      </input_file>
      <input_file id="fl-14">
         <path>F:\ti\simplelink_cc32xx_sdk_7_10_00_13\source\ti\drivers\lib\ticlang\m4\</path>
         <kind>archive</kind>
         <file>drivers_cc32xx.a</file>
         <name>GPIO.c.obj</name>
      </input_file>
      <input_file id="fl-15">
         <path>F:\ti\simplelink_cc32xx_sdk_7_10_00_13\source\ti\drivers\lib\ticlang\m4\</path>
         <kind>archive</kind>
         <file>drivers_cc32xx.a</file>
         <name>GPIOCC32XX.c.obj</name>
      </input_file>
      <input_file id="fl-16">
         <path>F:\ti\simplelink_cc32xx_sdk_7_10_00_13\source\ti\drivers\lib\ticlang\m4\</path>
         <kind>archive</kind>
         <file>drivers_cc32xx.a</file>
         <name>PowerCC32XX.c.obj</name>
      </input_file>
      <input_file id="fl-17">
         <path>F:\ti\simplelink_cc32xx_sdk_7_10_00_13\source\ti\drivers\lib\ticlang\m4\</path>
         <kind>archive</kind>
         <file>drivers_cc32xx.a</file>
         <name>PowerCC32XX_ticlang.asm.obj</name>
      </input_file>
      <input_file id="fl-18">
         <path>F:\ti\simplelink_cc32xx_sdk_7_10_00_13\source\ti\drivers\lib\ticlang\m4\</path>
         <kind>archive</kind>
         <file>drivers_cc32xx.a</file>
         <name>Timer.c.obj</name>
      </input_file>
      <input_file id="fl-19">
         <path>F:\ti\simplelink_cc32xx_sdk_7_10_00_13\source\ti\drivers\lib\ticlang\m4\</path>
         <kind>archive</kind>
         <file>drivers_cc32xx.a</file>
         <name>TimerCC32XX.c.obj</name>
      </input_file>
      <input_file id="fl-1a">
         <path>F:\ti\simplelink_cc32xx_sdk_7_10_00_13\source\ti\drivers\lib\ticlang\m4\</path>
         <kind>archive</kind>
         <file>drivers_cc32xx.a</file>
         <name>List.c.obj</name>
      </input_file>
      <input_file id="fl-1b">
         <path>F:\ti\simplelink_cc32xx_sdk_7_10_00_13\kernel\nortos\lib\ticlang\m4\</path>
         <kind>archive</kind>
         <file>nortos_cc32xx.a</file>
         <name>NoRTOS.c.obj</name>
      </input_file>
      <input_file id="fl-1c">
         <path>F:\ti\simplelink_cc32xx_sdk_7_10_00_13\kernel\nortos\lib\ticlang\m4\</path>
         <kind>archive</kind>
         <file>nortos_cc32xx.a</file>
         <name>SemaphoreP_nortos.c.obj</name>
      </input_file>
      <input_file id="fl-1d">
         <path>F:\ti\simplelink_cc32xx_sdk_7_10_00_13\kernel\nortos\lib\ticlang\m4\</path>
         <kind>archive</kind>
         <file>nortos_cc32xx.a</file>
         <name>ClockPSysTick_nortos.c.obj</name>
      </input_file>
      <input_file id="fl-1e">
         <path>F:\ti\simplelink_cc32xx_sdk_7_10_00_13\kernel\nortos\lib\ticlang\m4\</path>
         <kind>archive</kind>
         <file>nortos_cc32xx.a</file>
         <name>HwiPCC32XX_nortos.c.obj</name>
      </input_file>
      <input_file id="fl-1f">
         <path>F:\ti\simplelink_cc32xx_sdk_7_10_00_13\kernel\nortos\lib\ticlang\m4\</path>
         <kind>archive</kind>
         <file>nortos_cc32xx.a</file>
         <name>PowerCC32XX_nortos.c.obj</name>
      </input_file>
      <input_file id="fl-20">
         <path>F:\ti\simplelink_cc32xx_sdk_7_10_00_13\kernel\nortos\lib\ticlang\m4\</path>
         <kind>archive</kind>
         <file>nortos_cc32xx.a</file>
         <name>startup_cc32xx_ticlang.c.obj</name>
      </input_file>
      <input_file id="fl-21">
         <path>F:\ti\simplelink_cc32xx_sdk_7_10_00_13\kernel\nortos\lib\ticlang\m4\</path>
         <kind>archive</kind>
         <file>nortos_cc32xx.a</file>
         <name>SwiP_nortos.c.obj</name>
      </input_file>
      <input_file id="fl-22">
         <path>F:\ti\simplelink_cc32xx_sdk_7_10_00_13\source\ti\devices\cc32xx\driverlib\ticlang\Release\</path>
         <kind>archive</kind>
         <file>driverlib.a</file>
         <name>cpu.obj</name>
      </input_file>
      <input_file id="fl-23">
         <path>F:\ti\simplelink_cc32xx_sdk_7_10_00_13\source\ti\devices\cc32xx\driverlib\ticlang\Release\</path>
         <kind>archive</kind>
         <file>driverlib.a</file>
         <name>gpio.obj</name>
      </input_file>
      <input_file id="fl-24">
         <path>F:\ti\simplelink_cc32xx_sdk_7_10_00_13\source\ti\devices\cc32xx\driverlib\ticlang\Release\</path>
         <kind>archive</kind>
         <file>driverlib.a</file>
         <name>hwspinlock.obj</name>
      </input_file>
      <input_file id="fl-25">
         <path>F:\ti\simplelink_cc32xx_sdk_7_10_00_13\source\ti\devices\cc32xx\driverlib\ticlang\Release\</path>
         <kind>archive</kind>
         <file>driverlib.a</file>
         <name>interrupt.obj</name>
      </input_file>
      <input_file id="fl-26">
         <path>F:\ti\simplelink_cc32xx_sdk_7_10_00_13\source\ti\devices\cc32xx\driverlib\ticlang\Release\</path>
         <kind>archive</kind>
         <file>driverlib.a</file>
         <name>pin.obj</name>
      </input_file>
      <input_file id="fl-27">
         <path>F:\ti\simplelink_cc32xx_sdk_7_10_00_13\source\ti\devices\cc32xx\driverlib\ticlang\Release\</path>
         <kind>archive</kind>
         <file>driverlib.a</file>
         <name>prcm.obj</name>
      </input_file>
      <input_file id="fl-28">
         <path>F:\ti\simplelink_cc32xx_sdk_7_10_00_13\source\ti\devices\cc32xx\driverlib\ticlang\Release\</path>
         <kind>archive</kind>
         <file>driverlib.a</file>
         <name>spi.obj</name>
      </input_file>
      <input_file id="fl-29">
         <path>F:\ti\simplelink_cc32xx_sdk_7_10_00_13\source\ti\devices\cc32xx\driverlib\ticlang\Release\</path>
         <kind>archive</kind>
         <file>driverlib.a</file>
         <name>systick.obj</name>
      </input_file>
      <input_file id="fl-2a">
         <path>F:\ti\simplelink_cc32xx_sdk_7_10_00_13\source\ti\devices\cc32xx\driverlib\ticlang\Release\</path>
         <kind>archive</kind>
         <file>driverlib.a</file>
         <name>timer.obj</name>
      </input_file>
      <input_file id="fl-2b">
         <path>F:\ti\simplelink_cc32xx_sdk_7_10_00_13\source\ti\devices\cc32xx\driverlib\ticlang\Release\</path>
         <kind>archive</kind>
         <file>driverlib.a</file>
         <name>utils.obj</name>
      </input_file>
      <input_file id="fl-2c">
         <path>F:\ti\simplelink_cc32xx_sdk_7_10_00_13\source\ti\devices\cc32xx\driverlib\ticlang\Release\</path>
         <kind>archive</kind>
         <file>driverlib.a</file>
         <name>flash.obj</name>
      </input_file>
      <input_file id="fl-38">
         <path>F:\ti\ccs10\ccs\tools\compiler\ti-cgt-armllvm_1.3.0.LTS\lib\armv7em-ti-none-eabi\c\</path>
         <kind>archive</kind>
         <file>libc.a</file>
         <name>memory.c.obj</name>
      </input_file>
      <input_file id="fl-39">
         <path>F:\ti\ccs10\ccs\tools\compiler\ti-cgt-armllvm_1.3.0.LTS\lib\armv7em-ti-none-eabi\c\</path>
         <kind>archive</kind>
         <file>libc.a</file>
         <name>boot_cortex_m.c.obj</name>
      </input_file>
      <input_file id="fl-3a">
         <path>F:\ti\ccs10\ccs\tools\compiler\ti-cgt-armllvm_1.3.0.LTS\lib\armv7em-ti-none-eabi\c\</path>
         <kind>archive</kind>
         <file>libc.a</file>
         <name>mathacl_init.c.obj</name>
      </input_file>
      <input_file id="fl-3b">
         <path>F:\ti\ccs10\ccs\tools\compiler\ti-cgt-armllvm_1.3.0.LTS\lib\armv7em-ti-none-eabi\c\</path>
         <kind>archive</kind>
         <file>libc.a</file>
         <name>autoinit.c.obj</name>
      </input_file>
      <input_file id="fl-3c">
         <path>F:\ti\ccs10\ccs\tools\compiler\ti-cgt-armllvm_1.3.0.LTS\lib\armv7em-ti-none-eabi\c\</path>
         <kind>archive</kind>
         <file>libc.a</file>
         <name>pre_init.c.obj</name>
      </input_file>
      <input_file id="fl-3d">
         <path>F:\ti\ccs10\ccs\tools\compiler\ti-cgt-armllvm_1.3.0.LTS\lib\armv7em-ti-none-eabi\c\</path>
         <kind>archive</kind>
         <file>libc.a</file>
         <name>cpy_tbl.c.obj</name>
      </input_file>
      <input_file id="fl-3e">
         <path>F:\ti\ccs10\ccs\tools\compiler\ti-cgt-armllvm_1.3.0.LTS\lib\armv7em-ti-none-eabi\c\</path>
         <kind>archive</kind>
         <file>libc.a</file>
         <name>copy_zero_init.c.obj</name>
      </input_file>
      <input_file id="fl-3f">
         <path>F:\ti\ccs10\ccs\tools\compiler\ti-cgt-armllvm_1.3.0.LTS\lib\armv7em-ti-none-eabi\c\</path>
         <kind>archive</kind>
         <file>libc.a</file>
         <name>copy_decompress_none.c.obj</name>
      </input_file>
      <input_file id="fl-40">
         <path>F:\ti\ccs10\ccs\tools\compiler\ti-cgt-armllvm_1.3.0.LTS\lib\armv7em-ti-none-eabi\c\</path>
         <kind>archive</kind>
         <file>libc.a</file>
         <name>copy_decompress_lzss.c.obj</name>
      </input_file>
      <input_file id="fl-41">
         <path>F:\ti\ccs10\ccs\tools\compiler\ti-cgt-armllvm_1.3.0.LTS\lib\armv7em-ti-none-eabi\c\</path>
         <kind>archive</kind>
         <file>libc.a</file>
         <name>exit.c.obj</name>
      </input_file>
      <input_file id="fl-42">
         <path>F:\ti\ccs10\ccs\tools\compiler\ti-cgt-armllvm_1.3.0.LTS\lib\armv7em-ti-none-eabi\c\</path>
         <kind>archive</kind>
         <file>libc.a</file>
         <name>_lock.c.obj</name>
      </input_file>
      <input_file id="fl-43">
         <path>F:\ti\ccs10\ccs\tools\compiler\ti-cgt-armllvm_1.3.0.LTS\lib\armv7em-ti-none-eabi\c\</path>
         <kind>archive</kind>
         <file>libc.a</file>
         <name>args_main.c.obj</name>
      </input_file>
      <input_file id="fl-7c">
         <path>F:\ti\ccs10\ccs\tools\compiler\ti-cgt-armllvm_1.3.0.LTS\lib\clang\12.0.1\lib\armv7em-ti-none-eabi\</path>
         <kind>archive</kind>
         <file>libclang_rt.builtins.a</file>
         <name>aeabi_memcpy.S.obj</name>
      </input_file>
      <input_file id="fl-7d">
         <path>F:\ti\ccs10\ccs\tools\compiler\ti-cgt-armllvm_1.3.0.LTS\lib\clang\12.0.1\lib\armv7em-ti-none-eabi\</path>
         <kind>archive</kind>
         <file>libclang_rt.builtins.a</file>
         <name>aeabi_memset.S.obj</name>
      </input_file>
      <input_file id="fl-7e">
         <path>F:\ti\ccs10\ccs\tools\compiler\ti-cgt-armllvm_1.3.0.LTS\lib\clang\12.0.1\lib\armv7em-ti-none-eabi\</path>
         <kind>archive</kind>
         <file>libclang_rt.builtins.a</file>
         <name>aeabi_uldivmod.S.obj</name>
      </input_file>
      <input_file id="fl-7f">
         <path>F:\ti\ccs10\ccs\tools\compiler\ti-cgt-armllvm_1.3.0.LTS\lib\clang\12.0.1\lib\armv7em-ti-none-eabi\</path>
         <kind>archive</kind>
         <file>libclang_rt.builtins.a</file>
         <name>udivmoddi4.S.obj</name>
      </input_file>
      <input_file id="fl-80">
         <path>F:\ti\ccs10\ccs\tools\compiler\ti-cgt-armllvm_1.3.0.LTS\lib\clang\12.0.1\lib\armv7em-ti-none-eabi\</path>
         <kind>archive</kind>
         <file>libclang_rt.builtins.a</file>
         <name>aeabi_div0.c.obj</name>
      </input_file>
      <input_file id="fl-81">
         <path>F:\ti\ccs10\ccs\tools\compiler\ti-cgt-armllvm_1.3.0.LTS\lib\armv7em-ti-none-eabi\c\</path>
         <kind>archive</kind>
         <file>libc.a</file>
         <name>memcpy_t2.S.obj</name>
      </input_file>
      <input_file id="fl-82">
         <path>F:\ti\ccs10\ccs\tools\compiler\ti-cgt-armllvm_1.3.0.LTS\lib\armv7em-ti-none-eabi\c\</path>
         <kind>archive</kind>
         <file>libc.a</file>
         <name>memset_t2.S.obj</name>
      </input_file>
   </input_file_list>
   <object_component_list>
      <object_component id="oc-7b">
         <name>.text.PRCMCC3200MCUInit</name>
         <load_address>0x2000c040</load_address>
         <run_address>0x2000c040</run_address>
         <size>0x4b8</size>
         <input_file_ref idref="fl-27"/>
      </object_component>
      <object_component id="oc-15c">
         <name>.text.Power_sleep</name>
         <load_address>0x2000c4f8</load_address>
         <run_address>0x2000c4f8</run_address>
         <size>0x3e4</size>
         <input_file_ref idref="fl-16"/>
      </object_component>
      <object_component id="oc-10c">
         <name>.text.PowerCC32XX_sleepPolicy</name>
         <load_address>0x2000c8dc</load_address>
         <run_address>0x2000c8dc</run_address>
         <size>0x150</size>
         <input_file_ref idref="fl-1f"/>
      </object_component>
      <object_component id="oc-dd">
         <name>.text.Timer_open</name>
         <load_address>0x2000ca2c</load_address>
         <run_address>0x2000ca2c</run_address>
         <size>0x148</size>
         <input_file_ref idref="fl-19"/>
      </object_component>
      <object_component id="oc-9e">
         <name>.text.GPIO_setConfig</name>
         <load_address>0x2000cb74</load_address>
         <run_address>0x2000cb74</run_address>
         <size>0x140</size>
         <input_file_ref idref="fl-15"/>
      </object_component>
      <object_component id="oc-182">
         <name>.text.aligned_alloc</name>
         <load_address>0x2000ccb4</load_address>
         <run_address>0x2000ccb4</run_address>
         <size>0x114</size>
         <input_file_ref idref="fl-38"/>
      </object_component>
      <object_component id="oc-113">
         <name>.text.free</name>
         <load_address>0x2000cdc8</load_address>
         <run_address>0x2000cdc8</run_address>
         <size>0xf8</size>
         <input_file_ref idref="fl-38"/>
      </object_component>
      <object_component id="oc-1c1">
         <name>.text.IntDisable</name>
         <load_address>0x2000cec0</load_address>
         <run_address>0x2000cec0</run_address>
         <size>0xc8</size>
         <input_file_ref idref="fl-25"/>
      </object_component>
      <object_component id="oc-185">
         <name>.text.IntEnable</name>
         <load_address>0x2000cf88</load_address>
         <run_address>0x2000cf88</run_address>
         <size>0xc8</size>
         <input_file_ref idref="fl-25"/>
      </object_component>
      <object_component id="oc-18f">
         <name>.text</name>
         <load_address>0x2000d050</load_address>
         <run_address>0x2000d050</run_address>
         <size>0xb0</size>
         <input_file_ref idref="fl-7f"/>
      </object_component>
      <object_component id="oc-143">
         <name>.text.GPIOIntTypeSet</name>
         <load_address>0x2000d100</load_address>
         <run_address>0x2000d100</run_address>
         <size>0xac</size>
         <input_file_ref idref="fl-23"/>
      </object_component>
      <object_component id="oc-1bd">
         <name>.text.IntPendSet</name>
         <load_address>0x2000d1ac</load_address>
         <run_address>0x2000d1ac</run_address>
         <size>0xa4</size>
         <input_file_ref idref="fl-25"/>
      </object_component>
      <object_component id="oc-ef">
         <name>.text.PinConfigSet</name>
         <load_address>0x2000d250</load_address>
         <run_address>0x2000d250</run_address>
         <size>0xa2</size>
         <input_file_ref idref="fl-26"/>
      </object_component>
      <object_component id="oc-8b">
         <name>.text.Board_initHook</name>
         <load_address>0x2000d2f2</load_address>
         <run_address>0x2000d2f2</run_address>
         <size>0x2</size>
         <input_file_ref idref="fl-2"/>
      </object_component>
      <object_component id="oc-c8">
         <name>.text.SemaphoreP_pend</name>
         <load_address>0x2000d2f4</load_address>
         <run_address>0x2000d2f4</run_address>
         <size>0x98</size>
         <input_file_ref idref="fl-1c"/>
      </object_component>
      <object_component id="oc-163">
         <name>.text.ClockP_doTick</name>
         <load_address>0x2000d38c</load_address>
         <run_address>0x2000d38c</run_address>
         <size>0x4</size>
         <input_file_ref idref="fl-1d"/>
      </object_component>
      <object_component id="oc-198">
         <name>.text</name>
         <load_address>0x2000d390</load_address>
         <run_address>0x2000d390</run_address>
         <size>0x96</size>
         <input_file_ref idref="fl-17"/>
      </object_component>
      <object_component id="oc-107">
         <name>.text.PowerCC32XX_initPolicy</name>
         <load_address>0x2000d426</load_address>
         <run_address>0x2000d426</run_address>
         <size>0x2</size>
         <input_file_ref idref="fl-1f"/>
      </object_component>
      <object_component id="oc-85">
         <name>.text.GPIO_init</name>
         <load_address>0x2000d428</load_address>
         <run_address>0x2000d428</run_address>
         <size>0x90</size>
         <input_file_ref idref="fl-15"/>
      </object_component>
      <object_component id="oc-e4">
         <name>.text.timerCallback</name>
         <load_address>0x2000d4b8</load_address>
         <run_address>0x2000d4b8</run_address>
         <size>0x90</size>
         <input_file_ref idref="fl-1"/>
      </object_component>
      <object_component id="oc-a7">
         <name>.text.PRCMSysResetCauseGet</name>
         <load_address>0x2000d548</load_address>
         <run_address>0x2000d548</run_address>
         <size>0x8e</size>
         <input_file_ref idref="fl-27"/>
      </object_component>
      <object_component id="oc-172">
         <name>.text.SemaphoreP_destruct</name>
         <load_address>0x2000d5d6</load_address>
         <run_address>0x2000d5d6</run_address>
         <size>0x2</size>
         <input_file_ref idref="fl-1c"/>
      </object_component>
      <object_component id="oc-b9">
         <name>.text.PowerCC32XX_configureWakeup</name>
         <load_address>0x2000d5d8</load_address>
         <run_address>0x2000d5d8</run_address>
         <size>0x88</size>
         <input_file_ref idref="fl-16"/>
      </object_component>
      <object_component id="oc-80">
         <name>.text.Power_init</name>
         <load_address>0x2000d660</load_address>
         <run_address>0x2000d660</run_address>
         <size>0x78</size>
         <input_file_ref idref="fl-16"/>
      </object_component>
      <object_component id="oc-142">
         <name>.text.HwiP_construct</name>
         <load_address>0x2000d6d8</load_address>
         <run_address>0x2000d6d8</run_address>
         <size>0x74</size>
         <input_file_ref idref="fl-1e"/>
      </object_component>
      <object_component id="oc-104">
         <name>.text.PRCMHibernateWakeUpGPIOSelect</name>
         <load_address>0x2000d74c</load_address>
         <run_address>0x2000d74c</run_address>
         <size>0x74</size>
         <input_file_ref idref="fl-27"/>
      </object_component>
      <object_component id="oc-195">
         <name>.text.PinLockLevelSet</name>
         <load_address>0x2000d7c0</load_address>
         <run_address>0x2000d7c0</run_address>
         <size>0x6c</size>
         <input_file_ref idref="fl-26"/>
      </object_component>
      <object_component id="oc-f0">
         <name>.text.Power_setDependency</name>
         <load_address>0x2000d82c</load_address>
         <run_address>0x2000d82c</run_address>
         <size>0x6c</size>
         <input_file_ref idref="fl-16"/>
      </object_component>
      <object_component id="oc-cf">
         <name>.text.powerNotifyFxn</name>
         <load_address>0x2000d898</load_address>
         <run_address>0x2000d898</run_address>
         <size>0x6c</size>
         <input_file_ref idref="fl-15"/>
      </object_component>
      <object_component id="oc-1ad">
         <name>.text.split</name>
         <load_address>0x2000d904</load_address>
         <run_address>0x2000d904</run_address>
         <size>0x6c</size>
         <input_file_ref idref="fl-38"/>
      </object_component>
      <object_component id="oc-af">
         <name>.text.PRCMPeripheralReset</name>
         <load_address>0x2000d970</load_address>
         <run_address>0x2000d970</run_address>
         <size>0x6a</size>
         <input_file_ref idref="fl-27"/>
      </object_component>
      <object_component id="oc-16">
         <name>.text:decompress:lzss</name>
         <load_address>0x2000d9da</load_address>
         <run_address>0x2000d9da</run_address>
         <size>0x6a</size>
         <input_file_ref idref="fl-40"/>
      </object_component>
      <object_component id="oc-1a8">
         <name>.text.IntPendClear</name>
         <load_address>0x2000da44</load_address>
         <run_address>0x2000da44</run_address>
         <size>0x68</size>
         <input_file_ref idref="fl-25"/>
      </object_component>
      <object_component id="oc-97">
         <name>.text.GPIO_write</name>
         <load_address>0x2000daac</load_address>
         <run_address>0x2000daac</run_address>
         <size>0x60</size>
         <input_file_ref idref="fl-15"/>
      </object_component>
      <object_component id="oc-69">
         <name>.text.mainThread</name>
         <load_address>0x2000db0c</load_address>
         <run_address>0x2000db0c</run_address>
         <size>0x60</size>
         <input_file_ref idref="fl-1"/>
      </object_component>
      <object_component id="oc-1b8">
         <name>.text.FlashDisable</name>
         <load_address>0x2000db6c</load_address>
         <run_address>0x2000db6c</run_address>
         <size>0x5c</size>
         <input_file_ref idref="fl-2c"/>
      </object_component>
      <object_component id="oc-106">
         <name>.text.PRCMHibernateWakeupSourceDisable</name>
         <load_address>0x2000dbc8</load_address>
         <run_address>0x2000dbc8</run_address>
         <size>0x5c</size>
         <input_file_ref idref="fl-27"/>
      </object_component>
      <object_component id="oc-12a">
         <name>.text.TimerCC32XX_allocateTimerResource</name>
         <load_address>0x2000dc24</load_address>
         <run_address>0x2000dc24</run_address>
         <size>0x5c</size>
         <input_file_ref idref="fl-19"/>
      </object_component>
      <object_component id="oc-ae">
         <name>.text.PRCMPeripheralClkEnable</name>
         <load_address>0x2000dc80</load_address>
         <run_address>0x2000dc80</run_address>
         <size>0x5a</size>
         <input_file_ref idref="fl-27"/>
      </object_component>
      <object_component id="oc-d6">
         <name>.text.Timer_init</name>
         <load_address>0x2000dcda</load_address>
         <run_address>0x2000dcda</run_address>
         <size>0x2</size>
         <input_file_ref idref="fl-18"/>
      </object_component>
      <object_component id="oc-18d">
         <name>.text.ClockP_startup</name>
         <load_address>0x2000dcdc</load_address>
         <run_address>0x2000dcdc</run_address>
         <size>0x58</size>
         <input_file_ref idref="fl-1d"/>
      </object_component>
      <object_component id="oc-184">
         <name>.text.IntPrioritySet</name>
         <load_address>0x2000dd34</load_address>
         <run_address>0x2000dd34</run_address>
         <size>0x58</size>
         <input_file_ref idref="fl-25"/>
      </object_component>
      <object_component id="oc-1a2">
         <name>.text.PRCMLPDSEnter</name>
         <load_address>0x2000dd8c</load_address>
         <run_address>0x2000dd8c</run_address>
         <size>0x56</size>
         <input_file_ref idref="fl-27"/>
      </object_component>
      <object_component id="oc-1b2">
         <name>.text.__aeabi_ldiv0</name>
         <load_address>0x2000dde2</load_address>
         <run_address>0x2000dde2</run_address>
         <size>0x2</size>
         <input_file_ref idref="fl-80"/>
      </object_component>
      <object_component id="oc-f9">
         <name>.text.GPIO_toggle</name>
         <load_address>0x2000dde4</load_address>
         <run_address>0x2000dde4</run_address>
         <size>0x54</size>
         <input_file_ref idref="fl-15"/>
      </object_component>
      <object_component id="oc-125">
         <name>.text.PowerCC32XX_setParkState</name>
         <load_address>0x2000de38</load_address>
         <run_address>0x2000de38</run_address>
         <size>0x54</size>
         <input_file_ref idref="fl-16"/>
      </object_component>
      <object_component id="oc-1aa">
         <name>.text.Power_releaseDependency</name>
         <load_address>0x2000de8c</load_address>
         <run_address>0x2000de8c</run_address>
         <size>0x54</size>
         <input_file_ref idref="fl-16"/>
      </object_component>
      <object_component id="oc-f7">
         <name>.text.GPIO_hwiIntFxn</name>
         <load_address>0x2000dee0</load_address>
         <run_address>0x2000dee0</run_address>
         <size>0x50</size>
         <input_file_ref idref="fl-15"/>
      </object_component>
      <object_component id="oc-105">
         <name>.text.PRCMHibernateWakeupSourceEnable</name>
         <load_address>0x2000df30</load_address>
         <run_address>0x2000df30</run_address>
         <size>0x50</size>
         <input_file_ref idref="fl-27"/>
      </object_component>
      <object_component id="oc-165">
         <name>.text.SemaphoreP_construct</name>
         <load_address>0x2000df80</load_address>
         <run_address>0x2000df80</run_address>
         <size>0x50</size>
         <input_file_ref idref="fl-1c"/>
      </object_component>
      <object_component id="oc-f4">
         <name>.text.GPIO_setInterruptConfig</name>
         <load_address>0x2000dfd0</load_address>
         <run_address>0x2000dfd0</run_address>
         <size>0x4c</size>
         <input_file_ref idref="fl-15"/>
      </object_component>
      <object_component id="oc-1b6">
         <name>.text.PRCMLPDSRestoreInfoSet</name>
         <load_address>0x2000e01c</load_address>
         <run_address>0x2000e01c</run_address>
         <size>0x4c</size>
         <input_file_ref idref="fl-27"/>
      </object_component>
      <object_component id="oc-12f">
         <name>.text.initHw</name>
         <load_address>0x2000e068</load_address>
         <run_address>0x2000e068</run_address>
         <size>0x4c</size>
         <input_file_ref idref="fl-19"/>
      </object_component>
      <object_component id="oc-12e">
         <name>.text.getPrescaler</name>
         <load_address>0x2000e0b4</load_address>
         <run_address>0x2000e0b4</run_address>
         <size>0x4a</size>
         <input_file_ref idref="fl-19"/>
      </object_component>
      <object_component id="oc-fa">
         <name>.text._nop</name>
         <load_address>0x2000e0fe</load_address>
         <run_address>0x2000e0fe</run_address>
         <size>0x2</size>
         <input_file_ref idref="fl-42"/>
      </object_component>
      <object_component id="oc-33">
         <name>.text.ClockP_sysTickHandler</name>
         <load_address>0x2000e100</load_address>
         <run_address>0x2000e100</run_address>
         <size>0x48</size>
         <input_file_ref idref="fl-1d"/>
      </object_component>
      <object_component id="oc-19c">
         <name>.text.PRCMIntEnable</name>
         <load_address>0x2000e148</load_address>
         <run_address>0x2000e148</run_address>
         <size>0x48</size>
         <input_file_ref idref="fl-27"/>
      </object_component>
      <object_component id="oc-140">
         <name>.text.PRCMPeripheralStatusGet</name>
         <load_address>0x2000e190</load_address>
         <run_address>0x2000e190</run_address>
         <size>0x48</size>
         <input_file_ref idref="fl-27"/>
      </object_component>
      <object_component id="oc-1b3">
         <name>.text.PinConfigGet</name>
         <load_address>0x2000e1d8</load_address>
         <run_address>0x2000e1d8</run_address>
         <size>0x48</size>
         <input_file_ref idref="fl-26"/>
      </object_component>
      <object_component id="oc-1a1">
         <name>.text.PRCMLPDSEnterKeepDebugIf</name>
         <load_address>0x2000e220</load_address>
         <run_address>0x2000e220</run_address>
         <size>0x46</size>
         <input_file_ref idref="fl-27"/>
      </object_component>
      <object_component id="oc-f3">
         <name>.text.GPIODirModeSet</name>
         <load_address>0x2000e266</load_address>
         <run_address>0x2000e266</run_address>
         <size>0x44</size>
         <input_file_ref idref="fl-23"/>
      </object_component>
      <object_component id="oc-32">
         <name>.text.busFaultHandler</name>
         <load_address>0x2000e2aa</load_address>
         <run_address>0x2000e2aa</run_address>
         <size>0x2</size>
         <input_file_ref idref="fl-20"/>
      </object_component>
      <object_component id="oc-144">
         <name>.text.GPIO_disableInt</name>
         <load_address>0x2000e2ac</load_address>
         <run_address>0x2000e2ac</run_address>
         <size>0x44</size>
         <input_file_ref idref="fl-15"/>
      </object_component>
      <object_component id="oc-9d">
         <name>.text.GPIO_enableInt</name>
         <load_address>0x2000e2f0</load_address>
         <run_address>0x2000e2f0</run_address>
         <size>0x44</size>
         <input_file_ref idref="fl-15"/>
      </object_component>
      <object_component id="oc-1bf">
         <name>.text.Power_releaseConstraint</name>
         <load_address>0x2000e334</load_address>
         <run_address>0x2000e334</run_address>
         <size>0x44</size>
         <input_file_ref idref="fl-16"/>
      </object_component>
      <object_component id="oc-e3">
         <name>.text.Timer_start</name>
         <load_address>0x2000e378</load_address>
         <run_address>0x2000e378</run_address>
         <size>0x44</size>
         <input_file_ref idref="fl-18"/>
      </object_component>
      <object_component id="oc-4b">
         <name>.text.addToList</name>
         <load_address>0x2000e3bc</load_address>
         <run_address>0x2000e3bc</run_address>
         <size>0x44</size>
         <input_file_ref idref="fl-1d"/>
      </object_component>
      <object_component id="oc-b6">
         <name>.text.PinModeSet</name>
         <load_address>0x2000e400</load_address>
         <run_address>0x2000e400</run_address>
         <size>0x42</size>
         <input_file_ref idref="fl-26"/>
      </object_component>
      <object_component id="oc-17b">
         <name>.text.TimerControlStall</name>
         <load_address>0x2000e442</load_address>
         <run_address>0x2000e442</run_address>
         <size>0x42</size>
         <input_file_ref idref="fl-2a"/>
      </object_component>
      <object_component id="oc-12d">
         <name>.text.Timer_close</name>
         <load_address>0x2000e484</load_address>
         <run_address>0x2000e484</run_address>
         <size>0x42</size>
         <input_file_ref idref="fl-19"/>
      </object_component>
      <object_component id="oc-154">
         <name>.text.getCountsRTC</name>
         <load_address>0x2000e4c6</load_address>
         <run_address>0x2000e4c6</run_address>
         <size>0x42</size>
         <input_file_ref idref="fl-1f"/>
      </object_component>
      <object_component id="oc-ca">
         <name>.text.SemaphoreP_post</name>
         <load_address>0x2000e508</load_address>
         <run_address>0x2000e508</run_address>
         <size>0x40</size>
         <input_file_ref idref="fl-1c"/>
      </object_component>
      <object_component id="oc-16e">
         <name>.text.Timer_stop</name>
         <load_address>0x2000e548</load_address>
         <run_address>0x2000e548</run_address>
         <size>0x40</size>
         <input_file_ref idref="fl-18"/>
      </object_component>
      <object_component id="oc-1b5">
         <name>.text.PinDirModeSet</name>
         <load_address>0x2000e588</load_address>
         <run_address>0x2000e588</run_address>
         <size>0x3e</size>
         <input_file_ref idref="fl-26"/>
      </object_component>
      <object_component id="oc-119">
         <name>.text.clkFxn</name>
         <load_address>0x2000e5c6</load_address>
         <run_address>0x2000e5c6</run_address>
         <size>0x2</size>
         <input_file_ref idref="fl-1c"/>
      </object_component>
      <object_component id="oc-169">
         <name>.text.ClockP_stop</name>
         <load_address>0x2000e5c8</load_address>
         <run_address>0x2000e5c8</run_address>
         <size>0x3c</size>
         <input_file_ref idref="fl-1d"/>
      </object_component>
      <object_component id="oc-96">
         <name>.text.initTimer</name>
         <load_address>0x2000e604</load_address>
         <run_address>0x2000e604</run_address>
         <size>0x3c</size>
         <input_file_ref idref="fl-1"/>
      </object_component>
      <object_component id="oc-73">
         <name>.text:__TI_auto_init_nobinit_nopinit</name>
         <load_address>0x2000e640</load_address>
         <run_address>0x2000e640</run_address>
         <size>0x3c</size>
         <input_file_ref idref="fl-3b"/>
      </object_component>
      <object_component id="oc-137">
         <name>.text.TimerSupport_timerEnable</name>
         <load_address>0x2000e67c</load_address>
         <run_address>0x2000e67c</run_address>
         <size>0x3a</size>
         <input_file_ref idref="fl-19"/>
      </object_component>
      <object_component id="oc-31">
         <name>.text.defaultHandler</name>
         <load_address>0x2000e6b6</load_address>
         <run_address>0x2000e6b6</run_address>
         <size>0x2</size>
         <input_file_ref idref="fl-20"/>
      </object_component>
      <object_component id="oc-118">
         <name>.text.ClockP_destruct</name>
         <load_address>0x2000e6b8</load_address>
         <run_address>0x2000e6b8</run_address>
         <size>0x38</size>
         <input_file_ref idref="fl-1d"/>
      </object_component>
      <object_component id="oc-180">
         <name>.text.Power_setConstraint</name>
         <load_address>0x2000e6f0</load_address>
         <run_address>0x2000e6f0</run_address>
         <size>0x38</size>
         <input_file_ref idref="fl-16"/>
      </object_component>
      <object_component id="oc-162">
         <name>.text.SwiP_restore</name>
         <load_address>0x2000e728</load_address>
         <run_address>0x2000e728</run_address>
         <size>0x38</size>
         <input_file_ref idref="fl-21"/>
      </object_component>
      <object_component id="oc-197">
         <name>.text.PinLock</name>
         <load_address>0x2000e760</load_address>
         <run_address>0x2000e760</run_address>
         <size>0x36</size>
         <input_file_ref idref="fl-26"/>
      </object_component>
      <object_component id="oc-134">
         <name>.text.TimerCC32XX_hwiIntFunction</name>
         <load_address>0x2000e796</load_address>
         <run_address>0x2000e796</run_address>
         <size>0x36</size>
         <input_file_ref idref="fl-19"/>
      </object_component>
      <object_component id="oc-115">
         <name>.text.ClockP_start</name>
         <load_address>0x2000e7cc</load_address>
         <run_address>0x2000e7cc</run_address>
         <size>0x34</size>
         <input_file_ref idref="fl-1d"/>
      </object_component>
      <object_component id="oc-1b4">
         <name>.text.PinDirModeGet</name>
         <load_address>0x2000e800</load_address>
         <run_address>0x2000e800</run_address>
         <size>0x34</size>
         <input_file_ref idref="fl-26"/>
      </object_component>
      <object_component id="oc-b1">
         <name>.text.PinModeGet</name>
         <load_address>0x2000e834</load_address>
         <run_address>0x2000e834</run_address>
         <size>0x34</size>
         <input_file_ref idref="fl-26"/>
      </object_component>
      <object_component id="oc-194">
         <name>.text.PowerCC32XX_parkPin</name>
         <load_address>0x2000e868</load_address>
         <run_address>0x2000e868</run_address>
         <size>0x34</size>
         <input_file_ref idref="fl-16"/>
      </object_component>
      <object_component id="oc-173">
         <name>.text.TimerCC32XX_freeTimerResource</name>
         <load_address>0x2000e89c</load_address>
         <run_address>0x2000e89c</run_address>
         <size>0x34</size>
         <input_file_ref idref="fl-19"/>
      </object_component>
      <object_component id="oc-2a">
         <name>.text.initVectors</name>
         <load_address>0x2000e8d0</load_address>
         <run_address>0x2000e8d0</run_address>
         <size>0x34</size>
         <input_file_ref idref="fl-20"/>
      </object_component>
      <object_component id="oc-151">
         <name>.text.ClockP_getTicksUntilInterrupt</name>
         <load_address>0x2000e904</load_address>
         <run_address>0x2000e904</run_address>
         <size>0x30</size>
         <input_file_ref idref="fl-1d"/>
      </object_component>
      <object_component id="oc-15b">
         <name>.text.PRCMLPDSIntervalSet</name>
         <load_address>0x2000e934</load_address>
         <run_address>0x2000e934</run_address>
         <size>0x30</size>
         <input_file_ref idref="fl-27"/>
      </object_component>
      <object_component id="oc-18e">
         <name>.text.PRCMSlowClkCtrFastGet</name>
         <load_address>0x2000e964</load_address>
         <run_address>0x2000e964</run_address>
         <size>0x30</size>
         <input_file_ref idref="fl-27"/>
      </object_component>
      <object_component id="oc-17a">
         <name>.text.TimerLoadSet</name>
         <load_address>0x2000e994</load_address>
         <run_address>0x2000e994</run_address>
         <size>0x30</size>
         <input_file_ref idref="fl-2a"/>
      </object_component>
      <object_component id="oc-179">
         <name>.text.TimerPrescaleSet</name>
         <load_address>0x2000e9c4</load_address>
         <run_address>0x2000e9c4</run_address>
         <size>0x30</size>
         <input_file_ref idref="fl-2a"/>
      </object_component>
      <object_component id="oc-192">
         <name>.text.notify</name>
         <load_address>0x2000e9f4</load_address>
         <run_address>0x2000e9f4</run_address>
         <size>0x30</size>
         <input_file_ref idref="fl-16"/>
      </object_component>
      <object_component id="oc-146">
         <name>.text.GPIOIntStatus</name>
         <load_address>0x2000ea24</load_address>
         <run_address>0x2000ea24</run_address>
         <size>0x2e</size>
         <input_file_ref idref="fl-23"/>
      </object_component>
      <object_component id="oc-f2">
         <name>.text.HwiP_create</name>
         <load_address>0x2000ea52</load_address>
         <run_address>0x2000ea52</run_address>
         <size>0x2a</size>
         <input_file_ref idref="fl-1e"/>
      </object_component>
      <object_component id="oc-103">
         <name>.text.PRCMLPDSWakeUpGPIOSelect</name>
         <load_address>0x2000ea7c</load_address>
         <run_address>0x2000ea7c</run_address>
         <size>0x2a</size>
         <input_file_ref idref="fl-27"/>
      </object_component>
      <object_component id="oc-b0">
         <name>.text.PRCMPeripheralClkDisable</name>
         <load_address>0x2000eaa6</load_address>
         <run_address>0x2000eaa6</run_address>
         <size>0x2a</size>
         <input_file_ref idref="fl-27"/>
      </object_component>
      <object_component id="oc-1a7">
         <name>.text.List_remove</name>
         <load_address>0x2000ead0</load_address>
         <run_address>0x2000ead0</run_address>
         <size>0x28</size>
         <input_file_ref idref="fl-1a"/>
      </object_component>
      <object_component id="oc-193">
         <name>.text.PRCMSRAMRetentionEnable</name>
         <load_address>0x2000eaf8</load_address>
         <run_address>0x2000eaf8</run_address>
         <size>0x28</size>
         <input_file_ref idref="fl-27"/>
      </object_component>
      <object_component id="oc-1a6">
         <name>.text.TimerSupport_timerDisable</name>
         <load_address>0x2000eb20</load_address>
         <run_address>0x2000eb20</run_address>
         <size>0x28</size>
         <input_file_ref idref="fl-19"/>
      </object_component>
      <object_component id="oc-168">
         <name>.text.free_list_insert</name>
         <load_address>0x2000eb48</load_address>
         <run_address>0x2000eb48</run_address>
         <size>0x28</size>
         <input_file_ref idref="fl-38"/>
      </object_component>
      <object_component id="oc-1c2">
         <name>.text.IntUnregister</name>
         <load_address>0x2000eb70</load_address>
         <run_address>0x2000eb70</run_address>
         <size>0x24</size>
         <input_file_ref idref="fl-25"/>
      </object_component>
      <object_component id="oc-11a">
         <name>.text.List_put</name>
         <load_address>0x2000eb94</load_address>
         <run_address>0x2000eb94</run_address>
         <size>0x24</size>
         <input_file_ref idref="fl-1a"/>
      </object_component>
      <object_component id="oc-101">
         <name>.text.PRCMLPDSWakeupSourceEnable</name>
         <load_address>0x2000ebb8</load_address>
         <run_address>0x2000ebb8</run_address>
         <size>0x24</size>
         <input_file_ref idref="fl-27"/>
      </object_component>
      <object_component id="oc-19e">
         <name>.text.PowerCC32XX_restoreParkedPin</name>
         <load_address>0x2000ebdc</load_address>
         <run_address>0x2000ebdc</run_address>
         <size>0x24</size>
         <input_file_ref idref="fl-16"/>
      </object_component>
      <object_component id="oc-c9">
         <name>.text.Power_registerNotify</name>
         <load_address>0x2000ec00</load_address>
         <run_address>0x2000ec00</run_address>
         <size>0x24</size>
         <input_file_ref idref="fl-16"/>
      </object_component>
      <object_component id="oc-44">
         <name>.text:_c_int00_noargs</name>
         <load_address>0x2000ec24</load_address>
         <run_address>0x2000ec24</run_address>
         <size>0x24</size>
         <input_file_ref idref="fl-39"/>
      </object_component>
      <object_component id="oc-e5">
         <name>.text.GPIOPinWrite</name>
         <load_address>0x2000ec48</load_address>
         <run_address>0x2000ec48</run_address>
         <size>0x22</size>
         <input_file_ref idref="fl-23"/>
      </object_component>
      <object_component id="oc-19d">
         <name>.text.PinUnlock</name>
         <load_address>0x2000ec6a</load_address>
         <run_address>0x2000ec6a</run_address>
         <size>0x22</size>
         <input_file_ref idref="fl-26"/>
      </object_component>
      <object_component id="oc-183">
         <name>.text.IntRegister</name>
         <load_address>0x2000ec8c</load_address>
         <run_address>0x2000ec8c</run_address>
         <size>0x20</size>
         <input_file_ref idref="fl-25"/>
      </object_component>
      <object_component id="oc-16f">
         <name>.text.Power_unregisterNotify</name>
         <load_address>0x2000ecac</load_address>
         <run_address>0x2000ecac</run_address>
         <size>0x20</size>
         <input_file_ref idref="fl-16"/>
      </object_component>
      <object_component id="oc-12b">
         <name>.text.SemaphoreP_constructBinary</name>
         <load_address>0x2000eccc</load_address>
         <run_address>0x2000eccc</run_address>
         <size>0x20</size>
         <input_file_ref idref="fl-1c"/>
      </object_component>
      <object_component id="oc-bf">
         <name>.text.SemaphoreP_createBinary</name>
         <load_address>0x2000ecec</load_address>
         <run_address>0x2000ecec</run_address>
         <size>0x20</size>
         <input_file_ref idref="fl-1c"/>
      </object_component>
      <object_component id="oc-174">
         <name>.text.TimerDisable</name>
         <load_address>0x2000ed0c</load_address>
         <run_address>0x2000ed0c</run_address>
         <size>0x20</size>
         <input_file_ref idref="fl-2a"/>
      </object_component>
      <object_component id="oc-98">
         <name>.text.GPIO_setCallback</name>
         <load_address>0x2000ed2c</load_address>
         <run_address>0x2000ed2c</run_address>
         <size>0x1c</size>
         <input_file_ref idref="fl-14"/>
      </object_component>
      <object_component id="oc-188">
         <name>.text.HwiP_dispatch</name>
         <load_address>0x2000ed48</load_address>
         <run_address>0x2000ed48</run_address>
         <size>0x1c</size>
         <input_file_ref idref="fl-1e"/>
      </object_component>
      <object_component id="oc-14a">
         <name>.text.SwiP_disable</name>
         <load_address>0x2000ed64</load_address>
         <run_address>0x2000ed64</run_address>
         <size>0x1c</size>
         <input_file_ref idref="fl-21"/>
      </object_component>
      <object_component id="oc-167">
         <name>.text.free_list_remove</name>
         <load_address>0x2000ed80</load_address>
         <run_address>0x2000ed80</run_address>
         <size>0x1c</size>
         <input_file_ref idref="fl-38"/>
      </object_component>
      <object_component id="oc-16c">
         <name>.text.getPowerMgrId</name>
         <load_address>0x2000ed9c</load_address>
         <run_address>0x2000ed9c</run_address>
         <size>0x1c</size>
         <input_file_ref idref="fl-19"/>
      </object_component>
      <object_component id="oc-19">
         <name>.text.resetISR</name>
         <load_address>0x2000edb8</load_address>
         <run_address>0x2000edb8</run_address>
         <size>0x1c</size>
         <input_file_ref idref="fl-20"/>
      </object_component>
      <object_component id="oc-189">
         <name>.text.GPIOIntDisable</name>
         <load_address>0x2000edd4</load_address>
         <run_address>0x2000edd4</run_address>
         <size>0x1a</size>
         <input_file_ref idref="fl-23"/>
      </object_component>
      <object_component id="oc-ad">
         <name>.text.PRCMHIBRegRead</name>
         <load_address>0x2000edee</load_address>
         <run_address>0x2000edee</run_address>
         <size>0x1a</size>
         <input_file_ref idref="fl-27"/>
      </object_component>
      <object_component id="oc-ac">
         <name>.text.PRCMHIBRegWrite</name>
         <load_address>0x2000ee08</load_address>
         <run_address>0x2000ee08</run_address>
         <size>0x1a</size>
         <input_file_ref idref="fl-27"/>
      </object_component>
      <object_component id="oc-102">
         <name>.text.PRCMLPDSWakeupSourceDisable</name>
         <load_address>0x2000ee22</load_address>
         <run_address>0x2000ee22</run_address>
         <size>0x1a</size>
         <input_file_ref idref="fl-27"/>
      </object_component>
      <object_component id="oc-196">
         <name>.text.PinToPadGet</name>
         <load_address>0x2000ee3c</load_address>
         <run_address>0x2000ee3c</run_address>
         <size>0x1a</size>
         <input_file_ref idref="fl-26"/>
      </object_component>
      <object_component id="oc-181">
         <name>.text.TimerEnable</name>
         <load_address>0x2000ee56</load_address>
         <run_address>0x2000ee56</run_address>
         <size>0x1a</size>
         <input_file_ref idref="fl-2a"/>
      </object_component>
      <object_component id="oc-ee">
         <name>.text.GPIOIntEnable</name>
         <load_address>0x2000ee70</load_address>
         <run_address>0x2000ee70</run_address>
         <size>0x18</size>
         <input_file_ref idref="fl-23"/>
      </object_component>
      <object_component id="oc-147">
         <name>.text.GPIOPinRead</name>
         <load_address>0x2000ee88</load_address>
         <run_address>0x2000ee88</run_address>
         <size>0x18</size>
         <input_file_ref idref="fl-23"/>
      </object_component>
      <object_component id="oc-10f">
         <name>.text.SemaphoreP_create</name>
         <load_address>0x2000eea0</load_address>
         <run_address>0x2000eea0</run_address>
         <size>0x18</size>
         <input_file_ref idref="fl-1c"/>
      </object_component>
      <object_component id="oc-5f">
         <name>.text.Board_init</name>
         <load_address>0x2000eeb8</load_address>
         <run_address>0x2000eeb8</run_address>
         <size>0x16</size>
         <input_file_ref idref="fl-2"/>
      </object_component>
      <object_component id="oc-15e">
         <name>.text.SysTickPeriodSet</name>
         <load_address>0x2000eece</load_address>
         <run_address>0x2000eece</run_address>
         <size>0x16</size>
         <input_file_ref idref="fl-29"/>
      </object_component>
      <object_component id="oc-1be">
         <name>.text.TimerIntDisable</name>
         <load_address>0x2000eee4</load_address>
         <run_address>0x2000eee4</run_address>
         <size>0x16</size>
         <input_file_ref idref="fl-2a"/>
      </object_component>
      <object_component id="oc-3b">
         <name>.text.CPUcpsid</name>
         <load_address>0x2000eefa</load_address>
         <run_address>0x2000eefa</run_address>
         <size>0x14</size>
         <input_file_ref idref="fl-22"/>
      </object_component>
      <object_component id="oc-126">
         <name>.text.CPUcpsie</name>
         <load_address>0x2000ef0e</load_address>
         <run_address>0x2000ef0e</run_address>
         <size>0x14</size>
         <input_file_ref idref="fl-22"/>
      </object_component>
      <object_component id="oc-1a9">
         <name>.text.HwiP_destruct</name>
         <load_address>0x2000ef22</load_address>
         <run_address>0x2000ef22</run_address>
         <size>0x14</size>
         <input_file_ref idref="fl-1e"/>
      </object_component>
      <object_component id="oc-42">
         <name>.text.IntVTableBaseSet</name>
         <load_address>0x2000ef36</load_address>
         <run_address>0x2000ef36</run_address>
         <size>0x14</size>
         <input_file_ref idref="fl-25"/>
      </object_component>
      <object_component id="oc-30">
         <name>.text.faultISR</name>
         <load_address>0x2000ef4a</load_address>
         <run_address>0x2000ef4a</run_address>
         <size>0x2</size>
         <input_file_ref idref="fl-20"/>
      </object_component>
      <object_component id="oc-121">
         <name>.text.Power_disablePolicy</name>
         <load_address>0x2000ef4c</load_address>
         <run_address>0x2000ef4c</run_address>
         <size>0x14</size>
         <input_file_ref idref="fl-16"/>
      </object_component>
      <object_component id="oc-152">
         <name>.text.Power_getTransitionLatency</name>
         <load_address>0x2000ef60</load_address>
         <run_address>0x2000ef60</run_address>
         <size>0x14</size>
         <input_file_ref idref="fl-16"/>
      </object_component>
      <object_component id="oc-166">
         <name>.text.Power_idleFunc</name>
         <load_address>0x2000ef74</load_address>
         <run_address>0x2000ef74</run_address>
         <size>0x14</size>
         <input_file_ref idref="fl-16"/>
      </object_component>
      <object_component id="oc-17f">
         <name>.text.TimerIntEnable</name>
         <load_address>0x2000ef88</load_address>
         <run_address>0x2000ef88</run_address>
         <size>0x14</size>
         <input_file_ref idref="fl-2a"/>
      </object_component>
      <object_component id="oc-155">
         <name>.text</name>
         <load_address>0x2000ef9c</load_address>
         <run_address>0x2000ef9c</run_address>
         <size>0x14</size>
         <input_file_ref idref="fl-7e"/>
      </object_component>
      <object_component id="oc-114">
         <name>.text.ClockP_add</name>
         <load_address>0x2000efb0</load_address>
         <run_address>0x2000efb0</run_address>
         <size>0x12</size>
         <input_file_ref idref="fl-1d"/>
      </object_component>
      <object_component id="oc-145">
         <name>.text.GPIOIntClear</name>
         <load_address>0x2000efc2</load_address>
         <run_address>0x2000efc2</run_address>
         <size>0x12</size>
         <input_file_ref idref="fl-23"/>
      </object_component>
      <object_component id="oc-f1">
         <name>.text.HwiP_Params_init</name>
         <load_address>0x2000efd4</load_address>
         <run_address>0x2000efd4</run_address>
         <size>0x12</size>
         <input_file_ref idref="fl-1e"/>
      </object_component>
      <object_component id="oc-171">
         <name>.text.HwiP_delete</name>
         <load_address>0x2000efe6</load_address>
         <run_address>0x2000efe6</run_address>
         <size>0x12</size>
         <input_file_ref idref="fl-1e"/>
      </object_component>
      <object_component id="oc-15f">
         <name>.text.SysTickEnable</name>
         <load_address>0x2000eff8</load_address>
         <run_address>0x2000eff8</run_address>
         <size>0x12</size>
         <input_file_ref idref="fl-29"/>
      </object_component>
      <object_component id="oc-156">
         <name>.text.SysTickIntDisable</name>
         <load_address>0x2000f00a</load_address>
         <run_address>0x2000f00a</run_address>
         <size>0x12</size>
         <input_file_ref idref="fl-29"/>
      </object_component>
      <object_component id="oc-160">
         <name>.text.SysTickIntEnable</name>
         <load_address>0x2000f01c</load_address>
         <run_address>0x2000f01c</run_address>
         <size>0x12</size>
         <input_file_ref idref="fl-29"/>
      </object_component>
      <object_component id="oc-4f">
         <name>.text:TI_memcpy_small</name>
         <load_address>0x2000f02e</load_address>
         <run_address>0x2000f02e</run_address>
         <size>0x12</size>
         <input_file_ref idref="fl-81"/>
      </object_component>
      <object_component id="oc-23">
         <name>.text:decompress:ZI:__TI_zero_init_nomemset</name>
         <load_address>0x2000f040</load_address>
         <run_address>0x2000f040</run_address>
         <size>0x12</size>
         <input_file_ref idref="fl-3e"/>
      </object_component>
      <object_component id="oc-2f">
         <name>.text.nmiISR</name>
         <load_address>0x2000f052</load_address>
         <run_address>0x2000f052</run_address>
         <size>0x2</size>
         <input_file_ref idref="fl-20"/>
      </object_component>
      <object_component id="oc-12c">
         <name>.text.ClockP_getCpuFreq</name>
         <load_address>0x2000f054</load_address>
         <run_address>0x2000f054</run_address>
         <size>0x10</size>
         <input_file_ref idref="fl-1d"/>
      </object_component>
      <object_component id="oc-153">
         <name>.text.ClockP_getSystemTicks</name>
         <load_address>0x2000f064</load_address>
         <run_address>0x2000f064</run_address>
         <size>0x10</size>
         <input_file_ref idref="fl-1d"/>
      </object_component>
      <object_component id="oc-15d">
         <name>.text.ClockP_setTicks</name>
         <load_address>0x2000f074</load_address>
         <run_address>0x2000f074</run_address>
         <size>0x10</size>
         <input_file_ref idref="fl-1d"/>
      </object_component>
      <object_component id="oc-120">
         <name>.text.HwiP_inISR</name>
         <load_address>0x2000f084</load_address>
         <run_address>0x2000f084</run_address>
         <size>0x10</size>
         <input_file_ref idref="fl-1e"/>
      </object_component>
      <object_component id="oc-117">
         <name>.text.Power_enablePolicy</name>
         <load_address>0x2000f094</load_address>
         <run_address>0x2000f094</run_address>
         <size>0x10</size>
         <input_file_ref idref="fl-16"/>
      </object_component>
      <object_component id="oc-17e">
         <name>.text.TimerIntClear</name>
         <load_address>0x2000f0a4</load_address>
         <run_address>0x2000f0a4</run_address>
         <size>0x10</size>
         <input_file_ref idref="fl-2a"/>
      </object_component>
      <object_component id="oc-db">
         <name>.text.Timer_Params_init</name>
         <load_address>0x2000f0b4</load_address>
         <run_address>0x2000f0b4</run_address>
         <size>0x10</size>
         <input_file_ref idref="fl-18"/>
      </object_component>
      <object_component id="oc-55">
         <name>.text.main</name>
         <load_address>0x2000f0c4</load_address>
         <run_address>0x2000f0c4</run_address>
         <size>0x10</size>
         <input_file_ref idref="fl-3"/>
      </object_component>
      <object_component id="oc-17">
         <name>.text:decompress:none</name>
         <load_address>0x2000f0d4</load_address>
         <run_address>0x2000f0d4</run_address>
         <size>0xe</size>
         <input_file_ref idref="fl-3f"/>
      </object_component>
      <object_component id="oc-1a3">
         <name>.text.CPUwfi</name>
         <load_address>0x2000f0e2</load_address>
         <run_address>0x2000f0e2</run_address>
         <size>0xc</size>
         <input_file_ref idref="fl-22"/>
      </object_component>
      <object_component id="oc-19f">
         <name>.text.PRCMLPDSWakeupCauseGet</name>
         <load_address>0x2000f0ee</load_address>
         <run_address>0x2000f0ee</run_address>
         <size>0xc</size>
         <input_file_ref idref="fl-27"/>
      </object_component>
      <object_component id="oc-150">
         <name>.text.Power_getConstraintMask</name>
         <load_address>0x2000f0fc</load_address>
         <run_address>0x2000f0fc</run_address>
         <size>0xc</size>
         <input_file_ref idref="fl-16"/>
      </object_component>
      <object_component id="oc-9f">
         <name>.text.gpioButtonFxn0</name>
         <load_address>0x2000f108</load_address>
         <run_address>0x2000f108</run_address>
         <size>0xc</size>
         <input_file_ref idref="fl-1"/>
      </object_component>
      <object_component id="oc-133">
         <name>.text.postNotifyFxn</name>
         <load_address>0x2000f114</load_address>
         <run_address>0x2000f114</run_address>
         <size>0xc</size>
         <input_file_ref idref="fl-19"/>
      </object_component>
      <object_component id="oc-116">
         <name>.text.ClockP_isActive</name>
         <load_address>0x2000f120</load_address>
         <run_address>0x2000f120</run_address>
         <size>0xa</size>
         <input_file_ref idref="fl-1d"/>
      </object_component>
      <object_component id="oc-25">
         <name>.text.IntMasterDisable</name>
         <load_address>0x2000f12a</load_address>
         <run_address>0x2000f12a</run_address>
         <size>0xa</size>
         <input_file_ref idref="fl-25"/>
      </object_component>
      <object_component id="oc-d2">
         <name>.text.IntMasterEnable</name>
         <load_address>0x2000f134</load_address>
         <run_address>0x2000f134</run_address>
         <size>0xa</size>
         <input_file_ref idref="fl-25"/>
      </object_component>
      <object_component id="oc-c5">
         <name>.text.HwiP_disable</name>
         <load_address>0x2000f13e</load_address>
         <run_address>0x2000f13e</run_address>
         <size>0x8</size>
         <input_file_ref idref="fl-1e"/>
      </object_component>
      <object_component id="oc-c6">
         <name>.text.HwiP_restore</name>
         <load_address>0x2000f146</load_address>
         <run_address>0x2000f146</run_address>
         <size>0x8</size>
         <input_file_ref idref="fl-1e"/>
      </object_component>
      <object_component id="oc-161">
         <name>.text.PRCMSleepEnter</name>
         <load_address>0x2000f14e</load_address>
         <run_address>0x2000f14e</run_address>
         <size>0x8</size>
         <input_file_ref idref="fl-27"/>
      </object_component>
      <object_component id="oc-a8">
         <name>.text.UtilsDelay</name>
         <load_address>0x2000f156</load_address>
         <run_address>0x2000f156</run_address>
         <size>0x8</size>
         <input_file_ref idref="fl-2b"/>
      </object_component>
      <object_component id="oc-139">
         <name>.text.greenLedOff</name>
         <load_address>0x2000f15e</load_address>
         <run_address>0x2000f15e</run_address>
         <size>0x8</size>
         <input_file_ref idref="fl-1"/>
      </object_component>
      <object_component id="oc-13b">
         <name>.text.greenLedOn</name>
         <load_address>0x2000f166</load_address>
         <run_address>0x2000f166</run_address>
         <size>0x8</size>
         <input_file_ref idref="fl-1"/>
      </object_component>
      <object_component id="oc-141">
         <name>.text.malloc</name>
         <load_address>0x2000f16e</load_address>
         <run_address>0x2000f16e</run_address>
         <size>0x8</size>
         <input_file_ref idref="fl-38"/>
      </object_component>
      <object_component id="oc-138">
         <name>.text.redLedOff</name>
         <load_address>0x2000f176</load_address>
         <run_address>0x2000f176</run_address>
         <size>0x8</size>
         <input_file_ref idref="fl-1"/>
      </object_component>
      <object_component id="oc-13a">
         <name>.text.redLedOn</name>
         <load_address>0x2000f17e</load_address>
         <run_address>0x2000f17e</run_address>
         <size>0x8</size>
         <input_file_ref idref="fl-1"/>
      </object_component>
      <object_component id="oc-a0">
         <name>.text.gpioButtonFxn1</name>
         <load_address>0x2000f186</load_address>
         <run_address>0x2000f186</run_address>
         <size>0x6</size>
         <input_file_ref idref="fl-1"/>
      </object_component>
      <object_component id="oc-170">
         <name>.text.HwiP_clearInterrupt</name>
         <load_address>0x2000f18c</load_address>
         <run_address>0x2000f18c</run_address>
         <size>0x4</size>
         <input_file_ref idref="fl-1e"/>
      </object_component>
      <object_component id="oc-8e">
         <name>.text.HwiP_enable</name>
         <load_address>0x2000f190</load_address>
         <run_address>0x2000f190</run_address>
         <size>0x4</size>
         <input_file_ref idref="fl-1e"/>
      </object_component>
      <object_component id="oc-1a4">
         <name>.text.HwiP_post</name>
         <load_address>0x2000f194</load_address>
         <run_address>0x2000f194</run_address>
         <size>0x4</size>
         <input_file_ref idref="fl-1e"/>
      </object_component>
      <object_component id="oc-1c7">
         <name>.text.IntDefaultHandler</name>
         <load_address>0x2000f198</load_address>
         <run_address>0x2000f198</run_address>
         <size>0x4</size>
         <input_file_ref idref="fl-25"/>
      </object_component>
      <object_component id="oc-64">
         <name>.text.NoRTOS_start</name>
         <load_address>0x2000f19c</load_address>
         <run_address>0x2000f19c</run_address>
         <size>0x4</size>
         <input_file_ref idref="fl-1b"/>
      </object_component>
      <object_component id="oc-c7">
         <name>.text.SemaphoreP_delete</name>
         <load_address>0x2000f1a0</load_address>
         <run_address>0x2000f1a0</run_address>
         <size>0x4</size>
         <input_file_ref idref="fl-1c"/>
      </object_component>
      <object_component id="oc-54">
         <name>.text._system_pre_init</name>
         <load_address>0x2000f1a4</load_address>
         <run_address>0x2000f1a4</run_address>
         <size>0x4</size>
         <input_file_ref idref="fl-3c"/>
      </object_component>
      <object_component id="oc-71">
         <name>.text:abort</name>
         <load_address>0x2000f1a8</load_address>
         <run_address>0x2000f1a8</run_address>
         <size>0x4</size>
         <input_file_ref idref="fl-41"/>
      </object_component>
      <object_component id="oc-22">
         <name>.text</name>
         <load_address>0x2000f1ac</load_address>
         <run_address>0x2000f1ac</run_address>
         <size>0x4</size>
         <input_file_ref idref="fl-7c"/>
      </object_component>
      <object_component id="oc-fe">
         <name>.rodata.g_ulPinToPadMap</name>
         <load_address>0x2000f838</load_address>
         <run_address>0x2000f838</run_address>
         <size>0x100</size>
         <input_file_ref idref="fl-26"/>
      </object_component>
      <object_component id="oc-1af">
         <name>.rodata.g_pulRegs</name>
         <load_address>0x2000f938</load_address>
         <run_address>0x2000f938</run_address>
         <size>0xd4</size>
         <input_file_ref idref="fl-25"/>
      </object_component>
      <object_component id="oc-fd">
         <name>.rodata.PRCM_PeriphRegsList</name>
         <load_address>0x2000fa0c</load_address>
         <run_address>0x2000fa0c</run_address>
         <size>0xa8</size>
         <input_file_ref idref="fl-27"/>
      </object_component>
      <object_component id="oc-bc">
         <name>.rodata.PowerCC32XX_config</name>
         <load_address>0x2000fab4</load_address>
         <run_address>0x2000fab4</run_address>
         <size>0x44</size>
         <input_file_ref idref="fl-2"/>
      </object_component>
      <object_component id="oc-ea">
         <name>.rodata.portConfigs</name>
         <load_address>0x2000faf8</load_address>
         <run_address>0x2000faf8</run_address>
         <size>0x28</size>
         <input_file_ref idref="fl-15"/>
      </object_component>
      <object_component id="oc-f5">
         <name>.rodata.pinTable</name>
         <load_address>0x2000fb20</load_address>
         <run_address>0x2000fb20</run_address>
         <size>0x21</size>
         <input_file_ref idref="fl-15"/>
      </object_component>
      <object_component id="oc-ce">
         <name>.rodata.GPIO_pinUpperBound</name>
         <load_address>0x2000fb41</load_address>
         <run_address>0x2000fb41</run_address>
         <size>0x1</size>
         <input_file_ref idref="fl-2"/>
      </object_component>
      <object_component id="oc-130">
         <name>.rodata.Timer_count</name>
         <load_address>0x2000fb42</load_address>
         <run_address>0x2000fb42</run_address>
         <size>0x1</size>
         <input_file_ref idref="fl-2"/>
      </object_component>
      <object_component id="oc-1c6">
         <name>.rodata.g_pulDisRegs</name>
         <load_address>0x2000fb44</load_address>
         <run_address>0x2000fb44</run_address>
         <size>0x18</size>
         <input_file_ref idref="fl-25"/>
      </object_component>
      <object_component id="oc-1b0">
         <name>.rodata.g_pulEnRegs</name>
         <load_address>0x2000fb5c</load_address>
         <run_address>0x2000fb5c</run_address>
         <size>0x18</size>
         <input_file_ref idref="fl-25"/>
      </object_component>
      <object_component id="oc-1c5">
         <name>.rodata.g_pulPendRegs</name>
         <load_address>0x2000fb74</load_address>
         <run_address>0x2000fb74</run_address>
         <size>0x18</size>
         <input_file_ref idref="fl-25"/>
      </object_component>
      <object_component id="oc-1c0">
         <name>.rodata.g_pulUnpendRegs</name>
         <load_address>0x2000fb8c</load_address>
         <run_address>0x2000fb8c</run_address>
         <size>0x18</size>
         <input_file_ref idref="fl-25"/>
      </object_component>
      <object_component id="oc-cd">
         <name>.rodata.GPIO_config</name>
         <load_address>0x2000fba4</load_address>
         <run_address>0x2000fba4</run_address>
         <size>0x10</size>
         <input_file_ref idref="fl-2"/>
      </object_component>
      <object_component id="oc-17d">
         <name>.rodata.timerCC32XXHWAttrs</name>
         <load_address>0x2000fbb4</load_address>
         <run_address>0x2000fbb4</run_address>
         <size>0x10</size>
         <input_file_ref idref="fl-2"/>
      </object_component>
      <object_component id="oc-13d">
         <name>.rodata.SOS</name>
         <load_address>0x2000fbc4</load_address>
         <run_address>0x2000fbc4</run_address>
         <size>0xc</size>
         <input_file_ref idref="fl-1"/>
      </object_component>
      <object_component id="oc-129">
         <name>.rodata.defaultParams</name>
         <load_address>0x2000fbd0</load_address>
         <run_address>0x2000fbd0</run_address>
         <size>0xc</size>
         <input_file_ref idref="fl-18"/>
      </object_component>
      <object_component id="oc-132">
         <name>.rodata.defaultParams</name>
         <load_address>0x2000fbdc</load_address>
         <run_address>0x2000fbdc</run_address>
         <size>0xc</size>
         <input_file_ref idref="fl-19"/>
      </object_component>
      <object_component id="oc-13c">
         <name>.rodata.OK</name>
         <load_address>0x2000fbe8</load_address>
         <run_address>0x2000fbe8</run_address>
         <size>0x8</size>
         <input_file_ref idref="fl-1"/>
      </object_component>
      <object_component id="oc-131">
         <name>.rodata.Timer_config</name>
         <load_address>0x2000fbf0</load_address>
         <run_address>0x2000fbf0</run_address>
         <size>0x8</size>
         <input_file_ref idref="fl-2"/>
      </object_component>
      <object_component id="oc-1fb">
         <name>.cinit..data.load</name>
         <load_address>0x2000fed0</load_address>
         <run_address>0x2000fed0</run_address>
         <size>0xd3</size>
      </object_component>
      <object_component id="oc-1f9">
         <name>__TI_handler_table</name>
         <load_address>0x2000ffa4</load_address>
         <run_address>0x2000ffa4</run_address>
         <size>0xc</size>
      </object_component>
      <object_component id="oc-1fc">
         <name>.cinit..bss.load</name>
         <load_address>0x2000ffb0</load_address>
         <run_address>0x2000ffb0</run_address>
         <size>0x8</size>
      </object_component>
      <object_component id="oc-1fa">
         <name>__TI_cinit_table</name>
         <load_address>0x2000ffb8</load_address>
         <run_address>0x2000ffb8</run_address>
         <size>0x10</size>
      </object_component>
      <object_component id="oc-f8">
         <name>.data..L_MergedGlobals</name>
         <load_address>0x2000f820</load_address>
         <run_address>0x2000f820</run_address>
         <size>0x5</size>
         <input_file_ref idref="fl-1"/>
      </object_component>
      <object_component id="oc-122">
         <name>.data.gpioPinConfigs</name>
         <load_address>0x2000f720</load_address>
         <run_address>0x2000f720</run_address>
         <size>0x84</size>
         <input_file_ref idref="fl-2"/>
      </object_component>
      <object_component id="oc-10e">
         <name>.data.parkInfo</name>
         <load_address>0x2000f628</load_address>
         <run_address>0x2000f628</run_address>
         <size>0xf8</size>
         <input_file_ref idref="fl-2"/>
      </object_component>
      <object_component id="oc-cc">
         <name>.data.initCalled</name>
         <load_address>0x2000f825</load_address>
         <run_address>0x2000f825</run_address>
         <size>0x1</size>
         <input_file_ref idref="fl-15"/>
      </object_component>
      <object_component id="oc-f6">
         <name>.data.portHwiCreatedBitMask</name>
         <load_address>0x2000f826</load_address>
         <run_address>0x2000f826</run_address>
         <size>0x1</size>
         <input_file_ref idref="fl-15"/>
      </object_component>
      <object_component id="oc-cb">
         <name>.data..L_MergedGlobals</name>
         <load_address>0x2000f7f0</load_address>
         <run_address>0x2000f7f0</run_address>
         <size>0x18</size>
         <input_file_ref idref="fl-15"/>
      </object_component>
      <object_component id="oc-bb">
         <name>.data.PowerCC32XX_module</name>
         <load_address>0x2000f4bc</load_address>
         <run_address>0x2000f4bc</run_address>
         <size>0x16c</size>
         <input_file_ref idref="fl-16"/>
      </object_component>
      <object_component id="oc-110">
         <name>.data..L_MergedGlobals</name>
         <load_address>0x2000f808</load_address>
         <run_address>0x2000f808</run_address>
         <size>0x10</size>
         <input_file_ref idref="fl-1c"/>
      </object_component>
      <object_component id="oc-164">
         <name>.data..L_MergedGlobals</name>
         <load_address>0x2000f818</load_address>
         <run_address>0x2000f818</run_address>
         <size>0x8</size>
         <input_file_ref idref="fl-1d"/>
      </object_component>
      <object_component id="oc-186">
         <name>.data.HwiP_swiPIntNum</name>
         <load_address>0x2000f828</load_address>
         <run_address>0x2000f828</run_address>
         <size>0x4</size>
         <input_file_ref idref="fl-1e"/>
      </object_component>
      <object_component id="oc-187">
         <name>.data.HwiP_dispatchTable</name>
         <load_address>0x2000f1b0</load_address>
         <run_address>0x2000f1b0</run_address>
         <size>0x30c</size>
         <input_file_ref idref="fl-1e"/>
      </object_component>
      <object_component id="oc-18a">
         <name>.data..L_MergedGlobals</name>
         <load_address>0x2000f7a4</load_address>
         <run_address>0x2000f7a4</run_address>
         <size>0x4c</size>
         <input_file_ref idref="fl-21"/>
      </object_component>
      <object_component id="oc-1ae">
         <name>.data.memory_is_initialized</name>
         <load_address>0x2000f834</load_address>
         <run_address>0x2000f834</run_address>
         <size>0x1</size>
         <input_file_ref idref="fl-38"/>
      </object_component>
      <object_component id="oc-a3">
         <name>.data._lock</name>
         <load_address>0x2000f82c</load_address>
         <run_address>0x2000f82c</run_address>
         <size>0x4</size>
         <input_file_ref idref="fl-42"/>
      </object_component>
      <object_component id="oc-a5">
         <name>.data._unlock</name>
         <load_address>0x2000f830</load_address>
         <run_address>0x2000f830</run_address>
         <size>0x4</size>
         <input_file_ref idref="fl-42"/>
      </object_component>
      <object_component id="oc-16d">
         <name>.bss.timerState.0</name>
         <uninitialized>true</uninitialized>
         <run_address>0x2000fec8</run_address>
         <size>0x4</size>
         <input_file_ref idref="fl-19"/>
      </object_component>
      <object_component id="oc-1b1">
         <name>.bss.sysTickPeriod</name>
         <uninitialized>true</uninitialized>
         <run_address>0x2000fec0</run_address>
         <size>0x4</size>
         <input_file_ref idref="fl-1d"/>
      </object_component>
      <object_component id="oc-1a5">
         <name>.bss.sys_free</name>
         <uninitialized>true</uninitialized>
         <run_address>0x2000fec4</run_address>
         <size>0x4</size>
         <input_file_ref idref="fl-38"/>
      </object_component>
      <object_component id="oc-123">
         <name>.common:gpioCallbackFunctions</name>
         <uninitialized>true</uninitialized>
         <run_address>0x2000fd24</run_address>
         <size>0x84</size>
      </object_component>
      <object_component id="oc-124">
         <name>.common:gpioUserArgs</name>
         <uninitialized>true</uninitialized>
         <run_address>0x2000fda8</run_address>
         <size>0x84</size>
      </object_component>
      <object_component id="oc-17c">
         <name>.common:timerCC32XXObjects</name>
         <uninitialized>true</uninitialized>
         <run_address>0x2000fe2c</run_address>
         <size>0x84</size>
      </object_component>
      <object_component id="oc-1a0">
         <name>.common:PowerCC32XX_contextSave</name>
         <uninitialized>true</uninitialized>
         <run_address>0x2000fbf8</run_address>
         <size>0x12c</size>
      </object_component>
      <object_component id="oc-4c">
         <name>.common:ClockP_ctrl</name>
         <uninitialized>true</uninitialized>
         <run_address>0x2000feb0</run_address>
         <size>0x10</size>
      </object_component>
      <object_component id="oc-20">
         <name>.sysmem</name>
         <uninitialized>true</uninitialized>
         <run_address>0x20004040</run_address>
         <size>0x10</size>
         <input_file_ref idref="fl-38"/>
      </object_component>
      <object_component id="oc-1ff">
         <name>.sysmem</name>
         <uninitialized>true</uninitialized>
         <run_address>0x20004040</run_address>
         <size>0x0</size>
      </object_component>
      <object_component id="oc-21">
         <name>.stack</name>
         <uninitialized>true</uninitialized>
         <run_address>0x20003000</run_address>
         <size>0x4</size>
         <input_file_ref idref="fl-39"/>
      </object_component>
      <object_component id="oc-1fe">
         <name>.stack</name>
         <uninitialized>true</uninitialized>
         <run_address>0x20003000</run_address>
         <size>0x0</size>
      </object_component>
      <object_component id="oc-1e">
         <name>.resetVecs</name>
         <load_address>0x20004000</load_address>
         <run_address>0x20004000</run_address>
         <size>0x40</size>
         <input_file_ref idref="fl-20"/>
      </object_component>
      <object_component id="oc-1f">
         <name>.ramVecs</name>
         <uninitialized>true</uninitialized>
         <run_address>0x20000000</run_address>
         <size>0x30c</size>
         <input_file_ref idref="fl-20"/>
      </object_component>
      <object_component id="oc-6b">
         <name>.debug_loc</name>
         <load_address>0x0</load_address>
         <run_address>0x0</run_address>
         <size>0x4e</size>
         <input_file_ref idref="fl-1"/>
      </object_component>
      <object_component id="oc-ed">
         <name>.debug_loc</name>
         <load_address>0x4e</load_address>
         <run_address>0x4e</run_address>
         <size>0x50</size>
         <input_file_ref idref="fl-14"/>
      </object_component>
      <object_component id="oc-89">
         <name>.debug_loc</name>
         <load_address>0x9e</load_address>
         <run_address>0x9e</run_address>
         <size>0x68e</size>
         <input_file_ref idref="fl-15"/>
      </object_component>
      <object_component id="oc-ba">
         <name>.debug_loc</name>
         <load_address>0x72c</load_address>
         <run_address>0x72c</run_address>
         <size>0xc99</size>
         <input_file_ref idref="fl-16"/>
      </object_component>
      <object_component id="oc-dc">
         <name>.debug_loc</name>
         <load_address>0x13c5</load_address>
         <run_address>0x13c5</run_address>
         <size>0x1cc</size>
         <input_file_ref idref="fl-18"/>
      </object_component>
      <object_component id="oc-e2">
         <name>.debug_loc</name>
         <load_address>0x1591</load_address>
         <run_address>0x1591</run_address>
         <size>0x648</size>
         <input_file_ref idref="fl-19"/>
      </object_component>
      <object_component id="oc-11d">
         <name>.debug_loc</name>
         <load_address>0x1bd9</load_address>
         <run_address>0x1bd9</run_address>
         <size>0x2ee</size>
         <input_file_ref idref="fl-1a"/>
      </object_component>
      <object_component id="oc-95">
         <name>.debug_loc</name>
         <load_address>0x1ec7</load_address>
         <run_address>0x1ec7</run_address>
         <size>0x33</size>
         <input_file_ref idref="fl-1b"/>
      </object_component>
      <object_component id="oc-c3">
         <name>.debug_loc</name>
[...]
         <value>0x2000e6b9</value>
         <object_component_ref idref="oc-118"/>
      </symbol>
      <symbol id="sm-1d4">
         <name>ClockP_doTick</name>
         <value>0x2000d38d</value>
         <object_component_ref idref="oc-163"/>
      </symbol>
      <symbol id="sm-1d5">
         <name>ClockP_getCpuFreq</name>
         <value>0x2000f055</value>
         <object_component_ref idref="oc-12c"/>
      </symbol>
      <symbol id="sm-1d6">
         <name>ClockP_getSystemTicks</name>
         <value>0x2000f065</value>
         <object_component_ref idref="oc-153"/>
      </symbol>
      <symbol id="sm-1d7">
         <name>ClockP_getTicksUntilInterrupt</name>
         <value>0x2000e905</value>
         <object_component_ref idref="oc-151"/>
      </symbol>
      <symbol id="sm-1d8">
         <name>ClockP_isActive</name>
         <value>0x2000f121</value>
         <object_component_ref idref="oc-116"/>
      </symbol>
      <symbol id="sm-1d9">
         <name>ClockP_setTicks</name>
         <value>0x2000f075</value>
         <object_component_ref idref="oc-15d"/>
      </symbol>
      <symbol id="sm-1da">
         <name>ClockP_tickPeriod</name>
         <value>0x2000f81c</value>
         <object_component_ref idref="oc-164"/>
      </symbol>
      <symbol id="sm-1ff">
         <name>HwiP_enable</name>
         <value>0x2000f191</value>
         <object_component_ref idref="oc-8e"/>
      </symbol>
      <symbol id="sm-200">
         <name>HwiP_disable</name>
         <value>0x2000f13f</value>
         <object_component_ref idref="oc-c5"/>
      </symbol>
      <symbol id="sm-201">
         <name>HwiP_restore</name>
         <value>0x2000f147</value>
         <object_component_ref idref="oc-c6"/>
      </symbol>
      <symbol id="sm-202">
         <name>HwiP_clearInterrupt</name>
         <value>0x2000f18d</value>
         <object_component_ref idref="oc-170"/>
      </symbol>
      <symbol id="sm-203">
         <name>HwiP_destruct</name>
         <value>0x2000ef23</value>
         <object_component_ref idref="oc-1a9"/>
      </symbol>
      <symbol id="sm-204">
         <name>HwiP_delete</name>
         <value>0x2000efe7</value>
         <object_component_ref idref="oc-171"/>
      </symbol>
      <symbol id="sm-205">
         <name>HwiP_dispatch</name>
         <value>0x2000ed49</value>
         <object_component_ref idref="oc-188"/>
      </symbol>
      <symbol id="sm-206">
         <name>HwiP_construct</name>
         <value>0x2000d6d9</value>
         <object_component_ref idref="oc-142"/>
      </symbol>
      <symbol id="sm-207">
         <name>HwiP_swiPIntNum</name>
         <value>0x2000f828</value>
         <object_component_ref idref="oc-186"/>
      </symbol>
      <symbol id="sm-208">
         <name>HwiP_Params_init</name>
         <value>0x2000efd5</value>
         <object_component_ref idref="oc-f1"/>
      </symbol>
      <symbol id="sm-209">
         <name>HwiP_create</name>
         <value>0x2000ea53</value>
         <object_component_ref idref="oc-f2"/>
      </symbol>
      <symbol id="sm-20a">
         <name>HwiP_post</name>
         <value>0x2000f195</value>
         <object_component_ref idref="oc-1a4"/>
      </symbol>
      <symbol id="sm-20b">
         <name>HwiP_inISR</name>
         <value>0x2000f085</value>
         <object_component_ref idref="oc-120"/>
      </symbol>
      <symbol id="sm-21b">
         <name>PowerCC32XX_initPolicy</name>
         <value>0x2000d427</value>
         <object_component_ref idref="oc-107"/>
      </symbol>
      <symbol id="sm-21c">
         <name>PowerCC32XX_sleepPolicy</name>
         <value>0x2000c8dd</value>
         <object_component_ref idref="oc-10c"/>
      </symbol>
      <symbol id="sm-239">
         <name>resetISR</name>
         <value>0x2000edb9</value>
         <object_component_ref idref="oc-19"/>
      </symbol>
      <symbol id="sm-23a">
         <name>initVectors</name>
         <value>0x2000e8d1</value>
         <object_component_ref idref="oc-2a"/>
      </symbol>
      <symbol id="sm-24f">
         <name>SwiP_disable</name>
         <value>0x2000ed65</value>
         <object_component_ref idref="oc-14a"/>
      </symbol>
      <symbol id="sm-250">
         <name>SwiP_restore</name>
         <value>0x2000e729</value>
         <object_component_ref idref="oc-162"/>
      </symbol>
      <symbol id="sm-267">
         <name>CPUcpsid</name>
         <value>0x2000eefb</value>
         <object_component_ref idref="oc-3b"/>
      </symbol>
      <symbol id="sm-268">
         <name>CPUcpsie</name>
         <value>0x2000ef0f</value>
         <object_component_ref idref="oc-126"/>
      </symbol>
      <symbol id="sm-269">
         <name>CPUwfi</name>
         <value>0x2000f0e3</value>
         <object_component_ref idref="oc-1a3"/>
      </symbol>
      <symbol id="sm-2a4">
         <name>GPIODirModeSet</name>
         <value>0x2000e267</value>
         <object_component_ref idref="oc-f3"/>
      </symbol>
      <symbol id="sm-2a5">
         <name>GPIOIntClear</name>
         <value>0x2000efc3</value>
         <object_component_ref idref="oc-145"/>
      </symbol>
      <symbol id="sm-2a6">
         <name>GPIOIntDisable</name>
         <value>0x2000edd5</value>
         <object_component_ref idref="oc-189"/>
      </symbol>
      <symbol id="sm-2a7">
         <name>GPIOIntEnable</name>
         <value>0x2000ee71</value>
         <object_component_ref idref="oc-ee"/>
      </symbol>
      <symbol id="sm-2a8">
         <name>GPIOIntStatus</name>
         <value>0x2000ea25</value>
         <object_component_ref idref="oc-146"/>
      </symbol>
      <symbol id="sm-2a9">
         <name>GPIOIntTypeSet</name>
         <value>0x2000d101</value>
         <object_component_ref idref="oc-143"/>
      </symbol>
      <symbol id="sm-2aa">
         <name>GPIOPinRead</name>
         <value>0x2000ee89</value>
         <object_component_ref idref="oc-147"/>
      </symbol>
      <symbol id="sm-2ab">
         <name>GPIOPinWrite</name>
         <value>0x2000ec49</value>
         <object_component_ref idref="oc-e5"/>
      </symbol>
      <symbol id="sm-2fb">
         <name>IntDisable</name>
         <value>0x2000cec1</value>
         <object_component_ref idref="oc-1c1"/>
      </symbol>
      <symbol id="sm-2fc">
         <name>IntEnable</name>
         <value>0x2000cf89</value>
         <object_component_ref idref="oc-185"/>
      </symbol>
      <symbol id="sm-2fd">
         <name>IntMasterDisable</name>
         <value>0x2000f12b</value>
         <object_component_ref idref="oc-25"/>
      </symbol>
      <symbol id="sm-2fe">
         <name>IntMasterEnable</name>
         <value>0x2000f135</value>
         <object_component_ref idref="oc-d2"/>
      </symbol>
      <symbol id="sm-2ff">
         <name>IntPendClear</name>
         <value>0x2000da45</value>
         <object_component_ref idref="oc-1a8"/>
      </symbol>
      <symbol id="sm-300">
         <name>IntPendSet</name>
         <value>0x2000d1ad</value>
         <object_component_ref idref="oc-1bd"/>
      </symbol>
      <symbol id="sm-301">
         <name>IntPrioritySet</name>
         <value>0x2000dd35</value>
         <object_component_ref idref="oc-184"/>
      </symbol>
      <symbol id="sm-302">
         <name>IntRegister</name>
         <value>0x2000ec8d</value>
         <object_component_ref idref="oc-183"/>
      </symbol>
      <symbol id="sm-303">
         <name>IntUnregister</name>
         <value>0x2000eb71</value>
         <object_component_ref idref="oc-1c2"/>
      </symbol>
      <symbol id="sm-304">
         <name>IntVTableBaseSet</name>
         <value>0x2000ef37</value>
         <object_component_ref idref="oc-42"/>
      </symbol>
      <symbol id="sm-34a">
         <name>PinConfigGet</name>
         <value>0x2000e1d9</value>
         <object_component_ref idref="oc-1b3"/>
      </symbol>
      <symbol id="sm-34b">
         <name>PinConfigSet</name>
         <value>0x2000d251</value>
         <object_component_ref idref="oc-ef"/>
      </symbol>
      <symbol id="sm-34c">
         <name>PinDirModeGet</name>
         <value>0x2000e801</value>
         <object_component_ref idref="oc-1b4"/>
      </symbol>
      <symbol id="sm-34d">
         <name>PinDirModeSet</name>
         <value>0x2000e589</value>
         <object_component_ref idref="oc-1b5"/>
      </symbol>
      <symbol id="sm-34e">
         <name>PinLock</name>
         <value>0x2000e761</value>
         <object_component_ref idref="oc-197"/>
      </symbol>
      <symbol id="sm-34f">
         <name>PinLockLevelSet</name>
         <value>0x2000d7c1</value>
         <object_component_ref idref="oc-195"/>
      </symbol>
      <symbol id="sm-350">
         <name>PinModeGet</name>
         <value>0x2000e835</value>
         <object_component_ref idref="oc-b1"/>
      </symbol>
      <symbol id="sm-351">
         <name>PinModeSet</name>
         <value>0x2000e401</value>
         <object_component_ref idref="oc-b6"/>
      </symbol>
      <symbol id="sm-352">
         <name>PinToPadGet</name>
         <value>0x2000ee3d</value>
         <object_component_ref idref="oc-196"/>
      </symbol>
      <symbol id="sm-353">
         <name>PinUnlock</name>
         <value>0x2000ec6b</value>
         <object_component_ref idref="oc-19d"/>
      </symbol>
      <symbol id="sm-405">
         <name>PRCMCC3200MCUInit</name>
         <value>0x2000c041</value>
         <object_component_ref idref="oc-7b"/>
      </symbol>
      <symbol id="sm-406">
         <name>PRCMHIBRegRead</name>
         <value>0x2000edef</value>
         <object_component_ref idref="oc-ad"/>
      </symbol>
      <symbol id="sm-407">
         <name>PRCMHIBRegWrite</name>
         <value>0x2000ee09</value>
         <object_component_ref idref="oc-ac"/>
      </symbol>
      <symbol id="sm-408">
         <name>PRCMHibernateWakeUpGPIOSelect</name>
         <value>0x2000d74d</value>
         <object_component_ref idref="oc-104"/>
      </symbol>
      <symbol id="sm-409">
         <name>PRCMHibernateWakeupSourceDisable</name>
         <value>0x2000dbc9</value>
         <object_component_ref idref="oc-106"/>
      </symbol>
      <symbol id="sm-40a">
         <name>PRCMHibernateWakeupSourceEnable</name>
         <value>0x2000df31</value>
         <object_component_ref idref="oc-105"/>
      </symbol>
      <symbol id="sm-40b">
         <name>PRCMIntEnable</name>
         <value>0x2000e149</value>
         <object_component_ref idref="oc-19c"/>
      </symbol>
      <symbol id="sm-40c">
         <name>PRCMLPDSEnter</name>
         <value>0x2000dd8d</value>
         <object_component_ref idref="oc-1a2"/>
      </symbol>
      <symbol id="sm-40d">
         <name>PRCMLPDSEnterKeepDebugIf</name>
         <value>0x2000e221</value>
         <object_component_ref idref="oc-1a1"/>
      </symbol>
      <symbol id="sm-40e">
         <name>PRCMLPDSIntervalSet</name>
         <value>0x2000e935</value>
         <object_component_ref idref="oc-15b"/>
      </symbol>
      <symbol id="sm-40f">
         <name>PRCMLPDSRestoreInfoSet</name>
         <value>0x2000e01d</value>
         <object_component_ref idref="oc-1b6"/>
      </symbol>
      <symbol id="sm-410">
         <name>PRCMLPDSWakeUpGPIOSelect</name>
         <value>0x2000ea7d</value>
         <object_component_ref idref="oc-103"/>
      </symbol>
      <symbol id="sm-411">
         <name>PRCMLPDSWakeupCauseGet</name>
         <value>0x2000f0ef</value>
         <object_component_ref idref="oc-19f"/>
      </symbol>
      <symbol id="sm-412">
         <name>PRCMLPDSWakeupSourceDisable</name>
         <value>0x2000ee23</value>
         <object_component_ref idref="oc-102"/>
      </symbol>
      <symbol id="sm-413">
         <name>PRCMLPDSWakeupSourceEnable</name>
         <value>0x2000ebb9</value>
         <object_component_ref idref="oc-101"/>
      </symbol>
      <symbol id="sm-414">
         <name>PRCMPeripheralClkDisable</name>
         <value>0x2000eaa7</value>
         <object_component_ref idref="oc-b0"/>
      </symbol>
      <symbol id="sm-415">
         <name>PRCMPeripheralClkEnable</name>
         <value>0x2000dc81</value>
         <object_component_ref idref="oc-ae"/>
      </symbol>
      <symbol id="sm-416">
         <name>PRCMPeripheralReset</name>
         <value>0x2000d971</value>
         <object_component_ref idref="oc-af"/>
      </symbol>
      <symbol id="sm-417">
         <name>PRCMPeripheralStatusGet</name>
         <value>0x2000e191</value>
         <object_component_ref idref="oc-140"/>
      </symbol>
      <symbol id="sm-418">
         <name>PRCMSRAMRetentionEnable</name>
         <value>0x2000eaf9</value>
         <object_component_ref idref="oc-193"/>
      </symbol>
      <symbol id="sm-419">
         <name>PRCMSleepEnter</name>
         <value>0x2000f14f</value>
         <object_component_ref idref="oc-161"/>
      </symbol>
      <symbol id="sm-41a">
         <name>PRCMSlowClkCtrFastGet</name>
         <value>0x2000e965</value>
         <object_component_ref idref="oc-18e"/>
      </symbol>
      <symbol id="sm-41b">
         <name>PRCMSysResetCauseGet</name>
         <value>0x2000d549</value>
         <object_component_ref idref="oc-a7"/>
      </symbol>
      <symbol id="sm-439">
         <name>SysTickEnable</name>
         <value>0x2000eff9</value>
         <object_component_ref idref="oc-15f"/>
      </symbol>
      <symbol id="sm-43a">
         <name>SysTickIntDisable</name>
         <value>0x2000f00b</value>
         <object_component_ref idref="oc-156"/>
      </symbol>
      <symbol id="sm-43b">
         <name>SysTickIntEnable</name>
         <value>0x2000f01d</value>
         <object_component_ref idref="oc-160"/>
      </symbol>
      <symbol id="sm-43c">
         <name>SysTickPeriodSet</name>
         <value>0x2000eecf</value>
         <object_component_ref idref="oc-15e"/>
      </symbol>
      <symbol id="sm-47b">
         <name>TimerControlStall</name>
         <value>0x2000e443</value>
         <object_component_ref idref="oc-17b"/>
      </symbol>
      <symbol id="sm-47c">
         <name>TimerDisable</name>
         <value>0x2000ed0d</value>
         <object_component_ref idref="oc-174"/>
      </symbol>
      <symbol id="sm-47d">
         <name>TimerEnable</name>
         <value>0x2000ee57</value>
         <object_component_ref idref="oc-181"/>
      </symbol>
      <symbol id="sm-47e">
         <name>TimerIntClear</name>
         <value>0x2000f0a5</value>
         <object_component_ref idref="oc-17e"/>
      </symbol>
      <symbol id="sm-47f">
         <name>TimerIntDisable</name>
         <value>0x2000eee5</value>
         <object_component_ref idref="oc-1be"/>
      </symbol>
      <symbol id="sm-480">
         <name>TimerIntEnable</name>
         <value>0x2000ef89</value>
         <object_component_ref idref="oc-17f"/>
      </symbol>
      <symbol id="sm-481">
         <name>TimerLoadSet</name>
         <value>0x2000e995</value>
         <object_component_ref idref="oc-17a"/>
      </symbol>
      <symbol id="sm-482">
         <name>TimerPrescaleSet</name>
         <value>0x2000e9c5</value>
         <object_component_ref idref="oc-179"/>
      </symbol>
      <symbol id="sm-48d">
         <name>UtilsDelay</name>
         <value>0x2000f157</value>
         <object_component_ref idref="oc-a8"/>
      </symbol>
      <symbol id="sm-4ba">
         <name>FlashDisable</name>
         <value>0x2000db6d</value>
         <object_component_ref idref="oc-1b8"/>
      </symbol>
      <symbol id="sm-4d4">
         <name>_sys_memory</name>
         <value>0x20004040</value>
         <object_component_ref idref="oc-20"/>
      </symbol>
      <symbol id="sm-4d5">
         <name>aligned_alloc</name>
         <value>0x2000ccb5</value>
         <object_component_ref idref="oc-182"/>
      </symbol>
      <symbol id="sm-4d6">
         <name>free</name>
         <value>0x2000cdc9</value>
         <object_component_ref idref="oc-113"/>
      </symbol>
      <symbol id="sm-4d7">
         <name>malloc</name>
         <value>0x2000f16f</value>
         <object_component_ref idref="oc-141"/>
      </symbol>
      <symbol id="sm-4d8">
         <name>memalign</name>
         <value>0x2000ccb5</value>
         <object_component_ref idref="oc-182"/>
      </symbol>
      <symbol id="sm-4dd">
         <name>__stack</name>
         <value>0x20003000</value>
         <object_component_ref idref="oc-21"/>
      </symbol>
      <symbol id="sm-4de">
         <name>_c_int00_noargs</name>
         <value>0x2000ec25</value>
         <object_component_ref idref="oc-44"/>
      </symbol>
      <symbol id="sm-4e4">
         <name>__TI_auto_init_nobinit_nopinit</name>
         <value>0x2000e641</value>
         <object_component_ref idref="oc-73"/>
      </symbol>
      <symbol id="sm-4e8">
         <name>_system_pre_init</name>
         <value>0x2000f1a5</value>
         <object_component_ref idref="oc-54"/>
      </symbol>
      <symbol id="sm-4ed">
         <name>__TI_zero_init_nomemset</name>
         <value>0x2000f041</value>
         <object_component_ref idref="oc-23"/>
      </symbol>
      <symbol id="sm-4f1">
         <name>__TI_decompress_none</name>
         <value>0x2000f0d5</value>
         <object_component_ref idref="oc-17"/>
      </symbol>
      <symbol id="sm-4f5">
         <name>__TI_decompress_lzss</name>
         <value>0x2000d9db</value>
         <object_component_ref idref="oc-16"/>
      </symbol>
      <symbol id="sm-4f9">
         <name>C$$EXIT</name>
         <value>0x2000f1a8</value>
         <object_component_ref idref="oc-71"/>
      </symbol>
      <symbol id="sm-4fa">
         <name>abort</name>
         <value>0x2000f1a9</value>
         <object_component_ref idref="oc-71"/>
      </symbol>
      <symbol id="sm-4fe">
         <name>_lock</name>
         <value>0x2000f82c</value>
         <object_component_ref idref="oc-a3"/>
      </symbol>
      <symbol id="sm-4ff">
         <name>_nop</name>
         <value>0x2000e0ff</value>
         <object_component_ref idref="oc-fa"/>
      </symbol>
      <symbol id="sm-500">
         <name>_unlock</name>
         <value>0x2000f830</value>
         <object_component_ref idref="oc-a5"/>
      </symbol>
      <symbol id="sm-503">
         <name>__aeabi_memcpy</name>
         <value>0x2000f1ad</value>
         <object_component_ref idref="oc-22"/>
      </symbol>
      <symbol id="sm-504">
         <name>__aeabi_memcpy4</name>
         <value>0x2000f1ad</value>
         <object_component_ref idref="oc-22"/>
      </symbol>
      <symbol id="sm-505">
         <name>__aeabi_memcpy8</name>
         <value>0x2000f1ad</value>
         <object_component_ref idref="oc-22"/>
      </symbol>
      <symbol id="sm-507">
         <name>__aeabi_uldivmod</name>
         <value>0x2000ef9d</value>
         <object_component_ref idref="oc-155"/>
      </symbol>
      <symbol id="sm-509">
         <name>__udivmoddi4</name>
         <value>0x2000d051</value>
         <object_component_ref idref="oc-18f"/>
      </symbol>
      <symbol id="sm-50d">
         <name>__aeabi_ldiv0</name>
         <value>0x2000dde3</value>
         <object_component_ref idref="oc-1b2"/>
      </symbol>
      <symbol id="sm-510">
         <name>TI_memcpy_small</name>
         <value>0x2000f02f</value>
         <object_component_ref idref="oc-4f"/>
      </symbol>
      <symbol id="sm-511">
         <name>__TI_static_base__</name>
         <value>0x2000fed0</value>
      </symbol>
      <symbol id="sm-514">
         <name>ITM_flush</name>
         <value>0x0</value>
      </symbol>
      <symbol id="sm-515">
         <name>ITM_restore</name>
         <value>0x0</value>
      </symbol>
      <symbol id="sm-516">
         <name>__mpu_init</name>
         <value>0x0</value>
      </symbol>
      <symbol id="sm-517">
         <name>_system_post_cinit</name>
         <value>0x0</value>
      </symbol>
   </symbol_table>
   <title>Link successful</title>
</link_info>
